Archive member included to satisfy reference by file (symbol)

C:\Users\winstona\Documents\CE4020\nucleo-f446re_stdperiph_lib\Debug\libnucleo-f446re_stdperiph_lib.a(misc.o)
                              src/tm_stm32f4_exti.o (NVIC_Init)
C:\Users\winstona\Documents\CE4020\nucleo-f446re_stdperiph_lib\Debug\libnucleo-f446re_stdperiph_lib.a(stm32f4xx_rcc.o)
                              src/tm_stm32f4_spi.o (RCC_GetClocksFreq)
C:\Users\winstona\Documents\CE4020\nucleo-f446re_stdperiph_lib\Debug\libnucleo-f446re_stdperiph_lib.a(stm32f4xx_spi.o)
                              src/tm_stm32f4_spi.o (SPI_Init)
C:\Users\winstona\Documents\CE4020\nucleo-f446re_stdperiph_lib\Debug\libnucleo-f446re_stdperiph_lib.a(stm32f4xx_usart.o)
                              src/tm_stm32f4_usart.o (USART_DeInit)
c:/ac6/systemworkbench/plugins/fr.ac6.mcu.externaltools.arm-none.win32_1.15.0.201708311556/tools/compiler/bin/../lib/gcc/arm-none-eabi/6.3.1/../../../../arm-none-eabi/lib/thumb/v7e-m/fpv4-sp/hard\libc.a(lib_a-errno.o)
                              src/syscalls.o (__errno)
c:/ac6/systemworkbench/plugins/fr.ac6.mcu.externaltools.arm-none.win32_1.15.0.201708311556/tools/compiler/bin/../lib/gcc/arm-none-eabi/6.3.1/../../../../arm-none-eabi/lib/thumb/v7e-m/fpv4-sp/hard\libc.a(lib_a-exit.o)
                              c:/ac6/systemworkbench/plugins/fr.ac6.mcu.externaltools.arm-none.win32_1.15.0.201708311556/tools/compiler/bin/../lib/gcc/arm-none-eabi/6.3.1/../../../../arm-none-eabi/lib/thumb/v7e-m/fpv4-sp/hard/crt0.o (exit)
c:/ac6/systemworkbench/plugins/fr.ac6.mcu.externaltools.arm-none.win32_1.15.0.201708311556/tools/compiler/bin/../lib/gcc/arm-none-eabi/6.3.1/../../../../arm-none-eabi/lib/thumb/v7e-m/fpv4-sp/hard\libc.a(lib_a-impure.o)
                              c:/ac6/systemworkbench/plugins/fr.ac6.mcu.externaltools.arm-none.win32_1.15.0.201708311556/tools/compiler/bin/../lib/gcc/arm-none-eabi/6.3.1/../../../../arm-none-eabi/lib/thumb/v7e-m/fpv4-sp/hard\libc.a(lib_a-exit.o) (_global_impure_ptr)
c:/ac6/systemworkbench/plugins/fr.ac6.mcu.externaltools.arm-none.win32_1.15.0.201708311556/tools/compiler/bin/../lib/gcc/arm-none-eabi/6.3.1/../../../../arm-none-eabi/lib/thumb/v7e-m/fpv4-sp/hard\libc.a(lib_a-init.o)
                              c:/ac6/systemworkbench/plugins/fr.ac6.mcu.externaltools.arm-none.win32_1.15.0.201708311556/tools/compiler/bin/../lib/gcc/arm-none-eabi/6.3.1/../../../../arm-none-eabi/lib/thumb/v7e-m/fpv4-sp/hard/crt0.o (__libc_init_array)
c:/ac6/systemworkbench/plugins/fr.ac6.mcu.externaltools.arm-none.win32_1.15.0.201708311556/tools/compiler/bin/../lib/gcc/arm-none-eabi/6.3.1/../../../../arm-none-eabi/lib/thumb/v7e-m/fpv4-sp/hard\libc.a(lib_a-malloc.o)
                              src/tm_stm32f4_delay.o (malloc)
c:/ac6/systemworkbench/plugins/fr.ac6.mcu.externaltools.arm-none.win32_1.15.0.201708311556/tools/compiler/bin/../lib/gcc/arm-none-eabi/6.3.1/../../../../arm-none-eabi/lib/thumb/v7e-m/fpv4-sp/hard\libc.a(lib_a-mallocr.o)
                              c:/ac6/systemworkbench/plugins/fr.ac6.mcu.externaltools.arm-none.win32_1.15.0.201708311556/tools/compiler/bin/../lib/gcc/arm-none-eabi/6.3.1/../../../../arm-none-eabi/lib/thumb/v7e-m/fpv4-sp/hard\libc.a(lib_a-malloc.o) (_malloc_r)
c:/ac6/systemworkbench/plugins/fr.ac6.mcu.externaltools.arm-none.win32_1.15.0.201708311556/tools/compiler/bin/../lib/gcc/arm-none-eabi/6.3.1/../../../../arm-none-eabi/lib/thumb/v7e-m/fpv4-sp/hard\libc.a(lib_a-memset.o)
                              c:/ac6/systemworkbench/plugins/fr.ac6.mcu.externaltools.arm-none.win32_1.15.0.201708311556/tools/compiler/bin/../lib/gcc/arm-none-eabi/6.3.1/../../../../arm-none-eabi/lib/thumb/v7e-m/fpv4-sp/hard/crt0.o (memset)
c:/ac6/systemworkbench/plugins/fr.ac6.mcu.externaltools.arm-none.win32_1.15.0.201708311556/tools/compiler/bin/../lib/gcc/arm-none-eabi/6.3.1/../../../../arm-none-eabi/lib/thumb/v7e-m/fpv4-sp/hard\libc.a(lib_a-mlock.o)
                              c:/ac6/systemworkbench/plugins/fr.ac6.mcu.externaltools.arm-none.win32_1.15.0.201708311556/tools/compiler/bin/../lib/gcc/arm-none-eabi/6.3.1/../../../../arm-none-eabi/lib/thumb/v7e-m/fpv4-sp/hard\libc.a(lib_a-mallocr.o) (__malloc_lock)
c:/ac6/systemworkbench/plugins/fr.ac6.mcu.externaltools.arm-none.win32_1.15.0.201708311556/tools/compiler/bin/../lib/gcc/arm-none-eabi/6.3.1/../../../../arm-none-eabi/lib/thumb/v7e-m/fpv4-sp/hard\libc.a(lib_a-sbrkr.o)
                              c:/ac6/systemworkbench/plugins/fr.ac6.mcu.externaltools.arm-none.win32_1.15.0.201708311556/tools/compiler/bin/../lib/gcc/arm-none-eabi/6.3.1/../../../../arm-none-eabi/lib/thumb/v7e-m/fpv4-sp/hard\libc.a(lib_a-mallocr.o) (_sbrk_r)
c:/ac6/systemworkbench/plugins/fr.ac6.mcu.externaltools.arm-none.win32_1.15.0.201708311556/tools/compiler/bin/../lib/gcc/arm-none-eabi/6.3.1/../../../../arm-none-eabi/lib/thumb/v7e-m/fpv4-sp/hard\libc.a(lib_a-sprintf.o)
                              src/main.o (sprintf)
[...]
Memory Configuration

Name             Origin             Length             Attributes
RAM              0x20000000         0x00020000         xrw
ROM              0x08000000         0x00080000         xr
*default*        0x00000000         0xffffffff

Linker script and memory map

LOAD c:/ac6/systemworkbench/plugins/fr.ac6.mcu.externaltools.arm-none.win32_1.15.0.201708311556/tools/compiler/bin/../lib/gcc/arm-none-eabi/6.3.1/thumb/v7e-m/fpv4-sp/hard/crti.o
LOAD c:/ac6/systemworkbench/plugins/fr.ac6.mcu.externaltools.arm-none.win32_1.15.0.201708311556/tools/compiler/bin/../lib/gcc/arm-none-eabi/6.3.1/thumb/v7e-m/fpv4-sp/hard/crtbegin.o
LOAD c:/ac6/systemworkbench/plugins/fr.ac6.mcu.externaltools.arm-none.win32_1.15.0.201708311556/tools/compiler/bin/../lib/gcc/arm-none-eabi/6.3.1/../../../../arm-none-eabi/lib/thumb/v7e-m/fpv4-sp/hard/crt0.o
LOAD src/main.o
LOAD src/stm32f4xx_it.o
LOAD src/syscalls.o
LOAD src/system_stm32f4xx.o
LOAD src/tm_stm32f4_delay.o
LOAD src/tm_stm32f4_exti.o
LOAD src/tm_stm32f4_gpio.o
LOAD src/tm_stm32f4_nrf24l01.o
LOAD src/tm_stm32f4_spi.o
LOAD src/tm_stm32f4_usart.o
LOAD startup/startup_stm32.o
LOAD C:\Users\winstona\Documents\CE4020\nucleo-f446re_stdperiph_lib\Debug\libnucleo-f446re_stdperiph_lib.a
LOAD c:/ac6/systemworkbench/plugins/fr.ac6.mcu.externaltools.arm-none.win32_1.15.0.201708311556/tools/compiler/bin/../lib/gcc/arm-none-eabi/6.3.1/../../../../arm-none-eabi/lib/thumb/v7e-m/fpv4-sp/hard\libm.a
START GROUP
LOAD c:/ac6/systemworkbench/plugins/fr.ac6.mcu.externaltools.arm-none.win32_1.15.0.201708311556/tools/compiler/bin/../lib/gcc/arm-none-eabi/6.3.1/thumb/v7e-m/fpv4-sp/hard\libgcc.a
LOAD c:/ac6/systemworkbench/plugins/fr.ac6.mcu.externaltools.arm-none.win32_1.15.0.201708311556/tools/compiler/bin/../lib/gcc/arm-none-eabi/6.3.1/../../../../arm-none-eabi/lib/thumb/v7e-m/fpv4-sp/hard\libc.a
END GROUP
LOAD c:/ac6/systemworkbench/plugins/fr.ac6.mcu.externaltools.arm-none.win32_1.15.0.201708311556/tools/compiler/bin/../lib/gcc/arm-none-eabi/6.3.1/thumb/v7e-m/fpv4-sp/hard/crtend.o
LOAD c:/ac6/systemworkbench/plugins/fr.ac6.mcu.externaltools.arm-none.win32_1.15.0.201708311556/tools/compiler/bin/../lib/gcc/arm-none-eabi/6.3.1/thumb/v7e-m/fpv4-sp/hard/crtn.o
                0x20020000                _estack = 0x20020000
                0x00000000                _Min_Heap_Size = 0x0
                0x00000400                _Min_Stack_Size = 0x400

.isr_vector     0x08000000      0x188
                0x08000000                . = ALIGN (0x4)
 *(.isr_vector)
 .isr_vector    0x08000000      0x188 startup/startup_stm32.o
                0x08000000                g_pfnVectors
                0x08000188                . = ALIGN (0x4)

.text           0x080001c0     0x6dd4
                0x080001c0                . = ALIGN (0x4)
 *(.text)
 .text          0x080001c0       0x6c c:/ac6/systemworkbench/plugins/fr.ac6.mcu.externaltools.arm-none.win32_1.15.0.201708311556/tools/compiler/bin/../lib/gcc/arm-none-eabi/6.3.1/thumb/v7e-m/fpv4-sp/hard/crtbegin.o
 *fill*         0x0800022c        0x4 
 .text          0x08000230       0xa0 c:/ac6/systemworkbench/plugins/fr.ac6.mcu.externaltools.arm-none.win32_1.15.0.201708311556/tools/compiler/bin/../lib/gcc/arm-none-eabi/6.3.1/../../../../arm-none-eabi/lib/thumb/v7e-m/fpv4-sp/hard\libc.a(lib_a-memchr.o)
                0x08000230                memchr
 .text          0x080002d0      0x134 c:/ac6/systemworkbench/plugins/fr.ac6.mcu.externaltools.arm-none.win32_1.15.0.201708311556/tools/compiler/bin/../lib/gcc/arm-none-eabi/6.3.1/../../../../arm-none-eabi/lib/thumb/v7e-m/fpv4-sp/hard\libc.a(lib_a-memcpy.o)
                0x080002d0                memcpy
 *fill*         0x08000404       0x3c 
 .text          0x08000440       0xdc c:/ac6/systemworkbench/plugins/fr.ac6.mcu.externaltools.arm-none.win32_1.15.0.201708311556/tools/compiler/bin/../lib/gcc/arm-none-eabi/6.3.1/../../../../arm-none-eabi/lib/thumb/v7e-m/fpv4-sp/hard\libc.a(lib_a-strlen.o)
                0x08000440                strlen
 .text          0x0800051c      0x370 c:/ac6/systemworkbench/plugins/fr.ac6.mcu.externaltools.arm-none.win32_1.15.0.201708311556/tools/compiler/bin/../lib/gcc/arm-none-eabi/6.3.1/thumb/v7e-m/fpv4-sp/hard\libgcc.a(_arm_addsubdf3.o)
                0x0800051c                __aeabi_drsub
                0x08000524                __aeabi_dsub
                0x08000524                __subdf3
                0x08000528                __aeabi_dadd
                0x08000528                __adddf3
                0x080007a0                __floatunsidf
                0x080007a0                __aeabi_ui2d
                0x080007c0                __floatsidf
                0x080007c0                __aeabi_i2d
                0x080007e4                __aeabi_f2d
                0x080007e4                __extendsfdf2
                0x08000820                __floatundidf
                0x08000820                __aeabi_ul2d
                0x08000830                __floatdidf
                0x08000830                __aeabi_l2d
 .text          0x0800088c      0x424 c:/ac6/systemworkbench/plugins/fr.ac6.mcu.externaltools.arm-none.win32_1.15.0.201708311556/tools/compiler/bin/../lib/gcc/arm-none-eabi/6.3.1/thumb/v7e-m/fpv4-sp/hard\libgcc.a(_arm_muldivdf3.o)
                0x0800088c                __aeabi_dmul
                0x0800088c                __muldf3
                0x08000ae0                __divdf3
                0x08000ae0                __aeabi_ddiv
 .text          0x08000cb0      0x110 c:/ac6/systemworkbench/plugins/fr.ac6.mcu.externaltools.arm-none.win32_1.15.0.201708311556/tools/compiler/bin/../lib/gcc/arm-none-eabi/6.3.1/thumb/v7e-m/fpv4-sp/hard\libgcc.a(_arm_cmpdf2.o)
                0x08000cb0                __gtdf2
                0x08000cb0                __gedf2
                0x08000cb8                __ltdf2
                0x08000cb8                __ledf2
                0x08000cc0                __nedf2
                0x08000cc0                __eqdf2
                0x08000cc0                __cmpdf2
                0x08000d3c                __aeabi_cdrcmple
                0x08000d4c                __aeabi_cdcmpeq
                0x08000d4c                __aeabi_cdcmple
                0x08000d5c                __aeabi_dcmpeq
                0x08000d70                __aeabi_dcmplt
                0x08000d84                __aeabi_dcmple
                0x08000d98                __aeabi_dcmpge
                0x08000dac                __aeabi_dcmpgt
 .text          0x08000dc0       0x2c c:/ac6/systemworkbench/plugins/fr.ac6.mcu.externaltools.arm-none.win32_1.15.0.201708311556/tools/compiler/bin/../lib/gcc/arm-none-eabi/6.3.1/thumb/v7e-m/fpv4-sp/hard\libgcc.a(_arm_unorddf2.o)
                0x08000dc0                __unorddf2
                0x08000dc0                __aeabi_dcmpun
 .text          0x08000dec       0x50 c:/ac6/systemworkbench/plugins/fr.ac6.mcu.externaltools.arm-none.win32_1.15.0.201708311556/tools/compiler/bin/../lib/gcc/arm-none-eabi/6.3.1/thumb/v7e-m/fpv4-sp/hard\libgcc.a(_arm_fixdfsi.o)
                0x08000dec                __aeabi_d2iz
                0x08000dec                __fixdfsi
 .text          0x08000e3c       0x30 c:/ac6/systemworkbench/plugins/fr.ac6.mcu.externaltools.arm-none.win32_1.15.0.201708311556/tools/compiler/bin/../lib/gcc/arm-none-eabi/6.3.1/thumb/v7e-m/fpv4-sp/hard\libgcc.a(_aeabi_uldivmod.o)
                0x08000e3c                __aeabi_uldivmod
 .text          0x08000e6c      0x2dc c:/ac6/systemworkbench/plugins/fr.ac6.mcu.externaltools.arm-none.win32_1.15.0.201708311556/tools/compiler/bin/../lib/gcc/arm-none-eabi/6.3.1/thumb/v7e-m/fpv4-sp/hard\libgcc.a(_udivmoddi4.o)
                0x08000e6c                __udivmoddi4
 .text          0x08001148        0x4 c:/ac6/systemworkbench/plugins/fr.ac6.mcu.externaltools.arm-none.win32_1.15.0.201708311556/tools/compiler/bin/../lib/gcc/arm-none-eabi/6.3.1/thumb/v7e-m/fpv4-sp/hard\libgcc.a(_dvmd_tls.o)
                0x08001148                __aeabi_idiv0
                0x08001148                __aeabi_ldiv0
 *(.text*)
 .text.main     0x0800114c      0x118 src/main.o
                0x0800114c                main
 .text.NMI_Handler
                0x08001264        0xe src/stm32f4xx_it.o
                0x08001264                NMI_Handler
 .text.HardFault_Handler
                0x08001272        0x6 src/stm32f4xx_it.o
                0x08001272                HardFault_Handler
 .text.MemManage_Handler
                0x08001278        0x6 src/stm32f4xx_it.o
                0x08001278                MemManage_Handler
 .text.BusFault_Handler
                0x0800127e        0x6 src/stm32f4xx_it.o
                0x0800127e                BusFault_Handler
 .text.UsageFault_Handler
                0x08001284        0x6 src/stm32f4xx_it.o
                0x08001284                UsageFault_Handler
 .text.SVC_Handler
                0x0800128a        0xe src/stm32f4xx_it.o
                0x0800128a                SVC_Handler
 .text.DebugMon_Handler
                0x08001298        0xe src/stm32f4xx_it.o
                0x08001298                DebugMon_Handler
 .text.PendSV_Handler
                0x080012a6        0xe src/stm32f4xx_it.o
                0x080012a6                PendSV_Handler
 .text.SysTick_Handler
                0x080012b4        0xc src/stm32f4xx_it.o
                0x080012b4                SysTick_Handler
 .text._sbrk    0x080012c0       0x58 src/syscalls.o
                0x080012c0                _sbrk
 .text.SystemInit
                0x08001318       0x6c src/system_stm32f4xx.o
                0x08001318                SystemInit
 .text.SetSysClock
                0x08001384      0x12c src/system_stm32f4xx.o
 .text.NVIC_SetPriority
                0x080014b0       0x54 src/tm_stm32f4_delay.o
 .text.SysTick_Config
                0x08001504       0x44 src/tm_stm32f4_delay.o
 .text.TimingDelay_Decrement
                0x08001548       0xf0 src/tm_stm32f4_delay.o
                0x08001548                TimingDelay_Decrement
 .text.TM_DELAY_Init
                0x08001638       0x50 src/tm_stm32f4_delay.o
                0x08001638                TM_DELAY_Init
 .text.TM_EXTI_Attach
                0x08001688      0x284 src/tm_stm32f4_exti.o
                0x08001688                TM_EXTI_Attach
 .text.TM_GPIO_Init
                0x0800190c       0x46 src/tm_stm32f4_gpio.o
                0x0800190c                TM_GPIO_Init
 .text.TM_GPIO_InitAlternate
                0x08001952       0xa6 src/tm_stm32f4_gpio.o
                0x08001952                TM_GPIO_InitAlternate
 .text.TM_GPIO_GetPinSource
                0x080019f8       0x30 src/tm_stm32f4_gpio.o
                0x080019f8                TM_GPIO_GetPinSource
 .text.TM_GPIO_GetPortSource
                0x08001a28       0x22 src/tm_stm32f4_gpio.o
                0x08001a28                TM_GPIO_GetPortSource
 *fill*         0x08001a4a        0x2 
 .text.TM_GPIO_INT_EnableClock
                0x08001a4c       0x30 src/tm_stm32f4_gpio.o
                0x08001a4c                TM_GPIO_INT_EnableClock
 .text.TM_GPIO_INT_Init
                0x08001a7c      0x10c src/tm_stm32f4_gpio.o
                0x08001a7c                TM_GPIO_INT_Init
 .text.TM_SPI_Send
                0x08001b88       0x76 src/tm_stm32f4_nrf24l01.o
 *fill*         0x08001bfe        0x2 
 .text.Delay    0x08001c00       0x5c src/tm_stm32f4_nrf24l01.o
 .text.Delayms  0x08001c5c       0x58 src/tm_stm32f4_nrf24l01.o
 .text.TM_NRF24L01_InitPins
                0x08001cb4       0x58 src/tm_stm32f4_nrf24l01.o
                0x08001cb4                TM_NRF24L01_InitPins
 .text.TM_NRF24L01_Init
                0x08001d0c      0x140 src/tm_stm32f4_nrf24l01.o
                0x08001d0c                TM_NRF24L01_Init
 .text.TM_NRF24L01_SetMyAddress
                0x08001e4c       0x30 src/tm_stm32f4_nrf24l01.o
                0x08001e4c                TM_NRF24L01_SetMyAddress
 .text.TM_NRF24L01_SetTxAddress
                0x08001e7c       0x24 src/tm_stm32f4_nrf24l01.o
                0x08001e7c                TM_NRF24L01_SetTxAddress
 .text.TM_NRF24L01_WriteRegister
                0x08001ea0       0x5c src/tm_stm32f4_nrf24l01.o
                0x08001ea0                TM_NRF24L01_WriteRegister
 .text.TM_NRF24L01_WriteRegisterMulti
                0x08001efc       0x60 src/tm_stm32f4_nrf24l01.o
                0x08001efc                TM_NRF24L01_WriteRegisterMulti
 .text.TM_NRF24L01_PowerUpTx
                0x08001f5c       0x1e src/tm_stm32f4_nrf24l01.o
                0x08001f5c                TM_NRF24L01_PowerUpTx
 *fill*         0x08001f7a        0x2 
 .text.TM_NRF24L01_PowerUpRx
                0x08001f7c       0x5c src/tm_stm32f4_nrf24l01.o
                0x08001f7c                TM_NRF24L01_PowerUpRx
 .text.TM_NRF24L01_Transmit
                0x08001fd8       0x8c src/tm_stm32f4_nrf24l01.o
                0x08001fd8                TM_NRF24L01_Transmit
 .text.TM_NRF24L01_SoftwareReset
                0x08002064      0x126 src/tm_stm32f4_nrf24l01.o
                0x08002064                TM_NRF24L01_SoftwareReset
 *fill*         0x0800218a        0x2 
 .text.TM_NRF24L01_SetChannel
                0x0800218c       0x38 src/tm_stm32f4_nrf24l01.o
                0x0800218c                TM_NRF24L01_SetChannel
 .text.TM_NRF24L01_SetRF
                0x080021c4       0x84 src/tm_stm32f4_nrf24l01.o
                0x080021c4                TM_NRF24L01_SetRF
 .text.TM_SPI_Init
                0x08002248       0xe0 src/tm_stm32f4_spi.o
                0x08002248                TM_SPI_Init
 .text.TM_SPI_WriteMulti
                0x08002328       0x8a src/tm_stm32f4_spi.o
                0x08002328                TM_SPI_WriteMulti
 .text.TM_SPI_InitCustomPinsCallback
                0x080023b2       0x18 src/tm_stm32f4_spi.o
                0x080023b2                TM_SPI_InitCustomPinsCallback
 *fill*         0x080023ca        0x2 
 .text.TM_SPIx_Init
                0x080023cc      0x188 src/tm_stm32f4_spi.o
 .text.TM_SPI1_INT_InitPins
                0x08002554       0x60 src/tm_stm32f4_spi.o
                0x08002554                TM_SPI1_INT_InitPins
 .text.TM_SPI2_INT_InitPins
                0x080025b4       0x98 src/tm_stm32f4_spi.o
                0x080025b4                TM_SPI2_INT_InitPins
 .text.TM_SPI3_INT_InitPins
                0x0800264c       0x64 src/tm_stm32f4_spi.o
                0x0800264c                TM_SPI3_INT_InitPins
 .text.TM_SPI4_INT_InitPins
                0x080026b0       0x60 src/tm_stm32f4_spi.o
                0x080026b0                TM_SPI4_INT_InitPins
 .text.TM_SPI5_INT_InitPins
                0x08002710       0x78 src/tm_stm32f4_spi.o
                0x08002710                TM_SPI5_INT_InitPins
 .text.TM_SPI6_INT_InitPins
                0x08002788       0x44 src/tm_stm32f4_spi.o
                0x08002788                TM_SPI6_INT_InitPins
 .text.TM_USART_Init
                0x080027cc      0x108 src/tm_stm32f4_usart.o
                0x080027cc                TM_USART_Init
 .text.TM_USART_Puts
                0x080028d4       0x5c src/tm_stm32f4_usart.o
                0x080028d4                TM_USART_Puts
 .text.TM_USART_InitCustomPinsCallback
                0x08002930       0x18 src/tm_stm32f4_usart.o
                0x08002930                TM_USART_InitCustomPinsCallback
 .text.TM_USART_INT_GetUsart
                0x08002948       0x90 src/tm_stm32f4_usart.o
                0x08002948                TM_USART_INT_GetUsart
 .text.TM_USART_INT_GetSubPriority
                0x080029d8       0x78 src/tm_stm32f4_usart.o
                0x080029d8                TM_USART_INT_GetSubPriority
 .text.TM_USART1_InitPins
                0x08002a50       0x64 src/tm_stm32f4_usart.o
                0x08002a50                TM_USART1_InitPins
 .text.TM_USART2_InitPins
                0x08002ab4       0x60 src/tm_stm32f4_usart.o
                0x08002ab4                TM_USART2_InitPins
 .text.TM_USART3_InitPins
                0x08002b14       0x84 src/tm_stm32f4_usart.o
                0x08002b14                TM_USART3_InitPins
 .text.TM_UART4_InitPins
                0x08002b98       0x64 src/tm_stm32f4_usart.o
                0x08002b98                TM_UART4_InitPins
 .text.TM_UART5_InitPins
                0x08002bfc       0x5c src/tm_stm32f4_usart.o
                0x08002bfc                TM_UART5_InitPins
 .text.TM_USART6_InitPins
                0x08002c58       0x64 src/tm_stm32f4_usart.o
                0x08002c58                TM_USART6_InitPins
 .text.TM_USART_INT_Init
                0x08002cbc      0x18c src/tm_stm32f4_usart.o
 .text.Reset_Handler
                0x08002e48       0x48 startup/startup_stm32.o
                0x08002e48                Reset_Handler
 .text.NVIC_Init
                0x08002e90       0xc4 C:\Users\winstona\Documents\CE4020\nucleo-f446re_stdperiph_lib\Debug\libnucleo-f446re_stdperiph_lib.a(misc.o)
                0x08002e90                NVIC_Init
 .text.RCC_GetClocksFreq
                0x08002f54      0x1f4 C:\Users\winstona\Documents\CE4020\nucleo-f446re_stdperiph_lib\Debug\libnucleo-f446re_stdperiph_lib.a(stm32f4xx_rcc.o)
                0x08002f54                RCC_GetClocksFreq
 .text.RCC_APB1PeriphResetCmd
                0x08003148       0x40 C:\Users\winstona\Documents\CE4020\nucleo-f446re_stdperiph_lib\Debug\libnucleo-f446re_stdperiph_lib.a(stm32f4xx_rcc.o)
                0x08003148                RCC_APB1PeriphResetCmd
 .text.RCC_APB2PeriphResetCmd
                0x08003188       0x40 C:\Users\winstona\Documents\CE4020\nucleo-f446re_stdperiph_lib\Debug\libnucleo-f446re_stdperiph_lib.a(stm32f4xx_rcc.o)
                0x08003188                RCC_APB2PeriphResetCmd
 .text.SPI_Init
                0x080031c8       0x88 C:\Users\winstona\Documents\CE4020\nucleo-f446re_stdperiph_lib\Debug\libnucleo-f446re_stdperiph_lib.a(stm32f4xx_spi.o)
                0x080031c8                SPI_Init
 .text.SPI_StructInit
                0x08003250       0x4a C:\Users\winstona\Documents\CE4020\nucleo-f446re_stdperiph_lib\Debug\libnucleo-f446re_stdperiph_lib.a(stm32f4xx_spi.o)
                0x08003250                SPI_StructInit
 *fill*         0x0800329a        0x2 
 .text.USART_DeInit
                0x0800329c      0x118 C:\Users\winstona\Documents\CE4020\nucleo-f446re_stdperiph_lib\Debug\libnucleo-f446re_stdperiph_lib.a(stm32f4xx_usart.o)
                0x0800329c                USART_DeInit
 .text.USART_Init
                0x080033b4      0x174 C:\Users\winstona\Documents\CE4020\nucleo-f446re_stdperiph_lib\Debug\libnucleo-f446re_stdperiph_lib.a(stm32f4xx_usart.o)
                0x080033b4                USART_Init
 .text.__errno  0x08003528        0xc c:/ac6/systemworkbench/plugins/fr.ac6.mcu.externaltools.arm-none.win32_1.15.0.201708311556/tools/compiler/bin/../lib/gcc/arm-none-eabi/6.3.1/../../../../arm-none-eabi/lib/thumb/v7e-m/fpv4-sp/hard\libc.a(lib_a-errno.o)
                0x08003528                __errno
 .text.__libc_init_array
                0x08003534       0x50 c:/ac6/systemworkbench/plugins/fr.ac6.mcu.externaltools.arm-none.win32_1.15.0.201708311556/tools/compiler/bin/../lib/gcc/arm-none-eabi/6.3.1/../../../../arm-none-eabi/lib/thumb/v7e-m/fpv4-sp/hard\libc.a(lib_a-init.o)
                0x08003534                __libc_init_array
 .text.malloc   0x08003584       0x10 c:/ac6/systemworkbench/plugins/fr.ac6.mcu.externaltools.arm-none.win32_1.15.0.201708311556/tools/compiler/bin/../lib/gcc/arm-none-eabi/6.3.1/../../../../arm-none-eabi/lib/thumb/v7e-m/fpv4-sp/hard\libc.a(lib_a-malloc.o)
                0x08003584                malloc
 .text._malloc_r
                0x08003594      0x560 c:/ac6/systemworkbench/plugins/fr.ac6.mcu.externaltools.arm-none.win32_1.15.0.201708311556/tools/compiler/bin/../lib/gcc/arm-none-eabi/6.3.1/../../../../arm-none-eabi/lib/thumb/v7e-m/fpv4-sp/hard\libc.a(lib_a-mallocr.o)
                0x08003594                _malloc_r
 .text.memset   0x08003af4       0x9c c:/ac6/systemworkbench/plugins/fr.ac6.mcu.externaltools.arm-none.win32_1.15.0.201708311556/tools/compiler/bin/../lib/gcc/arm-none-eabi/6.3.1/../../../../arm-none-eabi/lib/thumb/v7e-m/fpv4-sp/hard\libc.a(lib_a-memset.o)
                0x08003af4                memset
 .text.__malloc_lock
                0x08003b90        0xc c:/ac6/systemworkbench/plugins/fr.ac6.mcu.externaltools.arm-none.win32_1.15.0.201708311556/tools/compiler/bin/../lib/gcc/arm-none-eabi/6.3.1/../../../../arm-none-eabi/lib/thumb/v7e-m/fpv4-sp/hard\libc.a(lib_a-mlock.o)
                0x08003b90                __malloc_lock
 .text.__malloc_unlock
                0x08003b9c        0xc c:/ac6/systemworkbench/plugins/fr.ac6.mcu.externaltools.arm-none.win32_1.15.0.201708311556/tools/compiler/bin/../lib/gcc/arm-none-eabi/6.3.1/../../../../arm-none-eabi/lib/thumb/v7e-m/fpv4-sp/hard\libc.a(lib_a-mlock.o)
                0x08003b9c                __malloc_unlock
 .text._sbrk_r  0x08003ba8       0x24 c:/ac6/systemworkbench/plugins/fr.ac6.mcu.externaltools.arm-none.win32_1.15.0.201708311556/tools/compiler/bin/../lib/gcc/arm-none-eabi/6.3.1/../../../../arm-none-eabi/lib/thumb/v7e-m/fpv4-sp/hard\libc.a(lib_a-sbrkr.o)
                0x08003ba8                _sbrk_r
 .text.sprintf  0x08003bcc       0x4c c:/ac6/systemworkbench/plugins/fr.ac6.mcu.externaltools.arm-none.win32_1.15.0.201708311556/tools/compiler/bin/../lib/gcc/arm-none-eabi/6.3.1/../../../../arm-none-eabi/lib/thumb/v7e-m/fpv4-sp/hard\libc.a(lib_a-sprintf.o)
                0x08003bcc                sprintf
 .text._svfprintf_r
                0x08003c18     0x1494 c:/ac6/systemworkbench/plugins/fr.ac6.mcu.externaltools.arm-none.win32_1.15.0.201708311556/tools/compiler/bin/../lib/gcc/arm-none-eabi/6.3.1/../../../../arm-none-eabi/lib/thumb/v7e-m/fpv4-sp/hard\libc.a(lib_a-svfprintf.o)
                0x08003c18                _svfprintf_r
 .text.startup.register_fini
                0x080050ac       0x14 c:/ac6/systemworkbench/plugins/fr.ac6.mcu.externaltools.arm-none.win32_1.15.0.201708311556/tools/compiler/bin/../lib/gcc/arm-none-eabi/6.3.1/../../../../arm-none-eabi/lib/thumb/v7e-m/fpv4-sp/hard\libc.a(lib_a-__call_atexit.o)
 .text.atexit   0x080050c0        0xc c:/ac6/systemworkbench/plugins/fr.ac6.mcu.externaltools.arm-none.win32_1.15.0.201708311556/tools/compiler/bin/../lib/gcc/arm-none-eabi/6.3.1/../../../../arm-none-eabi/lib/thumb/v7e-m/fpv4-sp/hard\libc.a(lib_a-atexit.o)
                0x080050c0                atexit
 .text.quorem   0x080050cc      0x128 c:/ac6/systemworkbench/plugins/fr.ac6.mcu.externaltools.arm-none.win32_1.15.0.201708311556/tools/compiler/bin/../lib/gcc/arm-none-eabi/6.3.1/../../../../arm-none-eabi/lib/thumb/v7e-m/fpv4-sp/hard\libc.a(lib_a-dtoa.o)
 *fill*         0x080051f4        0x4 
 .text._dtoa_r  0x080051f8      0xe4c c:/ac6/systemworkbench/plugins/fr.ac6.mcu.externaltools.arm-none.win32_1.15.0.201708311556/tools/compiler/bin/../lib/gcc/arm-none-eabi/6.3.1/../../../../arm-none-eabi/lib/thumb/v7e-m/fpv4-sp/hard\libc.a(lib_a-dtoa.o)
                0x080051f8                _dtoa_r
 .text.__libc_fini_array
                0x08006044       0x34 c:/ac6/systemworkbench/plugins/fr.ac6.mcu.externaltools.arm-none.win32_1.15.0.201708311556/tools/compiler/bin/../lib/gcc/arm-none-eabi/6.3.1/../../../../arm-none-eabi/lib/thumb/v7e-m/fpv4-sp/hard\libc.a(lib_a-fini.o)
                0x08006044                __libc_fini_array
 .text._malloc_trim_r
                0x08006078       0xa0 c:/ac6/systemworkbench/plugins/fr.ac6.mcu.externaltools.arm-none.win32_1.15.0.201708311556/tools/compiler/bin/../lib/gcc/arm-none-eabi/6.3.1/../../../../arm-none-eabi/lib/thumb/v7e-m/fpv4-sp/hard\libc.a(lib_a-freer.o)
                0x08006078                _malloc_trim_r
 .text._free_r  0x08006118      0x1cc c:/ac6/systemworkbench/plugins/fr.ac6.mcu.externaltools.arm-none.win32_1.15.0.201708311556/tools/compiler/bin/../lib/gcc/arm-none-eabi/6.3.1/../../../../arm-none-eabi/lib/thumb/v7e-m/fpv4-sp/hard\libc.a(lib_a-freer.o)
                0x08006118                _free_r
 .text._localeconv_r
                0x080062e4       0x1c c:/ac6/systemworkbench/plugins/fr.ac6.mcu.externaltools.arm-none.win32_1.15.0.201708311556/tools/compiler/bin/../lib/gcc/arm-none-eabi/6.3.1/../../../../arm-none-eabi/lib/thumb/v7e-m/fpv4-sp/hard\libc.a(lib_a-localeconv.o)
                0x080062e4                _localeconv_r
 .text.__retarget_lock_acquire_recursive
                0x08006300        0x4 c:/ac6/systemworkbench/plugins/fr.ac6.mcu.externaltools.arm-none.win32_1.15.0.201708311556/tools/compiler/bin/../lib/gcc/arm-none-eabi/6.3.1/../../../../arm-none-eabi/lib/thumb/v7e-m/fpv4-sp/hard\libc.a(lib_a-lock.o)
                0x08006300                __retarget_lock_acquire_recursive
 .text.__retarget_lock_release_recursive
                0x08006304        0x4 c:/ac6/systemworkbench/plugins/fr.ac6.mcu.externaltools.arm-none.win32_1.15.0.201708311556/tools/compiler/bin/../lib/gcc/arm-none-eabi/6.3.1/../../../../arm-none-eabi/lib/thumb/v7e-m/fpv4-sp/hard\libc.a(lib_a-lock.o)
                0x08006304                __retarget_lock_release_recursive
 .text._Balloc  0x08006308       0x4c c:/ac6/systemworkbench/plugins/fr.ac6.mcu.externaltools.arm-none.win32_1.15.0.201708311556/tools/compiler/bin/../lib/gcc/arm-none-eabi/6.3.1/../../../../arm-none-eabi/lib/thumb/v7e-m/fpv4-sp/hard\libc.a(lib_a-mprec.o)
                0x08006308                _Balloc
 .text._Bfree   0x08006354       0x14 c:/ac6/systemworkbench/plugins/fr.ac6.mcu.externaltools.arm-none.win32_1.15.0.201708311556/tools/compiler/bin/../lib/gcc/arm-none-eabi/6.3.1/../../../../arm-none-eabi/lib/thumb/v7e-m/fpv4-sp/hard\libc.a(lib_a-mprec.o)
                0x08006354                _Bfree
 .text.__multadd
                0x08006368       0x80 c:/ac6/systemworkbench/plugins/fr.ac6.mcu.externaltools.arm-none.win32_1.15.0.201708311556/tools/compiler/bin/../lib/gcc/arm-none-eabi/6.3.1/../../../../arm-none-eabi/lib/thumb/v7e-m/fpv4-sp/hard\libc.a(lib_a-mprec.o)
                0x08006368                __multadd
 .text.__hi0bits
                0x080063e8       0x40 c:/ac6/systemworkbench/plugins/fr.ac6.mcu.externaltools.arm-none.win32_1.15.0.201708311556/tools/compiler/bin/../lib/gcc/arm-none-eabi/6.3.1/../../../../arm-none-eabi/lib/thumb/v7e-m/fpv4-sp/hard\libc.a(lib_a-mprec.o)
                0x080063e8                __hi0bits
 .text.__lo0bits
                0x08006428       0x60 c:/ac6/systemworkbench/plugins/fr.ac6.mcu.externaltools.arm-none.win32_1.15.0.201708311556/tools/compiler/bin/../lib/gcc/arm-none-eabi/6.3.1/../../../../arm-none-eabi/lib/thumb/v7e-m/fpv4-sp/hard\libc.a(lib_a-mprec.o)
                0x08006428                __lo0bits
 .text.__i2b    0x08006488       0x14 c:/ac6/systemworkbench/plugins/fr.ac6.mcu.externaltools.arm-none.win32_1.15.0.201708311556/tools/compiler/bin/../lib/gcc/arm-none-eabi/6.3.1/../../../../arm-none-eabi/lib/thumb/v7e-m/fpv4-sp/hard\libc.a(lib_a-mprec.o)
                0x08006488                __i2b
 .text.__multiply
                0x0800649c      0x124 c:/ac6/systemworkbench/plugins/fr.ac6.mcu.externaltools.arm-none.win32_1.15.0.201708311556/tools/compiler/bin/../lib/gcc/arm-none-eabi/6.3.1/../../../../arm-none-eabi/lib/thumb/v7e-m/fpv4-sp/hard\libc.a(lib_a-mprec.o)
                0x0800649c                __multiply
 .text.__pow5mult
                0x080065c0       0xa0 c:/ac6/systemworkbench/plugins/fr.ac6.mcu.externaltools.arm-none.win32_1.15.0.201708311556/tools/compiler/bin/../lib/gcc/arm-none-eabi/6.3.1/../../../../arm-none-eabi/lib/thumb/v7e-m/fpv4-sp/hard\libc.a(lib_a-mprec.o)
                0x080065c0                __pow5mult
 .text.__lshift
                0x08006660       0xa4 c:/ac6/systemworkbench/plugins/fr.ac6.mcu.externaltools.arm-none.win32_1.15.0.201708311556/tools/compiler/bin/../lib/gcc/arm-none-eabi/6.3.1/../../../../arm-none-eabi/lib/thumb/v7e-m/fpv4-sp/hard\libc.a(lib_a-mprec.o)
                0x08006660                __lshift
 .text.__mcmp   0x08006704       0x38 c:/ac6/systemworkbench/plugins/fr.ac6.mcu.externaltools.arm-none.win32_1.15.0.201708311556/tools/compiler/bin/../lib/gcc/arm-none-eabi/6.3.1/../../../../arm-none-eabi/lib/thumb/v7e-m/fpv4-sp/hard\libc.a(lib_a-mprec.o)
                0x08006704                __mcmp
 .text.__mdiff  0x0800673c      0x108 c:/ac6/systemworkbench/plugins/fr.ac6.mcu.externaltools.arm-none.win32_1.15.0.201708311556/tools/compiler/bin/../lib/gcc/arm-none-eabi/6.3.1/../../../../arm-none-eabi/lib/thumb/v7e-m/fpv4-sp/hard\libc.a(lib_a-mprec.o)
                0x0800673c                __mdiff
 .text.__d2b    0x08006844       0xbc c:/ac6/systemworkbench/plugins/fr.ac6.mcu.externaltools.arm-none.win32_1.15.0.201708311556/tools/compiler/bin/../lib/gcc/arm-none-eabi/6.3.1/../../../../arm-none-eabi/lib/thumb/v7e-m/fpv4-sp/hard\libc.a(lib_a-mprec.o)
                0x08006844                __d2b
 .text.__ssprint_r
                0x08006900       0xfc c:/ac6/systemworkbench/plugins/fr.ac6.mcu.externaltools.arm-none.win32_1.15.0.201708311556/tools/compiler/bin/../lib/gcc/arm-none-eabi/6.3.1/../../../../arm-none-eabi/lib/thumb/v7e-m/fpv4-sp/hard\libc.a(lib_a-svfiprintf.o)
                0x08006900                __ssprint_r
 .text.__register_exitproc
                0x080069fc       0xc4 c:/ac6/systemworkbench/plugins/fr.ac6.mcu.externaltools.arm-none.win32_1.15.0.201708311556/tools/compiler/bin/../lib/gcc/arm-none-eabi/6.3.1/../../../../arm-none-eabi/lib/thumb/v7e-m/fpv4-sp/hard\libc.a(lib_a-__atexit.o)
                0x080069fc                __register_exitproc
 .text._calloc_r
                0x08006ac0       0x60 c:/ac6/systemworkbench/plugins/fr.ac6.mcu.externaltools.arm-none.win32_1.15.0.201708311556/tools/compiler/bin/../lib/gcc/arm-none-eabi/6.3.1/../../../../arm-none-eabi/lib/thumb/v7e-m/fpv4-sp/hard\libc.a(lib_a-callocr.o)
                0x08006ac0                _calloc_r
 .text.__ascii_mbtowc
                0x08006b20       0x2c c:/ac6/systemworkbench/plugins/fr.ac6.mcu.externaltools.arm-none.win32_1.15.0.201708311556/tools/compiler/bin/../lib/gcc/arm-none-eabi/6.3.1/../../../../arm-none-eabi/lib/thumb/v7e-m/fpv4-sp/hard\libc.a(lib_a-mbtowc_r.o)
                0x08006b20                __ascii_mbtowc
 .text.memmove  0x08006b4c       0xc8 c:/ac6/systemworkbench/plugins/fr.ac6.mcu.externaltools.arm-none.win32_1.15.0.201708311556/tools/compiler/bin/../lib/gcc/arm-none-eabi/6.3.1/../../../../arm-none-eabi/lib/thumb/v7e-m/fpv4-sp/hard\libc.a(lib_a-memmove.o)
                0x08006b4c                memmove
 .text._realloc_r
                0x08006c14      0x34c c:/ac6/systemworkbench/plugins/fr.ac6.mcu.externaltools.arm-none.win32_1.15.0.201708311556/tools/compiler/bin/../lib/gcc/arm-none-eabi/6.3.1/../../../../arm-none-eabi/lib/thumb/v7e-m/fpv4-sp/hard\libc.a(lib_a-reallocr.o)
                0x08006c14                _realloc_r
 .text.__ascii_wctomb
                0x08006f60       0x1c c:/ac6/systemworkbench/plugins/fr.ac6.mcu.externaltools.arm-none.win32_1.15.0.201708311556/tools/compiler/bin/../lib/gcc/arm-none-eabi/6.3.1/../../../../arm-none-eabi/lib/thumb/v7e-m/fpv4-sp/hard\libc.a(lib_a-wctomb_r.o)
                0x08006f60                __ascii_wctomb
 *(.glue_7)
 .glue_7        0x08006f7c        0x0 linker stubs
 *(.glue_7t)
 .glue_7t       0x08006f7c        0x0 linker stubs
 *(.eh_frame)
 .eh_frame      0x08006f7c        0x0 c:/ac6/systemworkbench/plugins/fr.ac6.mcu.externaltools.arm-none.win32_1.15.0.201708311556/tools/compiler/bin/../lib/gcc/arm-none-eabi/6.3.1/thumb/v7e-m/fpv4-sp/hard/crtbegin.o
 *(.init)
 .init          0x08006f7c        0x4 c:/ac6/systemworkbench/plugins/fr.ac6.mcu.externaltools.arm-none.win32_1.15.0.201708311556/tools/compiler/bin/../lib/gcc/arm-none-eabi/6.3.1/thumb/v7e-m/fpv4-sp/hard/crti.o
                0x08006f7c                _init
 .init          0x08006f80        0x8 c:/ac6/systemworkbench/plugins/fr.ac6.mcu.externaltools.arm-none.win32_1.15.0.201708311556/tools/compiler/bin/../lib/gcc/arm-none-eabi/6.3.1/thumb/v7e-m/fpv4-sp/hard/crtn.o
 *(.fini)
 .fini          0x08006f88        0x4 c:/ac6/systemworkbench/plugins/fr.ac6.mcu.externaltools.arm-none.win32_1.15.0.201708311556/tools/compiler/bin/../lib/gcc/arm-none-eabi/6.3.1/thumb/v7e-m/fpv4-sp/hard/crti.o
                0x08006f88                _fini
 .fini          0x08006f8c        0x8 c:/ac6/systemworkbench/plugins/fr.ac6.mcu.externaltools.arm-none.win32_1.15.0.201708311556/tools/compiler/bin/../lib/gcc/arm-none-eabi/6.3.1/thumb/v7e-m/fpv4-sp/hard/crtn.o
                0x08006f94                . = ALIGN (0x4)
                0x08006f94                _etext = .

.vfp11_veneer   0x08006f94        0x0
 .vfp11_veneer  0x08006f94        0x0 linker stubs

.v4_bx          0x08006f94        0x0
 .v4_bx         0x08006f94        0x0 linker stubs

.iplt           0x08006f94        0x0
 .iplt          0x08006f94        0x0 c:/ac6/systemworkbench/plugins/fr.ac6.mcu.externaltools.arm-none.win32_1.15.0.201708311556/tools/compiler/bin/../lib/gcc/arm-none-eabi/6.3.1/thumb/v7e-m/fpv4-sp/hard/crtbegin.o

.rodata         0x08006f98      0x2c8
                0x08006f98                . = ALIGN (0x4)
 *(.rodata)
 .rodata        0x08006f98       0x3e src/main.o
 *(.rodata*)
 *fill*         0x08006fd6        0x2 
 .rodata._global_impure_ptr
                0x08006fd8        0x4 c:/ac6/systemworkbench/plugins/fr.ac6.mcu.externaltools.arm-none.win32_1.15.0.201708311556/tools/compiler/bin/../lib/gcc/arm-none-eabi/6.3.1/../../../../arm-none-eabi/lib/thumb/v7e-m/fpv4-sp/hard\libc.a(lib_a-impure.o)
                0x08006fd8                _global_impure_ptr
 .rodata._svfprintf_r.str1.4
                0x08006fdc       0x42 c:/ac6/systemworkbench/plugins/fr.ac6.mcu.externaltools.arm-none.win32_1.15.0.201708311556/tools/compiler/bin/../lib/gcc/arm-none-eabi/6.3.1/../../../../arm-none-eabi/lib/thumb/v7e-m/fpv4-sp/hard\libc.a(lib_a-svfprintf.o)
 *fill*         0x0800701e        0x2 
 .rodata.blanks.8346
                0x08007020       0x10 c:/ac6/systemworkbench/plugins/fr.ac6.mcu.externaltools.arm-none.win32_1.15.0.201708311556/tools/compiler/bin/../lib/gcc/arm-none-eabi/6.3.1/../../../../arm-none-eabi/lib/thumb/v7e-m/fpv4-sp/hard\libc.a(lib_a-svfprintf.o)
 .rodata.zeroes.8347
                0x08007030       0x10 c:/ac6/systemworkbench/plugins/fr.ac6.mcu.externaltools.arm-none.win32_1.15.0.201708311556/tools/compiler/bin/../lib/gcc/arm-none-eabi/6.3.1/../../../../arm-none-eabi/lib/thumb/v7e-m/fpv4-sp/hard\libc.a(lib_a-svfprintf.o)
 .rodata._dtoa_r.str1.4
                0x08007040       0x10 c:/ac6/systemworkbench/plugins/fr.ac6.mcu.externaltools.arm-none.win32_1.15.0.201708311556/tools/compiler/bin/../lib/gcc/arm-none-eabi/6.3.1/../../../../arm-none-eabi/lib/thumb/v7e-m/fpv4-sp/hard\libc.a(lib_a-dtoa.o)
                                 0x12 (size before relaxing)
 .rodata.__mprec_bigtens
                0x08007050       0x28 c:/ac6/systemworkbench/plugins/fr.ac6.mcu.externaltools.arm-none.win32_1.15.0.201708311556/tools/compiler/bin/../lib/gcc/arm-none-eabi/6.3.1/../../../../arm-none-eabi/lib/thumb/v7e-m/fpv4-sp/hard\libc.a(lib_a-mprec.o)
                0x08007050                __mprec_bigtens
 .rodata.__mprec_tens
                0x08007078       0xc8 c:/ac6/systemworkbench/plugins/fr.ac6.mcu.externaltools.arm-none.win32_1.15.0.201708311556/tools/compiler/bin/../lib/gcc/arm-none-eabi/6.3.1/../../../../arm-none-eabi/lib/thumb/v7e-m/fpv4-sp/hard\libc.a(lib_a-mprec.o)
                0x08007078                __mprec_tens
 .rodata.p05.7178
                0x08007140        0xc c:/ac6/systemworkbench/plugins/fr.ac6.mcu.externaltools.arm-none.win32_1.15.0.201708311556/tools/compiler/bin/../lib/gcc/arm-none-eabi/6.3.1/../../../../arm-none-eabi/lib/thumb/v7e-m/fpv4-sp/hard\libc.a(lib_a-mprec.o)
 .rodata._setlocale_r.str1.4
                0x0800714c        0xa c:/ac6/systemworkbench/plugins/fr.ac6.mcu.externaltools.arm-none.win32_1.15.0.201708311556/tools/compiler/bin/../lib/gcc/arm-none-eabi/6.3.1/../../../../arm-none-eabi/lib/thumb/v7e-m/fpv4-sp/hard\libc.a(lib_a-locale.o)
                                  0xd (size before relaxing)
 *fill*         0x08007156        0x2 
 .rodata.str1.4
                0x08007158        0x4 c:/ac6/systemworkbench/plugins/fr.ac6.mcu.externaltools.arm-none.win32_1.15.0.201708311556/tools/compiler/bin/../lib/gcc/arm-none-eabi/6.3.1/../../../../arm-none-eabi/lib/thumb/v7e-m/fpv4-sp/hard\libc.a(lib_a-locale.o)
                                  0x2 (size before relaxing)
 .rodata._ctype_
                0x0800715c      0x101 c:/ac6/systemworkbench/plugins/fr.ac6.mcu.externaltools.arm-none.win32_1.15.0.201708311556/tools/compiler/bin/../lib/gcc/arm-none-eabi/6.3.1/../../../../arm-none-eabi/lib/thumb/v7e-m/fpv4-sp/hard\libc.a(lib_a-ctype_.o)
                0x0800715c                _ctype_
                0x08007260                . = ALIGN (0x4)
 *fill*         0x0800725d        0x3 

.ARM.extab      0x08007260        0x0
                0x08007260                . = ALIGN (0x4)
 *(.ARM.extab* .gnu.linkonce.armextab.*)
                0x08007260                . = ALIGN (0x4)

.ARM            0x08007260        0x8
                0x08007260                . = ALIGN (0x4)
                0x08007260                __exidx_start = .
 *(.ARM.exidx*)
 .ARM.exidx     0x08007260        0x8 c:/ac6/systemworkbench/plugins/fr.ac6.mcu.externaltools.arm-none.win32_1.15.0.201708311556/tools/compiler/bin/../lib/gcc/arm-none-eabi/6.3.1/thumb/v7e-m/fpv4-sp/hard\libgcc.a(_udivmoddi4.o)
                0x08007268                __exidx_end = .
                0x08007268                . = ALIGN (0x4)

.rel.dyn        0x08007268        0x0
 .rel.iplt      0x08007268        0x0 c:/ac6/systemworkbench/plugins/fr.ac6.mcu.externaltools.arm-none.win32_1.15.0.201708311556/tools/compiler/bin/../lib/gcc/arm-none-eabi/6.3.1/thumb/v7e-m/fpv4-sp/hard/crtbegin.o

.preinit_array  0x08007268        0x0
                0x08007268                . = ALIGN (0x4)
                0x08007268                PROVIDE (__preinit_array_start, .)
 *(.preinit_array*)
                0x08007268                PROVIDE (__preinit_array_end, .)
                0x08007268                . = ALIGN (0x4)

.init_array     0x08007268        0x8
                0x08007268                . = ALIGN (0x4)
                0x08007268                PROVIDE (__init_array_start, .)
 *(SORT(.init_array.*))
 .init_array.00000
                0x08007268        0x4 c:/ac6/systemworkbench/plugins/fr.ac6.mcu.externaltools.arm-none.win32_1.15.0.201708311556/tools/compiler/bin/../lib/gcc/arm-none-eabi/6.3.1/../../../../arm-none-eabi/lib/thumb/v7e-m/fpv4-sp/hard\libc.a(lib_a-__call_atexit.o)
 *(.init_array*)
 .init_array    0x0800726c        0x4 c:/ac6/systemworkbench/plugins/fr.ac6.mcu.externaltools.arm-none.win32_1.15.0.201708311556/tools/compiler/bin/../lib/gcc/arm-none-eabi/6.3.1/thumb/v7e-m/fpv4-sp/hard/crtbegin.o
                0x08007270                PROVIDE (__init_array_end, .)
                0x08007270                . = ALIGN (0x4)

.fini_array     0x08007270        0x4
                0x08007270                . = ALIGN (0x4)
                0x08007270                PROVIDE (__fini_array_start, .)
 *(SORT(.fini_array.*))
 *(.fini_array*)
 .fini_array    0x08007270        0x4 c:/ac6/systemworkbench/plugins/fr.ac6.mcu.externaltools.arm-none.win32_1.15.0.201708311556/tools/compiler/bin/../lib/gcc/arm-none-eabi/6.3.1/thumb/v7e-m/fpv4-sp/hard/crtbegin.o
                0x08007274                PROVIDE (__fini_array_end, .)
                0x08007274                . = ALIGN (0x4)
                0x08007274                _sidata = LOADADDR (.data)

.data           0x20000000      0xa40 load address 0x08007274
                0x20000000                . = ALIGN (0x4)
                0x20000000                _sdata = .
 *(.data)
 .data          0x20000000        0xd src/main.o
                0x20000000                MyAddress
                0x20000008                TxAddress
 *fill*         0x2000000d        0x3 
 .data          0x20000010       0x14 src/system_stm32f4xx.o
                0x20000010                SystemCoreClock
                0x20000014                AHBPrescTable
 .data          0x20000024       0x60 src/tm_stm32f4_usart.o
                0x20000024                TM_USART1
                0x20000034                TM_USART2
                0x20000044                TM_USART3
                0x20000054                TM_UART4
                0x20000064                TM_UART5
                0x20000074                TM_USART6
 .data          0x20000084       0x10 C:\Users\winstona\Documents\CE4020\nucleo-f446re_stdperiph_lib\Debug\libnucleo-f446re_stdperiph_lib.a(stm32f4xx_rcc.o)
 *(.data*)
 .data._impure_ptr
                0x20000094        0x4 c:/ac6/systemworkbench/plugins/fr.ac6.mcu.externaltools.arm-none.win32_1.15.0.201708311556/tools/compiler/bin/../lib/gcc/arm-none-eabi/6.3.1/../../../../arm-none-eabi/lib/thumb/v7e-m/fpv4-sp/hard\libc.a(lib_a-impure.o)
                0x20000094                _impure_ptr
 .data.impure_data
                0x20000098      0x428 c:/ac6/systemworkbench/plugins/fr.ac6.mcu.externaltools.arm-none.win32_1.15.0.201708311556/tools/compiler/bin/../lib/gcc/arm-none-eabi/6.3.1/../../../../arm-none-eabi/lib/thumb/v7e-m/fpv4-sp/hard\libc.a(lib_a-impure.o)
 .data.__malloc_av_
                0x200004c0      0x408 c:/ac6/systemworkbench/plugins/fr.ac6.mcu.externaltools.arm-none.win32_1.15.0.201708311556/tools/compiler/bin/../lib/gcc/arm-none-eabi/6.3.1/../../../../arm-none-eabi/lib/thumb/v7e-m/fpv4-sp/hard\libc.a(lib_a-mallocr.o)
                0x200004c0                __malloc_av_
 .data.__malloc_sbrk_base
                0x200008c8        0x4 c:/ac6/systemworkbench/plugins/fr.ac6.mcu.externaltools.arm-none.win32_1.15.0.201708311556/tools/compiler/bin/../lib/gcc/arm-none-eabi/6.3.1/../../../../arm-none-eabi/lib/thumb/v7e-m/fpv4-sp/hard\libc.a(lib_a-mallocr.o)
                0x200008c8                __malloc_sbrk_base
 .data.__malloc_trim_threshold
                0x200008cc        0x4 c:/ac6/systemworkbench/plugins/fr.ac6.mcu.externaltools.arm-none.win32_1.15.0.201708311556/tools/compiler/bin/../lib/gcc/arm-none-eabi/6.3.1/../../../../arm-none-eabi/lib/thumb/v7e-m/fpv4-sp/hard\libc.a(lib_a-mallocr.o)
                0x200008cc                __malloc_trim_threshold
 .data.__atexit_recursive_mutex
                0x200008d0        0x4 c:/ac6/systemworkbench/plugins/fr.ac6.mcu.externaltools.arm-none.win32_1.15.0.201708311556/tools/compiler/bin/../lib/gcc/arm-none-eabi/6.3.1/../../../../arm-none-eabi/lib/thumb/v7e-m/fpv4-sp/hard\libc.a(lib_a-__call_atexit.o)
                0x200008d0                __atexit_recursive_mutex
 .data.__global_locale
                0x200008d4      0x16c c:/ac6/systemworkbench/plugins/fr.ac6.mcu.externaltools.arm-none.win32_1.15.0.201708311556/tools/compiler/bin/../lib/gcc/arm-none-eabi/6.3.1/../../../../arm-none-eabi/lib/thumb/v7e-m/fpv4-sp/hard\libc.a(lib_a-locale.o)
                0x200008d4                __global_locale
                0x20000a40                . = ALIGN (0x4)
                0x20000a40                _edata = .

.jcr            0x20000a40        0x0 load address 0x08007cb4
 .jcr           0x20000a40        0x0 c:/ac6/systemworkbench/plugins/fr.ac6.mcu.externaltools.arm-none.win32_1.15.0.201708311556/tools/compiler/bin/../lib/gcc/arm-none-eabi/6.3.1/thumb/v7e-m/fpv4-sp/hard/crtbegin.o

.igot.plt       0x20000a40        0x0 load address 0x08007cb4
 .igot.plt      0x20000a40        0x0 c:/ac6/systemworkbench/plugins/fr.ac6.mcu.externaltools.arm-none.win32_1.15.0.201708311556/tools/compiler/bin/../lib/gcc/arm-none-eabi/6.3.1/thumb/v7e-m/fpv4-sp/hard/crtbegin.o
                0x20000a40                . = ALIGN (0x4)

.bss            0x20000a40      0x1f8 load address 0x08007cb4
                0x20000a40                _sbss = .
                0x20000a40                __bss_start__ = _sbss
 *(.bss)
 .bss           0x20000a40       0x1c c:/ac6/systemworkbench/plugins/fr.ac6.mcu.externaltools.arm-none.win32_1.15.0.201708311556/tools/compiler/bin/../lib/gcc/arm-none-eabi/6.3.1/thumb/v7e-m/fpv4-sp/hard/crtbegin.o
 .bss           0x20000a5c        0x1 src/main.o
                0x20000a5c                printed
 *fill*         0x20000a5d        0x3 
 .bss           0x20000a60        0x8 src/syscalls.o
                0x20000a60                __env
 .bss           0x20000a68       0x28 src/tm_stm32f4_delay.o
                0x20000a68                TM_TimingDelay
                0x20000a6c                TM_Time
                0x20000a70                TM_Time2
                0x20000a74                TM_DELAY_Initialized
 .bss           0x20000a90       0x16 src/tm_stm32f4_gpio.o
 *fill*         0x20000aa6        0x2 
 .bss           0x20000aa8        0x4 src/tm_stm32f4_nrf24l01.o
 *(.bss*)
 .bss.__malloc_current_mallinfo
                0x20000aac       0x28 c:/ac6/systemworkbench/plugins/fr.ac6.mcu.externaltools.arm-none.win32_1.15.0.201708311556/tools/compiler/bin/../lib/gcc/arm-none-eabi/6.3.1/../../../../arm-none-eabi/lib/thumb/v7e-m/fpv4-sp/hard\libc.a(lib_a-mallocr.o)
                0x20000aac                __malloc_current_mallinfo
 .bss.__malloc_max_sbrked_mem
                0x20000ad4        0x4 c:/ac6/systemworkbench/plugins/fr.ac6.mcu.externaltools.arm-none.win32_1.15.0.201708311556/tools/compiler/bin/../lib/gcc/arm-none-eabi/6.3.1/../../../../arm-none-eabi/lib/thumb/v7e-m/fpv4-sp/hard\libc.a(lib_a-mallocr.o)
                0x20000ad4                __malloc_max_sbrked_mem
 .bss.__malloc_max_total_mem
                0x20000ad8        0x4 c:/ac6/systemworkbench/plugins/fr.ac6.mcu.externaltools.arm-none.win32_1.15.0.201708311556/tools/compiler/bin/../lib/gcc/arm-none-eabi/6.3.1/../../../../arm-none-eabi/lib/thumb/v7e-m/fpv4-sp/hard\libc.a(lib_a-mallocr.o)
                0x20000ad8                __malloc_max_total_mem
 .bss.__malloc_top_pad
                0x20000adc        0x4 c:/ac6/systemworkbench/plugins/fr.ac6.mcu.externaltools.arm-none.win32_1.15.0.201708311556/tools/compiler/bin/../lib/gcc/arm-none-eabi/6.3.1/../../../../arm-none-eabi/lib/thumb/v7e-m/fpv4-sp/hard\libc.a(lib_a-mallocr.o)
                0x20000adc                __malloc_top_pad
 *(COMMON)
 COMMON         0x20000ae0       0x6c src/main.o
                0x20000ae0                transmissionStatus
                0x20000ae4                dataIn
                0x20000b04                dataOut
                0x20000b24                str
 COMMON         0x20000b4c        0x4 src/tm_stm32f4_delay.o
                0x20000b4c                mult
 COMMON         0x20000b50       0xc0 src/tm_stm32f4_usart.o
                0x20000b50                TM_UART5_Buffer
                0x20000b70                TM_USART6_Buffer
                0x20000b90                TM_USART3_Buffer
                0x20000bb0                TM_USART2_Buffer
                0x20000bd0                TM_USART1_Buffer
                0x20000bf0                TM_UART4_Buffer
 COMMON         0x20000c10       0x21 c:/ac6/systemworkbench/plugins/fr.ac6.mcu.externaltools.arm-none.win32_1.15.0.201708311556/tools/compiler/bin/../lib/gcc/arm-none-eabi/6.3.1/../../../../arm-none-eabi/lib/thumb/v7e-m/fpv4-sp/hard\libc.a(lib_a-lock.o)
                0x20000c10                __lock___atexit_recursive_mutex
                0x20000c14                __lock___arc4random_mutex
                0x20000c18                __lock___env_recursive_mutex
                0x20000c1c                __lock___sinit_recursive_mutex
                0x20000c20                __lock___malloc_recursive_mutex
                0x20000c24                __lock___at_quick_exit_mutex
                0x20000c28                __lock___dd_hash_mutex
                0x20000c2c                __lock___tz_mutex
                0x20000c30                __lock___sfp_recursive_mutex
 *fill*         0x20000c31        0x3 
 COMMON         0x20000c34        0x4 c:/ac6/systemworkbench/plugins/fr.ac6.mcu.externaltools.arm-none.win32_1.15.0.201708311556/tools/compiler/bin/../lib/gcc/arm-none-eabi/6.3.1/../../../../arm-none-eabi/lib/thumb/v7e-m/fpv4-sp/hard\libc.a(lib_a-reent.o)
                0x20000c34                errno
                0x20000c38                . = ALIGN (0x4)
                0x20000c38                _ebss = .
                0x20000c38                __bss_end__ = _ebss

._user_heap_stack
                0x20000c38      0x400 load address 0x08007cb4
                0x20000c38                . = ALIGN (0x8)
                0x20000c38                PROVIDE (end, .)
                [!provide]                PROVIDE (_end, .)
                0x20000c38                . = (. + _Min_Heap_Size)
                0x20001038                . = (. + _Min_Stack_Size)
 *fill*         0x20000c38      0x400 
                0x20001038                . = ALIGN (0x8)

/DISCARD/
 libc.a(*)
 libm.a(*)
 libgcc.a(*)

.ARM.attributes
                0x00000000       0x30
 *(.ARM.attributes)
 .ARM.attributes
                0x00000000       0x22 c:/ac6/systemworkbench/plugins/fr.ac6.mcu.externaltools.arm-none.win32_1.15.0.201708311556/tools/compiler/bin/../lib/gcc/arm-none-eabi/6.3.1/thumb/v7e-m/fpv4-sp/hard/crti.o
 .ARM.attributes
                0x00000022       0x34 c:/ac6/systemworkbench/plugins/fr.ac6.mcu.externaltools.arm-none.win32_1.15.0.201708311556/tools/compiler/bin/../lib/gcc/arm-none-eabi/6.3.1/thumb/v7e-m/fpv4-sp/hard/crtbegin.o
 .ARM.attributes
                0x00000056       0x39 src/main.o
 .ARM.attributes
                0x0000008f       0x39 src/stm32f4xx_it.o
 .ARM.attributes
                0x000000c8       0x39 src/syscalls.o
 .ARM.attributes
                0x00000101       0x39 src/system_stm32f4xx.o
 .ARM.attributes
                0x0000013a       0x39 src/tm_stm32f4_delay.o
 .ARM.attributes
                0x00000173       0x39 src/tm_stm32f4_exti.o
 .ARM.attributes
                0x000001ac       0x39 src/tm_stm32f4_gpio.o
 .ARM.attributes
                0x000001e5       0x39 src/tm_stm32f4_nrf24l01.o
 .ARM.attributes
                0x0000021e       0x39 src/tm_stm32f4_spi.o
 .ARM.attributes
                0x00000257       0x39 src/tm_stm32f4_usart.o
 .ARM.attributes
                0x00000290       0x25 startup/startup_stm32.o
 .ARM.attributes
                0x000002b5       0x39 C:\Users\winstona\Documents\CE4020\nucleo-f446re_stdperiph_lib\Debug\libnucleo-f446re_stdperiph_lib.a(misc.o)
 .ARM.attributes
                0x000002ee       0x39 C:\Users\winstona\Documents\CE4020\nucleo-f446re_stdperiph_lib\Debug\libnucleo-f446re_stdperiph_lib.a(stm32f4xx_rcc.o)
 .ARM.attributes
                0x00000327       0x39 C:\Users\winstona\Documents\CE4020\nucleo-f446re_stdperiph_lib\Debug\libnucleo-f446re_stdperiph_lib.a(stm32f4xx_spi.o)
 .ARM.attributes
                0x00000360       0x39 C:\Users\winstona\Documents\CE4020\nucleo-f446re_stdperiph_lib\Debug\libnucleo-f446re_stdperiph_lib.a(stm32f4xx_usart.o)
 .ARM.attributes
                0x00000399       0x34 c:/ac6/systemworkbench/plugins/fr.ac6.mcu.externaltools.arm-none.win32_1.15.0.201708311556/tools/compiler/bin/../lib/gcc/arm-none-eabi/6.3.1/../../../../arm-none-eabi/lib/thumb/v7e-m/fpv4-sp/hard\libc.a(lib_a-errno.o)
 .ARM.attributes
                0x000003cd       0x34 c:/ac6/systemworkbench/plugins/fr.ac6.mcu.externaltools.arm-none.win32_1.15.0.201708311556/tools/compiler/bin/../lib/gcc/arm-none-eabi/6.3.1/../../../../arm-none-eabi/lib/thumb/v7e-m/fpv4-sp/hard\libc.a(lib_a-impure.o)
 .ARM.attributes
                0x00000401       0x34 c:/ac6/systemworkbench/plugins/fr.ac6.mcu.externaltools.arm-none.win32_1.15.0.201708311556/tools/compiler/bin/../lib/gcc/arm-none-eabi/6.3.1/../../../../arm-none-eabi/lib/thumb/v7e-m/fpv4-sp/hard\libc.a(lib_a-init.o)
 .ARM.attributes
                0x00000435       0x34 c:/ac6/systemworkbench/plugins/fr.ac6.mcu.externaltools.arm-none.win32_1.15.0.201708311556/tools/compiler/bin/../lib/gcc/arm-none-eabi/6.3.1/../../../../arm-none-eabi/lib/thumb/v7e-m/fpv4-sp/hard\libc.a(lib_a-malloc.o)
 .ARM.attributes
                0x00000469       0x34 c:/ac6/systemworkbench/plugins/fr.ac6.mcu.externaltools.arm-none.win32_1.15.0.201708311556/tools/compiler/bin/../lib/gcc/arm-none-eabi/6.3.1/../../../../arm-none-eabi/lib/thumb/v7e-m/fpv4-sp/hard\libc.a(lib_a-mallocr.o)
 .ARM.attributes
                0x0000049d       0x34 c:/ac6/systemworkbench/plugins/fr.ac6.mcu.externaltools.arm-none.win32_1.15.0.201708311556/tools/compiler/bin/../lib/gcc/arm-none-eabi/6.3.1/../../../../arm-none-eabi/lib/thumb/v7e-m/fpv4-sp/hard\libc.a(lib_a-memset.o)
 .ARM.attributes
                0x000004d1       0x34 c:/ac6/systemworkbench/plugins/fr.ac6.mcu.externaltools.arm-none.win32_1.15.0.201708311556/tools/compiler/bin/../lib/gcc/arm-none-eabi/6.3.1/../../../../arm-none-eabi/lib/thumb/v7e-m/fpv4-sp/hard\libc.a(lib_a-mlock.o)
 .ARM.attributes
                0x00000505       0x34 c:/ac6/systemworkbench/plugins/fr.ac6.mcu.externaltools.arm-none.win32_1.15.0.201708311556/tools/compiler/bin/../lib/gcc/arm-none-eabi/6.3.1/../../../../arm-none-eabi/lib/thumb/v7e-m/fpv4-sp/hard\libc.a(lib_a-sbrkr.o)
 .ARM.attributes
                0x00000539       0x34 c:/ac6/systemworkbench/plugins/fr.ac6.mcu.externaltools.arm-none.win32_1.15.0.201708311556/tools/compiler/bin/../lib/gcc/arm-none-eabi/6.3.1/../../../../arm-none-eabi/lib/thumb/v7e-m/fpv4-sp/hard\libc.a(lib_a-sprintf.o)
 .ARM.attributes
                0x0000056d       0x34 c:/ac6/systemworkbench/plugins/fr.ac6.mcu.externaltools.arm-none.win32_1.15.0.201708311556/tools/compiler/bin/../lib/gcc/arm-none-eabi/6.3.1/../../../../arm-none-eabi/lib/thumb/v7e-m/fpv4-sp/hard\libc.a(lib_a-svfprintf.o)
 .ARM.attributes
                0x000005a1       0x34 c:/ac6/systemworkbench/plugins/fr.ac6.mcu.externaltools.arm-none.win32_1.15.0.201708311556/tools/compiler/bin/../lib/gcc/arm-none-eabi/6.3.1/../../../../arm-none-eabi/lib/thumb/v7e-m/fpv4-sp/hard\libc.a(lib_a-__call_atexit.o)
 .ARM.attributes
                0x000005d5       0x34 c:/ac6/systemworkbench/plugins/fr.ac6.mcu.externaltools.arm-none.win32_1.15.0.201708311556/tools/compiler/bin/../lib/gcc/arm-none-eabi/6.3.1/../../../../arm-none-eabi/lib/thumb/v7e-m/fpv4-sp/hard\libc.a(lib_a-atexit.o)
 .ARM.attributes
                0x00000609       0x34 c:/ac6/systemworkbench/plugins/fr.ac6.mcu.externaltools.arm-none.win32_1.15.0.201708311556/tools/compiler/bin/../lib/gcc/arm-none-eabi/6.3.1/../../../../arm-none-eabi/lib/thumb/v7e-m/fpv4-sp/hard\libc.a(lib_a-dtoa.o)
 .ARM.attributes
                0x0000063d       0x34 c:/ac6/systemworkbench/plugins/fr.ac6.mcu.externaltools.arm-none.win32_1.15.0.201708311556/tools/compiler/bin/../lib/gcc/arm-none-eabi/6.3.1/../../../../arm-none-eabi/lib/thumb/v7e-m/fpv4-sp/hard\libc.a(lib_a-fini.o)
 .ARM.attributes
                0x00000671       0x34 c:/ac6/systemworkbench/plugins/fr.ac6.mcu.externaltools.arm-none.win32_1.15.0.201708311556/tools/compiler/bin/../lib/gcc/arm-none-eabi/6.3.1/../../../../arm-none-eabi/lib/thumb/v7e-m/fpv4-sp/hard\libc.a(lib_a-freer.o)
 .ARM.attributes
                0x000006a5       0x34 c:/ac6/systemworkbench/plugins/fr.ac6.mcu.externaltools.arm-none.win32_1.15.0.201708311556/tools/compiler/bin/../lib/gcc/arm-none-eabi/6.3.1/../../../../arm-none-eabi/lib/thumb/v7e-m/fpv4-sp/hard\libc.a(lib_a-localeconv.o)
 .ARM.attributes
                0x000006d9       0x34 c:/ac6/systemworkbench/plugins/fr.ac6.mcu.externaltools.arm-none.win32_1.15.0.201708311556/tools/compiler/bin/../lib/gcc/arm-none-eabi/6.3.1/../../../../arm-none-eabi/lib/thumb/v7e-m/fpv4-sp/hard\libc.a(lib_a-lock.o)
 .ARM.attributes
                0x0000070d       0x20 c:/ac6/systemworkbench/plugins/fr.ac6.mcu.externaltools.arm-none.win32_1.15.0.201708311556/tools/compiler/bin/../lib/gcc/arm-none-eabi/6.3.1/../../../../arm-none-eabi/lib/thumb/v7e-m/fpv4-sp/hard\libc.a(lib_a-memchr.o)
 .ARM.attributes
                0x0000072d       0x20 c:/ac6/systemworkbench/plugins/fr.ac6.mcu.externaltools.arm-none.win32_1.15.0.201708311556/tools/compiler/bin/../lib/gcc/arm-none-eabi/6.3.1/../../../../arm-none-eabi/lib/thumb/v7e-m/fpv4-sp/hard\libc.a(lib_a-memcpy.o)
 .ARM.attributes
                0x0000074d       0x34 c:/ac6/systemworkbench/plugins/fr.ac6.mcu.externaltools.arm-none.win32_1.15.0.201708311556/tools/compiler/bin/../lib/gcc/arm-none-eabi/6.3.1/../../../../arm-none-eabi/lib/thumb/v7e-m/fpv4-sp/hard\libc.a(lib_a-mprec.o)
 .ARM.attributes
                0x00000781       0x34 c:/ac6/systemworkbench/plugins/fr.ac6.mcu.externaltools.arm-none.win32_1.15.0.201708311556/tools/compiler/bin/../lib/gcc/arm-none-eabi/6.3.1/../../../../arm-none-eabi/lib/thumb/v7e-m/fpv4-sp/hard\libc.a(lib_a-reent.o)
 .ARM.attributes
                0x000007b5       0x20 c:/ac6/systemworkbench/plugins/fr.ac6.mcu.externaltools.arm-none.win32_1.15.0.201708311556/tools/compiler/bin/../lib/gcc/arm-none-eabi/6.3.1/../../../../arm-none-eabi/lib/thumb/v7e-m/fpv4-sp/hard\libc.a(lib_a-strlen.o)
 .ARM.attributes
                0x000007d5       0x34 c:/ac6/systemworkbench/plugins/fr.ac6.mcu.externaltools.arm-none.win32_1.15.0.201708311556/tools/compiler/bin/../lib/gcc/arm-none-eabi/6.3.1/../../../../arm-none-eabi/lib/thumb/v7e-m/fpv4-sp/hard\libc.a(lib_a-svfiprintf.o)
 .ARM.attributes
                0x00000809       0x34 c:/ac6/systemworkbench/plugins/fr.ac6.mcu.externaltools.arm-none.win32_1.15.0.201708311556/tools/compiler/bin/../lib/gcc/arm-none-eabi/6.3.1/../../../../arm-none-eabi/lib/thumb/v7e-m/fpv4-sp/hard\libc.a(lib_a-__atexit.o)
 .ARM.attributes
                0x0000083d       0x34 c:/ac6/systemworkbench/plugins/fr.ac6.mcu.externaltools.arm-none.win32_1.15.0.201708311556/tools/compiler/bin/../lib/gcc/arm-none-eabi/6.3.1/../../../../arm-none-eabi/lib/thumb/v7e-m/fpv4-sp/hard\libc.a(lib_a-callocr.o)
 .ARM.attributes
                0x00000871       0x34 c:/ac6/systemworkbench/plugins/fr.ac6.mcu.externaltools.arm-none.win32_1.15.0.201708311556/tools/compiler/bin/../lib/gcc/arm-none-eabi/6.3.1/../../../../arm-none-eabi/lib/thumb/v7e-m/fpv4-sp/hard\libc.a(lib_a-locale.o)
 .ARM.attributes
                0x000008a5       0x34 c:/ac6/systemworkbench/plugins/fr.ac6.mcu.externaltools.arm-none.win32_1.15.0.201708311556/tools/compiler/bin/../lib/gcc/arm-none-eabi/6.3.1/../../../../arm-none-eabi/lib/thumb/v7e-m/fpv4-sp/hard\libc.a(lib_a-mbtowc_r.o)
 .ARM.attributes
                0x000008d9       0x34 c:/ac6/systemworkbench/plugins/fr.ac6.mcu.externaltools.arm-none.win32_1.15.0.201708311556/tools/compiler/bin/../lib/gcc/arm-none-eabi/6.3.1/../../../../arm-none-eabi/lib/thumb/v7e-m/fpv4-sp/hard\libc.a(lib_a-memmove.o)
 .ARM.attributes
                0x0000090d       0x34 c:/ac6/systemworkbench/plugins/fr.ac6.mcu.externaltools.arm-none.win32_1.15.0.201708311556/tools/compiler/bin/../lib/gcc/arm-none-eabi/6.3.1/../../../../arm-none-eabi/lib/thumb/v7e-m/fpv4-sp/hard\libc.a(lib_a-reallocr.o)
 .ARM.attributes
                0x00000941       0x34 c:/ac6/systemworkbench/plugins/fr.ac6.mcu.externaltools.arm-none.win32_1.15.0.201708311556/tools/compiler/bin/../lib/gcc/arm-none-eabi/6.3.1/../../../../arm-none-eabi/lib/thumb/v7e-m/fpv4-sp/hard\libc.a(lib_a-wctomb_r.o)
 .ARM.attributes
                0x00000975       0x34 c:/ac6/systemworkbench/plugins/fr.ac6.mcu.externaltools.arm-none.win32_1.15.0.201708311556/tools/compiler/bin/../lib/gcc/arm-none-eabi/6.3.1/../../../../arm-none-eabi/lib/thumb/v7e-m/fpv4-sp/hard\libc.a(lib_a-ctype_.o)
 .ARM.attributes
                0x000009a9       0x22 c:/ac6/systemworkbench/plugins/fr.ac6.mcu.externaltools.arm-none.win32_1.15.0.201708311556/tools/compiler/bin/../lib/gcc/arm-none-eabi/6.3.1/thumb/v7e-m/fpv4-sp/hard\libgcc.a(_arm_addsubdf3.o)
 .ARM.attributes
                0x000009cb       0x22 c:/ac6/systemworkbench/plugins/fr.ac6.mcu.externaltools.arm-none.win32_1.15.0.201708311556/tools/compiler/bin/../lib/gcc/arm-none-eabi/6.3.1/thumb/v7e-m/fpv4-sp/hard\libgcc.a(_arm_muldivdf3.o)
 .ARM.attributes
                0x000009ed       0x22 c:/ac6/systemworkbench/plugins/fr.ac6.mcu.externaltools.arm-none.win32_1.15.0.201708311556/tools/compiler/bin/../lib/gcc/arm-none-eabi/6.3.1/thumb/v7e-m/fpv4-sp/hard\libgcc.a(_arm_cmpdf2.o)
 .ARM.attributes
                0x00000a0f       0x22 c:/ac6/systemworkbench/plugins/fr.ac6.mcu.externaltools.arm-none.win32_1.15.0.201708311556/tools/compiler/bin/../lib/gcc/arm-none-eabi/6.3.1/thumb/v7e-m/fpv4-sp/hard\libgcc.a(_arm_unorddf2.o)
 .ARM.attributes
                0x00000a31       0x22 c:/ac6/systemworkbench/plugins/fr.ac6.mcu.externaltools.arm-none.win32_1.15.0.201708311556/tools/compiler/bin/../lib/gcc/arm-none-eabi/6.3.1/thumb/v7e-m/fpv4-sp/hard\libgcc.a(_arm_fixdfsi.o)
 .ARM.attributes
                0x00000a53       0x22 c:/ac6/systemworkbench/plugins/fr.ac6.mcu.externaltools.arm-none.win32_1.15.0.201708311556/tools/compiler/bin/../lib/gcc/arm-none-eabi/6.3.1/thumb/v7e-m/fpv4-sp/hard\libgcc.a(_aeabi_uldivmod.o)
 .ARM.attributes
                0x00000a75       0x34 c:/ac6/systemworkbench/plugins/fr.ac6.mcu.externaltools.arm-none.win32_1.15.0.201708311556/tools/compiler/bin/../lib/gcc/arm-none-eabi/6.3.1/thumb/v7e-m/fpv4-sp/hard\libgcc.a(_udivmoddi4.o)
 .ARM.attributes
                0x00000aa9       0x22 c:/ac6/systemworkbench/plugins/fr.ac6.mcu.externaltools.arm-none.win32_1.15.0.201708311556/tools/compiler/bin/../lib/gcc/arm-none-eabi/6.3.1/thumb/v7e-m/fpv4-sp/hard\libgcc.a(_dvmd_tls.o)
 .ARM.attributes
                0x00000acb       0x22 c:/ac6/systemworkbench/plugins/fr.ac6.mcu.externaltools.arm-none.win32_1.15.0.201708311556/tools/compiler/bin/../lib/gcc/arm-none-eabi/6.3.1/thumb/v7e-m/fpv4-sp/hard/crtn.o
OUTPUT(nRFmodule.elf elf32-littlearm)

.debug_info     0x00000000     0x9e83
 .debug_info    0x00000000      0xc6b src/main.o
 .debug_info    0x00000c6b      0x169 src/stm32f4xx_it.o
 .debug_info    0x00000dd4      0xf2a src/syscalls.o
 .debug_info    0x00001cfe      0x627 src/system_stm32f4xx.o
 .debug_info    0x00002325     0x126a src/tm_stm32f4_delay.o
 .debug_info    0x0000358f      0x931 src/tm_stm32f4_exti.o
 .debug_info    0x00003ec0      0x880 src/tm_stm32f4_gpio.o
 .debug_info    0x00004740     0x11d9 src/tm_stm32f4_nrf24l01.o
 .debug_info    0x00005919      0xb5a src/tm_stm32f4_spi.o
 .debug_info    0x00006473      0xf90 src/tm_stm32f4_usart.o
 .debug_info    0x00007403       0x72 startup/startup_stm32.o
 .debug_info    0x00007475      0x551 C:\Users\winstona\Documents\CE4020\nucleo-f446re_stdperiph_lib\Debug\libnucleo-f446re_stdperiph_lib.a(misc.o)
 .debug_info    0x000079c6      0xf92 C:\Users\winstona\Documents\CE4020\nucleo-f446re_stdperiph_lib\Debug\libnucleo-f446re_stdperiph_lib.a(stm32f4xx_rcc.o)
 .debug_info    0x00008958      0xb52 C:\Users\winstona\Documents\CE4020\nucleo-f446re_stdperiph_lib\Debug\libnucleo-f446re_stdperiph_lib.a(stm32f4xx_spi.o)
 .debug_info    0x000094aa      0x9d9 C:\Users\winstona\Documents\CE4020\nucleo-f446re_stdperiph_lib\Debug\libnucleo-f446re_stdperiph_lib.a(stm32f4xx_usart.o)

.debug_abbrev   0x00000000     0x1bcf
 .debug_abbrev  0x00000000      0x23d src/main.o
 .debug_abbrev  0x0000023d       0x93 src/stm32f4xx_it.o
 .debug_abbrev  0x000002d0      0x2aa src/syscalls.o
 .debug_abbrev  0x0000057a      0x15b src/system_stm32f4xx.o
 .debug_abbrev  0x000006d5      0x37b src/tm_stm32f4_delay.o
 .debug_abbrev  0x00000a50      0x1c9 src/tm_stm32f4_exti.o
 .debug_abbrev  0x00000c19      0x17f src/tm_stm32f4_gpio.o
 .debug_abbrev  0x00000d98      0x33f src/tm_stm32f4_nrf24l01.o
 .debug_abbrev  0x000010d7      0x214 src/tm_stm32f4_spi.o
 .debug_abbrev  0x000012eb      0x289 src/tm_stm32f4_usart.o
 .debug_abbrev  0x00001574       0x12 startup/startup_stm32.o
 .debug_abbrev  0x00001586      0x175 C:\Users\winstona\Documents\CE4020\nucleo-f446re_stdperiph_lib\Debug\libnucleo-f446re_stdperiph_lib.a(misc.o)
 .debug_abbrev  0x000016fb      0x1d2 C:\Users\winstona\Documents\CE4020\nucleo-f446re_stdperiph_lib\Debug\libnucleo-f446re_stdperiph_lib.a(stm32f4xx_rcc.o)
 .debug_abbrev  0x000018cd      0x17d C:\Users\winstona\Documents\CE4020\nucleo-f446re_stdperiph_lib\Debug\libnucleo-f446re_stdperiph_lib.a(stm32f4xx_spi.o)
 .debug_abbrev  0x00001a4a      0x185 C:\Users\winstona\Documents\CE4020\nucleo-f446re_stdperiph_lib\Debug\libnucleo-f446re_stdperiph_lib.a(stm32f4xx_usart.o)

.debug_aranges  0x00000000      0x9b0
 .debug_aranges
                0x00000000       0x28 src/main.o
 .debug_aranges
                0x00000028       0x68 src/stm32f4xx_it.o
 .debug_aranges
                0x00000090       0xb0 src/syscalls.o
 .debug_aranges
                0x00000140       0x30 src/system_stm32f4xx.o
 .debug_aranges
                0x00000170       0x80 src/tm_stm32f4_delay.o
 .debug_aranges
                0x000001f0       0x68 src/tm_stm32f4_exti.o
 .debug_aranges
                0x00000258       0x98 src/tm_stm32f4_gpio.o
 .debug_aranges
                0x000002f0       0xe8 src/tm_stm32f4_nrf24l01.o
 .debug_aranges
                0x000003d8       0xb0 src/tm_stm32f4_spi.o
 .debug_aranges
                0x00000488       0xf8 src/tm_stm32f4_usart.o
 .debug_aranges
                0x00000580       0x28 startup/startup_stm32.o
 .debug_aranges
                0x000005a8       0x40 C:\Users\winstona\Documents\CE4020\nucleo-f446re_stdperiph_lib\Debug\libnucleo-f446re_stdperiph_lib.a(misc.o)
 .debug_aranges
                0x000005e8      0x1e8 C:\Users\winstona\Documents\CE4020\nucleo-f446re_stdperiph_lib\Debug\libnucleo-f446re_stdperiph_lib.a(stm32f4xx_rcc.o)
 .debug_aranges
                0x000007d0       0xe0 C:\Users\winstona\Documents\CE4020\nucleo-f446re_stdperiph_lib\Debug\libnucleo-f446re_stdperiph_lib.a(stm32f4xx_spi.o)
 .debug_aranges
                0x000008b0      0x100 C:\Users\winstona\Documents\CE4020\nucleo-f446re_stdperiph_lib\Debug\libnucleo-f446re_stdperiph_lib.a(stm32f4xx_usart.o)

.debug_ranges   0x00000000      0x8c8
 .debug_ranges  0x00000000       0x18 src/main.o
 .debug_ranges  0x00000018       0x58 src/stm32f4xx_it.o
 .debug_ranges  0x00000070       0xa0 src/syscalls.o
 .debug_ranges  0x00000110       0x20 src/system_stm32f4xx.o
 .debug_ranges  0x00000130       0x70 src/tm_stm32f4_delay.o
 .debug_ranges  0x000001a0       0x58 src/tm_stm32f4_exti.o
 .debug_ranges  0x000001f8       0x88 src/tm_stm32f4_gpio.o
 .debug_ranges  0x00000280       0xd8 src/tm_stm32f4_nrf24l01.o
 .debug_ranges  0x00000358       0xa0 src/tm_stm32f4_spi.o
 .debug_ranges  0x000003f8       0xe8 src/tm_stm32f4_usart.o
 .debug_ranges  0x000004e0       0x20 startup/startup_stm32.o
 .debug_ranges  0x00000500       0x30 C:\Users\winstona\Documents\CE4020\nucleo-f446re_stdperiph_lib\Debug\libnucleo-f446re_stdperiph_lib.a(misc.o)
 .debug_ranges  0x00000530      0x1d8 C:\Users\winstona\Documents\CE4020\nucleo-f446re_stdperiph_lib\Debug\libnucleo-f446re_stdperiph_lib.a(stm32f4xx_rcc.o)
 .debug_ranges  0x00000708       0xd0 C:\Users\winstona\Documents\CE4020\nucleo-f446re_stdperiph_lib\Debug\libnucleo-f446re_stdperiph_lib.a(stm32f4xx_spi.o)
 .debug_ranges  0x000007d8       0xf0 C:\Users\winstona\Documents\CE4020\nucleo-f446re_stdperiph_lib\Debug\libnucleo-f446re_stdperiph_lib.a(stm32f4xx_usart.o)

.debug_macro    0x00000000    0x22c32
 .debug_macro   0x00000000      0x3f7 src/main.o
 .debug_macro   0x000003f7      0x8d4 src/main.o
 .debug_macro   0x00000ccb       0x65 src/main.o
 .debug_macro   0x00000d30       0x3b src/main.o
 .debug_macro   0x00000d6b       0x22 src/main.o
 .debug_macro   0x00000d8d       0x87 src/main.o
 .debug_macro   0x00000e14       0x51 src/main.o
 .debug_macro   0x00000e65       0xef src/main.o
 .debug_macro   0x00000f54       0x6a src/main.o
 .debug_macro   0x00000fbe      0x1df src/main.o
 .debug_macro   0x0000119d       0x34 src/main.o
 .debug_macro   0x000011d1       0x26 src/main.o
 .debug_macro   0x000011f7      0xe43 src/main.o
 .debug_macro   0x0000203a     0x9f98 src/main.o
 .debug_macro   0x0000bfd2      0x448 src/main.o
 .debug_macro   0x0000c41a       0xb2 src/main.o
 .debug_macro   0x0000c4cc      0x477 src/main.o
 .debug_macro   0x0000c943       0xb5 src/main.o
 .debug_macro   0x0000c9f8      0x41c src/main.o
 .debug_macro   0x0000ce14      0x341 src/main.o
 .debug_macro   0x0000d155      0x2ba src/main.o
 .debug_macro   0x0000d40f       0x64 src/main.o
 .debug_macro   0x0000d473      0x100 src/main.o
 .debug_macro   0x0000d573      0x76d src/main.o
 .debug_macro   0x0000dce0      0x59e src/main.o
 .debug_macro   0x0000e27e      0x342 src/main.o
 .debug_macro   0x0000e5c0      0x36c src/main.o
 .debug_macro   0x0000e92c      0x114 src/main.o
 .debug_macro   0x0000ea40      0x73b src/main.o
 .debug_macro   0x0000f17b      0x223 src/main.o
 .debug_macro   0x0000f39e       0x34 src/main.o
 .debug_macro   0x0000f3d2       0x82 src/main.o
 .debug_macro   0x0000f454      0x144 src/main.o
 .debug_macro   0x0000f598       0xc3 src/main.o
 .debug_macro   0x0000f65b      0x3cf src/main.o
 .debug_macro   0x0000fa2a      0x188 src/main.o
 .debug_macro   0x0000fbb2      0x149 src/main.o
 .debug_macro   0x0000fcfb      0x21e src/main.o
 .debug_macro   0x0000ff19      0x23a src/main.o
 .debug_macro   0x00010153      0x359 src/main.o
 .debug_macro   0x000104ac      0x287 src/main.o
 .debug_macro   0x00010733      0x29a src/main.o
 .debug_macro   0x000109cd      0x142 src/main.o
 .debug_macro   0x00010b0f      0x191 src/main.o
 .debug_macro   0x00010ca0       0x35 src/main.o
 .debug_macro   0x00010cd5       0x16 src/main.o
 .debug_macro   0x00010ceb       0xaf src/main.o
 .debug_macro   0x00010d9a      0x11c src/main.o
 .debug_macro   0x00010eb6       0x6d src/main.o
 .debug_macro   0x00010f23       0x58 src/main.o
 .debug_macro   0x00010f7b       0x35 src/main.o
 .debug_macro   0x00010fb0       0x9c src/main.o
 .debug_macro   0x0001104c       0x16 src/main.o
 .debug_macro   0x00011062      0x10e src/main.o
 .debug_macro   0x00011170       0x8d src/main.o
 .debug_macro   0x000111fd       0x58 src/main.o
 .debug_macro   0x00011255       0x1f src/main.o
 .debug_macro   0x00011274       0x43 src/main.o
 .debug_macro   0x000112b7       0x20 src/main.o
 .debug_macro   0x000112d7      0x187 src/main.o
 .debug_macro   0x0001145e      0x330 src/main.o
 .debug_macro   0x0001178e       0x16 src/main.o
 .debug_macro   0x000117a4       0x29 src/main.o
 .debug_macro   0x000117cd       0x35 src/main.o
 .debug_macro   0x00011802      0x1a1 src/main.o
 .debug_macro   0x000119a3       0x18 src/main.o
 .debug_macro   0x000119bb       0x1c src/main.o
 .debug_macro   0x000119d7       0x35 src/main.o
 .debug_macro   0x00011a0c       0x10 src/main.o
 .debug_macro   0x00011a1c       0x10 src/main.o
 .debug_macro   0x00011a2c       0x1c src/main.o
 .debug_macro   0x00011a48       0x52 src/main.o
 .debug_macro   0x00011a9a       0x40 src/main.o
 .debug_macro   0x00011ada       0x10 src/main.o
 .debug_macro   0x00011aea       0x40 src/main.o
 .debug_macro   0x00011b2a       0xd7 src/main.o
 .debug_macro   0x00011c01       0x16 src/main.o
 .debug_macro   0x00011c17      0x18b src/main.o
 .debug_macro   0x00011da2      0x1f8 src/stm32f4xx_it.o
 .debug_macro   0x00011f9a      0x236 src/syscalls.o
 .debug_macro   0x000121d0       0x52 src/syscalls.o
 .debug_macro   0x00012222       0x8d src/syscalls.o
 .debug_macro   0x000122af       0x57 src/syscalls.o
 .debug_macro   0x00012306      0x174 src/syscalls.o
 .debug_macro   0x0001247a       0x10 src/syscalls.o
 .debug_macro   0x0001248a       0x10 src/syscalls.o
 .debug_macro   0x0001249a       0x10 src/syscalls.o
 .debug_macro   0x000124aa       0x35 src/syscalls.o
 .debug_macro   0x000124df      0x122 src/syscalls.o
 .debug_macro   0x00012601       0x10 src/syscalls.o
 .debug_macro   0x00012611      0x241 src/syscalls.o
 .debug_macro   0x00012852       0x10 src/syscalls.o
 .debug_macro   0x00012862      0x159 src/syscalls.o
 .debug_macro   0x000129bb       0x16 src/syscalls.o
 .debug_macro   0x000129d1       0x88 src/syscalls.o
 .debug_macro   0x00012a59      0x219 src/system_stm32f4xx.o
 .debug_macro   0x00012c72      0x2de src/tm_stm32f4_delay.o
 .debug_macro   0x00012f50      0x22c src/tm_stm32f4_exti.o
 .debug_macro   0x0001317c       0xa9 src/tm_stm32f4_exti.o
 .debug_macro   0x00013225       0x12 src/tm_stm32f4_exti.o
 .debug_macro   0x00013237      0x20b src/tm_stm32f4_gpio.o
 .debug_macro   0x00013442      0x656 src/tm_stm32f4_nrf24l01.o
 .debug_macro   0x00013a98      0x22c src/tm_stm32f4_spi.o
 .debug_macro   0x00013cc4      0x236 src/tm_stm32f4_usart.o
 .debug_macro   0x00013efa       0x7c src/tm_stm32f4_usart.o
 .debug_macro   0x00013f76      0x1fe C:\Users\winstona\Documents\CE4020\nucleo-f446re_stdperiph_lib\Debug\libnucleo-f446re_stdperiph_lib.a(misc.o)
 .debug_macro   0x00014174      0x8c8 C:\Users\winstona\Documents\CE4020\nucleo-f446re_stdperiph_lib\Debug\libnucleo-f446re_stdperiph_lib.a(misc.o)
 .debug_macro   0x00014a3c       0x65 C:\Users\winstona\Documents\CE4020\nucleo-f446re_stdperiph_lib\Debug\libnucleo-f446re_stdperiph_lib.a(misc.o)
 .debug_macro   0x00014aa1       0x2d C:\Users\winstona\Documents\CE4020\nucleo-f446re_stdperiph_lib\Debug\libnucleo-f446re_stdperiph_lib.a(misc.o)
 .debug_macro   0x00014ace      0xd39 C:\Users\winstona\Documents\CE4020\nucleo-f446re_stdperiph_lib\Debug\libnucleo-f446re_stdperiph_lib.a(misc.o)
 .debug_macro   0x00015807     0x9a9e C:\Users\winstona\Documents\CE4020\nucleo-f446re_stdperiph_lib\Debug\libnucleo-f446re_stdperiph_lib.a(misc.o)
 .debug_macro   0x0001f2a5      0x41c C:\Users\winstona\Documents\CE4020\nucleo-f446re_stdperiph_lib\Debug\libnucleo-f446re_stdperiph_lib.a(misc.o)
 .debug_macro   0x0001f6c1      0x33a C:\Users\winstona\Documents\CE4020\nucleo-f446re_stdperiph_lib\Debug\libnucleo-f446re_stdperiph_lib.a(misc.o)
 .debug_macro   0x0001f9fb      0x741 C:\Users\winstona\Documents\CE4020\nucleo-f446re_stdperiph_lib\Debug\libnucleo-f446re_stdperiph_lib.a(misc.o)
 .debug_macro   0x0002013c      0x57b C:\Users\winstona\Documents\CE4020\nucleo-f446re_stdperiph_lib\Debug\libnucleo-f446re_stdperiph_lib.a(misc.o)
 .debug_macro   0x000206b7       0xf7 C:\Users\winstona\Documents\CE4020\nucleo-f446re_stdperiph_lib\Debug\libnucleo-f446re_stdperiph_lib.a(misc.o)
 .debug_macro   0x000207ae      0x223 C:\Users\winstona\Documents\CE4020\nucleo-f446re_stdperiph_lib\Debug\libnucleo-f446re_stdperiph_lib.a(misc.o)
 .debug_macro   0x000209d1      0x3cf C:\Users\winstona\Documents\CE4020\nucleo-f446re_stdperiph_lib\Debug\libnucleo-f446re_stdperiph_lib.a(misc.o)
 .debug_macro   0x00020da0      0x23a C:\Users\winstona\Documents\CE4020\nucleo-f446re_stdperiph_lib\Debug\libnucleo-f446re_stdperiph_lib.a(misc.o)
 .debug_macro   0x00020fda      0x336 C:\Users\winstona\Documents\CE4020\nucleo-f446re_stdperiph_lib\Debug\libnucleo-f446re_stdperiph_lib.a(misc.o)
 .debug_macro   0x00021310      0x28e C:\Users\winstona\Documents\CE4020\nucleo-f446re_stdperiph_lib\Debug\libnucleo-f446re_stdperiph_lib.a(misc.o)
 .debug_macro   0x0002159e      0x29a C:\Users\winstona\Documents\CE4020\nucleo-f446re_stdperiph_lib\Debug\libnucleo-f446re_stdperiph_lib.a(misc.o)
 .debug_macro   0x00021838       0x35 C:\Users\winstona\Documents\CE4020\nucleo-f446re_stdperiph_lib\Debug\libnucleo-f446re_stdperiph_lib.a(misc.o)
 .debug_macro   0x0002186d      0x2cb C:\Users\winstona\Documents\CE4020\nucleo-f446re_stdperiph_lib\Debug\libnucleo-f446re_stdperiph_lib.a(stm32f4xx_rcc.o)
 .debug_macro   0x00021b38      0x73b C:\Users\winstona\Documents\CE4020\nucleo-f446re_stdperiph_lib\Debug\libnucleo-f446re_stdperiph_lib.a(stm32f4xx_rcc.o)
 .debug_macro   0x00022273      0x228 C:\Users\winstona\Documents\CE4020\nucleo-f446re_stdperiph_lib\Debug\libnucleo-f446re_stdperiph_lib.a(stm32f4xx_spi.o)
 .debug_macro   0x0002249b      0x366 C:\Users\winstona\Documents\CE4020\nucleo-f446re_stdperiph_lib\Debug\libnucleo-f446re_stdperiph_lib.a(stm32f4xx_spi.o)
 .debug_macro   0x00022801      0x214 C:\Users\winstona\Documents\CE4020\nucleo-f446re_stdperiph_lib\Debug\libnucleo-f446re_stdperiph_lib.a(stm32f4xx_usart.o)
 .debug_macro   0x00022a15      0x21d C:\Users\winstona\Documents\CE4020\nucleo-f446re_stdperiph_lib\Debug\libnucleo-f446re_stdperiph_lib.a(stm32f4xx_usart.o)

.debug_line     0x00000000     0x7aab
 .debug_line    0x00000000      0x8ad src/main.o
 .debug_line    0x000008ad      0x758 src/stm32f4xx_it.o
 .debug_line    0x00001005      0x5d4 src/syscalls.o
 .debug_line    0x000015d9      0x70b src/system_stm32f4xx.o
 .debug_line    0x00001ce4      0x8f6 src/tm_stm32f4_delay.o
 .debug_line    0x000025da      0x810 src/tm_stm32f4_exti.o
 .debug_line    0x00002dea      0x881 src/tm_stm32f4_gpio.o
 .debug_line    0x0000366b      0xa90 src/tm_stm32f4_nrf24l01.o
 .debug_line    0x000040fb      0x9e2 src/tm_stm32f4_spi.o
 .debug_line    0x00004add      0x9ef src/tm_stm32f4_usart.o
 .debug_line    0x000054cc       0x79 startup/startup_stm32.o
 .debug_line    0x00005545      0x70c C:\Users\winstona\Documents\CE4020\nucleo-f446re_stdperiph_lib\Debug\libnucleo-f446re_stdperiph_lib.a(misc.o)
 .debug_line    0x00005c51      0xba9 C:\Users\winstona\Documents\CE4020\nucleo-f446re_stdperiph_lib\Debug\libnucleo-f446re_stdperiph_lib.a(stm32f4xx_rcc.o)
 .debug_line    0x000067fa      0x937 C:\Users\winstona\Documents\CE4020\nucleo-f446re_stdperiph_lib\Debug\libnucleo-f446re_stdperiph_lib.a(stm32f4xx_spi.o)
 .debug_line    0x00007131      0x97a C:\Users\winstona\Documents\CE4020\nucleo-f446re_stdperiph_lib\Debug\libnucleo-f446re_stdperiph_lib.a(stm32f4xx_usart.o)

.debug_str      0x00000000    0x789ee
 .debug_str     0x00000000    0x71ff1 src/main.o
                              0x72386 (size before relaxing)
 .debug_str     0x00071ff1       0xce src/stm32f4xx_it.o
                              0x6c810 (size before relaxing)
 .debug_str     0x000720bf     0x10b2 src/syscalls.o
                               0x7d67 (size before relaxing)
 .debug_str     0x00073171      0x218 src/system_stm32f4xx.o
                              0x6c9e4 (size before relaxing)
 .debug_str     0x00073389      0x744 src/tm_stm32f4_delay.o
                              0x700d1 (size before relaxing)
 .debug_str     0x00073acd      0x323 src/tm_stm32f4_exti.o
                              0x6d6cf (size before relaxing)
 .debug_str     0x00073df0      0x1d1 src/tm_stm32f4_gpio.o
                              0x6d052 (size before relaxing)
 .debug_str     0x00073fc1     0x1323 src/tm_stm32f4_nrf24l01.o
                              0x71b95 (size before relaxing)
 .debug_str     0x000752e4      0x359 src/tm_stm32f4_spi.o
                              0x6d803 (size before relaxing)
 .debug_str     0x0007563d      0x45a src/tm_stm32f4_usart.o
                              0x6e2c9 (size before relaxing)
 .debug_str     0x00075a97     0x1afe C:\Users\winstona\Documents\CE4020\nucleo-f446re_stdperiph_lib\Debug\libnucleo-f446re_stdperiph_lib.a(misc.o)
                              0x6aad6 (size before relaxing)
 .debug_str     0x00077595      0xcde C:\Users\winstona\Documents\CE4020\nucleo-f446re_stdperiph_lib\Debug\libnucleo-f446re_stdperiph_lib.a(stm32f4xx_rcc.o)
                              0x6b75a (size before relaxing)
 .debug_str     0x00078273      0x2f1 C:\Users\winstona\Documents\CE4020\nucleo-f446re_stdperiph_lib\Debug\libnucleo-f446re_stdperiph_lib.a(stm32f4xx_spi.o)
                              0x6ae67 (size before relaxing)
 .debug_str     0x00078564      0x48a C:\Users\winstona\Documents\CE4020\nucleo-f446re_stdperiph_lib\Debug\libnucleo-f446re_stdperiph_lib.a(stm32f4xx_usart.o)
                              0x6ae91 (size before relaxing)

.comment        0x00000000       0x7f
 .comment       0x00000000       0x7f src/main.o
                                 0x80 (size before relaxing)
 .comment       0x0000007f       0x80 src/stm32f4xx_it.o
 .comment       0x0000007f       0x80 src/syscalls.o
 .comment       0x0000007f       0x80 src/system_stm32f4xx.o
 .comment       0x0000007f       0x80 src/tm_stm32f4_delay.o
 .comment       0x0000007f       0x80 src/tm_stm32f4_exti.o
 .comment       0x0000007f       0x80 src/tm_stm32f4_gpio.o
 .comment       0x0000007f       0x80 src/tm_stm32f4_nrf24l01.o
 .comment       0x0000007f       0x80 src/tm_stm32f4_spi.o
 .comment       0x0000007f       0x80 src/tm_stm32f4_usart.o
 .comment       0x0000007f       0x80 C:\Users\winstona\Documents\CE4020\nucleo-f446re_stdperiph_lib\Debug\libnucleo-f446re_stdperiph_lib.a(misc.o)
 .comment       0x0000007f       0x80 C:\Users\winstona\Documents\CE4020\nucleo-f446re_stdperiph_lib\Debug\libnucleo-f446re_stdperiph_lib.a(stm32f4xx_rcc.o)
 .comment       0x0000007f       0x80 C:\Users\winstona\Documents\CE4020\nucleo-f446re_stdperiph_lib\Debug\libnucleo-f446re_stdperiph_lib.a(stm32f4xx_spi.o)
 .comment       0x0000007f       0x80 C:\Users\winstona\Documents\CE4020\nucleo-f446re_stdperiph_lib\Debug\libnucleo-f446re_stdperiph_lib.a(stm32f4xx_usart.o)

.debug_frame    0x00000000     0x3388
 .debug_frame   0x00000000       0x54 src/main.o
 .debug_frame   0x00000054      0x12c src/stm32f4xx_it.o
 .debug_frame   0x00000180      0x2d4 src/syscalls.o
 .debug_frame   0x00000454       0x7c src/system_stm32f4xx.o
 .debug_frame   0x000004d0      0x1ec src/tm_stm32f4_delay.o
 .debug_frame   0x000006bc      0x144 src/tm_stm32f4_exti.o
 .debug_frame   0x00000800      0x274 src/tm_stm32f4_gpio.o
 .debug_frame   0x00000a74      0x3a4 src/tm_stm32f4_nrf24l01.o
 .debug_frame   0x00000e18      0x2e8 src/tm_stm32f4_spi.o
 .debug_frame   0x00001100      0x3ec src/tm_stm32f4_usart.o
 .debug_frame   0x000014ec       0xd8 C:\Users\winstona\Documents\CE4020\nucleo-f446re_stdperiph_lib\Debug\libnucleo-f446re_stdperiph_lib.a(misc.o)
 .debug_frame   0x000015c4      0x904 C:\Users\winstona\Documents\CE4020\nucleo-f446re_stdperiph_lib\Debug\libnucleo-f446re_stdperiph_lib.a(stm32f4xx_rcc.o)
 .debug_frame   0x00001ec8      0x3f4 C:\Users\winstona\Documents\CE4020\nucleo-f446re_stdperiph_lib\Debug\libnucleo-f446re_stdperiph_lib.a(stm32f4xx_spi.o)
 .debug_frame   0x000022bc      0x490 C:\Users\winstona\Documents\CE4020\nucleo-f446re_stdperiph_lib\Debug\libnucleo-f446re_stdperiph_lib.a(stm32f4xx_usart.o)
 .debug_frame   0x0000274c       0x20 c:/ac6/systemworkbench/plugins/fr.ac6.mcu.externaltools.arm-none.win32_1.15.0.201708311556/tools/compiler/bin/../lib/gcc/arm-none-eabi/6.3.1/../../../../arm-none-eabi/lib/thumb/v7e-m/fpv4-sp/hard\libc.a(lib_a-errno.o)
 .debug_frame   0x0000276c       0x2c c:/ac6/systemworkbench/plugins/fr.ac6.mcu.externaltools.arm-none.win32_1.15.0.201708311556/tools/compiler/bin/../lib/gcc/arm-none-eabi/6.3.1/../../../../arm-none-eabi/lib/thumb/v7e-m/fpv4-sp/hard\libc.a(lib_a-init.o)
 .debug_frame   0x00002798       0x30 c:/ac6/systemworkbench/plugins/fr.ac6.mcu.externaltools.arm-none.win32_1.15.0.201708311556/tools/compiler/bin/../lib/gcc/arm-none-eabi/6.3.1/../../../../arm-none-eabi/lib/thumb/v7e-m/fpv4-sp/hard\libc.a(lib_a-malloc.o)
 .debug_frame   0x000027c8       0x58 c:/ac6/systemworkbench/plugins/fr.ac6.mcu.externaltools.arm-none.win32_1.15.0.201708311556/tools/compiler/bin/../lib/gcc/arm-none-eabi/6.3.1/../../../../arm-none-eabi/lib/thumb/v7e-m/fpv4-sp/hard\libc.a(lib_a-mallocr.o)
 .debug_frame   0x00002820       0x34 c:/ac6/systemworkbench/plugins/fr.ac6.mcu.externaltools.arm-none.win32_1.15.0.201708311556/tools/compiler/bin/../lib/gcc/arm-none-eabi/6.3.1/../../../../arm-none-eabi/lib/thumb/v7e-m/fpv4-sp/hard\libc.a(lib_a-memset.o)
 .debug_frame   0x00002854       0x30 c:/ac6/systemworkbench/plugins/fr.ac6.mcu.externaltools.arm-none.win32_1.15.0.201708311556/tools/compiler/bin/../lib/gcc/arm-none-eabi/6.3.1/../../../../arm-none-eabi/lib/thumb/v7e-m/fpv4-sp/hard\libc.a(lib_a-mlock.o)
 .debug_frame   0x00002884       0x2c c:/ac6/systemworkbench/plugins/fr.ac6.mcu.externaltools.arm-none.win32_1.15.0.201708311556/tools/compiler/bin/../lib/gcc/arm-none-eabi/6.3.1/../../../../arm-none-eabi/lib/thumb/v7e-m/fpv4-sp/hard\libc.a(lib_a-sbrkr.o)
 .debug_frame   0x000028b0       0x84 c:/ac6/systemworkbench/plugins/fr.ac6.mcu.externaltools.arm-none.win32_1.15.0.201708311556/tools/compiler/bin/../lib/gcc/arm-none-eabi/6.3.1/../../../../arm-none-eabi/lib/thumb/v7e-m/fpv4-sp/hard\libc.a(lib_a-sprintf.o)
 .debug_frame   0x00002934       0x40 c:/ac6/systemworkbench/plugins/fr.ac6.mcu.externaltools.arm-none.win32_1.15.0.201708311556/tools/compiler/bin/../lib/gcc/arm-none-eabi/6.3.1/../../../../arm-none-eabi/lib/thumb/v7e-m/fpv4-sp/hard\libc.a(lib_a-svfprintf.o)
 .debug_frame   0x00002974       0x5c c:/ac6/systemworkbench/plugins/fr.ac6.mcu.externaltools.arm-none.win32_1.15.0.201708311556/tools/compiler/bin/../lib/gcc/arm-none-eabi/6.3.1/../../../../arm-none-eabi/lib/thumb/v7e-m/fpv4-sp/hard\libc.a(lib_a-__call_atexit.o)
 .debug_frame   0x000029d0       0x20 c:/ac6/systemworkbench/plugins/fr.ac6.mcu.externaltools.arm-none.win32_1.15.0.201708311556/tools/compiler/bin/../lib/gcc/arm-none-eabi/6.3.1/../../../../arm-none-eabi/lib/thumb/v7e-m/fpv4-sp/hard\libc.a(lib_a-atexit.o)
 .debug_frame   0x000029f0       0x88 c:/ac6/systemworkbench/plugins/fr.ac6.mcu.externaltools.arm-none.win32_1.15.0.201708311556/tools/compiler/bin/../lib/gcc/arm-none-eabi/6.3.1/../../../../arm-none-eabi/lib/thumb/v7e-m/fpv4-sp/hard\libc.a(lib_a-dtoa.o)
 .debug_frame   0x00002a78       0x34 c:/ac6/systemworkbench/plugins/fr.ac6.mcu.externaltools.arm-none.win32_1.15.0.201708311556/tools/compiler/bin/../lib/gcc/arm-none-eabi/6.3.1/../../../../arm-none-eabi/lib/thumb/v7e-m/fpv4-sp/hard\libc.a(lib_a-fini.o)
 .debug_frame   0x00002aac       0x74 c:/ac6/systemworkbench/plugins/fr.ac6.mcu.externaltools.arm-none.win32_1.15.0.201708311556/tools/compiler/bin/../lib/gcc/arm-none-eabi/6.3.1/../../../../arm-none-eabi/lib/thumb/v7e-m/fpv4-sp/hard\libc.a(lib_a-freer.o)
 .debug_frame   0x00002b20       0x40 c:/ac6/systemworkbench/plugins/fr.ac6.mcu.externaltools.arm-none.win32_1.15.0.201708311556/tools/compiler/bin/../lib/gcc/arm-none-eabi/6.3.1/../../../../arm-none-eabi/lib/thumb/v7e-m/fpv4-sp/hard\libc.a(lib_a-localeconv.o)
 .debug_frame   0x00002b60       0xb0 c:/ac6/systemworkbench/plugins/fr.ac6.mcu.externaltools.arm-none.win32_1.15.0.201708311556/tools/compiler/bin/../lib/gcc/arm-none-eabi/6.3.1/../../../../arm-none-eabi/lib/thumb/v7e-m/fpv4-sp/hard\libc.a(lib_a-lock.o)
 .debug_frame   0x00002c10      0x25c c:/ac6/systemworkbench/plugins/fr.ac6.mcu.externaltools.arm-none.win32_1.15.0.201708311556/tools/compiler/bin/../lib/gcc/arm-none-eabi/6.3.1/../../../../arm-none-eabi/lib/thumb/v7e-m/fpv4-sp/hard\libc.a(lib_a-mprec.o)
 .debug_frame   0x00002e6c       0x58 c:/ac6/systemworkbench/plugins/fr.ac6.mcu.externaltools.arm-none.win32_1.15.0.201708311556/tools/compiler/bin/../lib/gcc/arm-none-eabi/6.3.1/../../../../arm-none-eabi/lib/thumb/v7e-m/fpv4-sp/hard\libc.a(lib_a-reent.o)
 .debug_frame   0x00002ec4       0x78 c:/ac6/systemworkbench/plugins/fr.ac6.mcu.externaltools.arm-none.win32_1.15.0.201708311556/tools/compiler/bin/../lib/gcc/arm-none-eabi/6.3.1/../../../../arm-none-eabi/lib/thumb/v7e-m/fpv4-sp/hard\libc.a(lib_a-svfiprintf.o)
 .debug_frame   0x00002f3c       0x34 c:/ac6/systemworkbench/plugins/fr.ac6.mcu.externaltools.arm-none.win32_1.15.0.201708311556/tools/compiler/bin/../lib/gcc/arm-none-eabi/6.3.1/../../../../arm-none-eabi/lib/thumb/v7e-m/fpv4-sp/hard\libc.a(lib_a-__atexit.o)
 .debug_frame   0x00002f70       0x28 c:/ac6/systemworkbench/plugins/fr.ac6.mcu.externaltools.arm-none.win32_1.15.0.201708311556/tools/compiler/bin/../lib/gcc/arm-none-eabi/6.3.1/../../../../arm-none-eabi/lib/thumb/v7e-m/fpv4-sp/hard\libc.a(lib_a-callocr.o)
 .debug_frame   0x00002f98       0x6c c:/ac6/systemworkbench/plugins/fr.ac6.mcu.externaltools.arm-none.win32_1.15.0.201708311556/tools/compiler/bin/../lib/gcc/arm-none-eabi/6.3.1/../../../../arm-none-eabi/lib/thumb/v7e-m/fpv4-sp/hard\libc.a(lib_a-locale.o)
 .debug_frame   0x00003004       0x4c c:/ac6/systemworkbench/plugins/fr.ac6.mcu.externaltools.arm-none.win32_1.15.0.201708311556/tools/compiler/bin/../lib/gcc/arm-none-eabi/6.3.1/../../../../arm-none-eabi/lib/thumb/v7e-m/fpv4-sp/hard\libc.a(lib_a-mbtowc_r.o)
 .debug_frame   0x00003050       0x30 c:/ac6/systemworkbench/plugins/fr.ac6.mcu.externaltools.arm-none.win32_1.15.0.201708311556/tools/compiler/bin/../lib/gcc/arm-none-eabi/6.3.1/../../../../arm-none-eabi/lib/thumb/v7e-m/fpv4-sp/hard\libc.a(lib_a-memmove.o)
 .debug_frame   0x00003080       0x68 c:/ac6/systemworkbench/plugins/fr.ac6.mcu.externaltools.arm-none.win32_1.15.0.201708311556/tools/compiler/bin/../lib/gcc/arm-none-eabi/6.3.1/../../../../arm-none-eabi/lib/thumb/v7e-m/fpv4-sp/hard\libc.a(lib_a-reallocr.o)
 .debug_frame   0x000030e8       0x3c c:/ac6/systemworkbench/plugins/fr.ac6.mcu.externaltools.arm-none.win32_1.15.0.201708311556/tools/compiler/bin/../lib/gcc/arm-none-eabi/6.3.1/../../../../arm-none-eabi/lib/thumb/v7e-m/fpv4-sp/hard\libc.a(lib_a-wctomb_r.o)
 .debug_frame   0x00003124       0xac c:/ac6/systemworkbench/plugins/fr.ac6.mcu.externaltools.arm-none.win32_1.15.0.201708311556/tools/compiler/bin/../lib/gcc/arm-none-eabi/6.3.1/thumb/v7e-m/fpv4-sp/hard\libgcc.a(_arm_addsubdf3.o)
 .debug_frame   0x000031d0       0x50 c:/ac6/systemworkbench/plugins/fr.ac6.mcu.externaltools.arm-none.win32_1.15.0.201708311556/tools/compiler/bin/../lib/gcc/arm-none-eabi/6.3.1/thumb/v7e-m/fpv4-sp/hard\libgcc.a(_arm_muldivdf3.o)
 .debug_frame   0x00003220       0xc4 c:/ac6/systemworkbench/plugins/fr.ac6.mcu.externaltools.arm-none.win32_1.15.0.201708311556/tools/compiler/bin/../lib/gcc/arm-none-eabi/6.3.1/thumb/v7e-m/fpv4-sp/hard\libgcc.a(_arm_cmpdf2.o)
 .debug_frame   0x000032e4       0x20 c:/ac6/systemworkbench/plugins/fr.ac6.mcu.externaltools.arm-none.win32_1.15.0.201708311556/tools/compiler/bin/../lib/gcc/arm-none-eabi/6.3.1/thumb/v7e-m/fpv4-sp/hard\libgcc.a(_arm_unorddf2.o)
 .debug_frame   0x00003304       0x24 c:/ac6/systemworkbench/plugins/fr.ac6.mcu.externaltools.arm-none.win32_1.15.0.201708311556/tools/compiler/bin/../lib/gcc/arm-none-eabi/6.3.1/thumb/v7e-m/fpv4-sp/hard\libgcc.a(_arm_fixdfsi.o)
 .debug_frame   0x00003328       0x2c c:/ac6/systemworkbench/plugins/fr.ac6.mcu.externaltools.arm-none.win32_1.15.0.201708311556/tools/compiler/bin/../lib/gcc/arm-none-eabi/6.3.1/thumb/v7e-m/fpv4-sp/hard\libgcc.a(_aeabi_uldivmod.o)
 .debug_frame   0x00003354       0x34 c:/ac6/systemworkbench/plugins/fr.ac6.mcu.externaltools.arm-none.win32_1.15.0.201708311556/tools/compiler/bin/../lib/gcc/arm-none-eabi/6.3.1/thumb/v7e-m/fpv4-sp/hard\libgcc.a(_udivmoddi4.o)
