Archive member included to satisfy reference by file (symbol)

C:\Users\winstona\Documents\CE4020\TLV\Debug\libTLV.a(tlv.o)
                              src/tlv_dac.o (tlv_initI2sPins)
C:\Users\winstona\Documents\CE4020\nucleo-f446re_stdperiph_lib\Debug\libnucleo-f446re_stdperiph_lib.a(stm32f4xx_gpio.o)
                              C:\Users\winstona\Documents\CE4020\TLV\Debug\libTLV.a(tlv.o) (GPIO_Init)
C:\Users\winstona\Documents\CE4020\nucleo-f446re_stdperiph_lib\Debug\libnucleo-f446re_stdperiph_lib.a(stm32f4xx_i2c.o)
                              src/tlv_dac.o (I2C_Init)
C:\Users\winstona\Documents\CE4020\nucleo-f446re_stdperiph_lib\Debug\libnucleo-f446re_stdperiph_lib.a(stm32f4xx_rcc.o)
                              C:\Users\winstona\Documents\CE4020\nucleo-f446re_stdperiph_lib\Debug\libnucleo-f446re_stdperiph_lib.a(stm32f4xx_i2c.o) (RCC_GetClocksFreq)
C:\Users\winstona\Documents\CE4020\nucleo-f446re_stdperiph_lib\Debug\libnucleo-f446re_stdperiph_lib.a(stm32f4xx_spi.o)
                              src/tlv_dac.o (SPI_I2S_DeInit)
c:/ac6/systemworkbench/plugins/fr.ac6.mcu.externaltools.arm-none.win32_1.7.0.201602121829/tools/compiler/bin/../lib/gcc/arm-none-eabi/5.2.1/../../../../arm-none-eabi/lib/armv7e-m/fpu\libc.a(lib_a-errno.o)
                              src/syscalls.o (__errno)
c:/ac6/systemworkbench/plugins/fr.ac6.mcu.externaltools.arm-none.win32_1.7.0.201602121829/tools/compiler/bin/../lib/gcc/arm-none-eabi/5.2.1/../../../../arm-none-eabi/lib/armv7e-m/fpu\libc.a(lib_a-exit.o)
                              c:/ac6/systemworkbench/plugins/fr.ac6.mcu.externaltools.arm-none.win32_1.7.0.201602121829/tools/compiler/bin/../lib/gcc/arm-none-eabi/5.2.1/../../../../arm-none-eabi/lib/armv7e-m/fpu/crt0.o (exit)
c:/ac6/systemworkbench/plugins/fr.ac6.mcu.externaltools.arm-none.win32_1.7.0.201602121829/tools/compiler/bin/../lib/gcc/arm-none-eabi/5.2.1/../../../../arm-none-eabi/lib/armv7e-m/fpu\libc.a(lib_a-impure.o)
                              c:/ac6/systemworkbench/plugins/fr.ac6.mcu.externaltools.arm-none.win32_1.7.0.201602121829/tools/compiler/bin/../lib/gcc/arm-none-eabi/5.2.1/../../../../arm-none-eabi/lib/armv7e-m/fpu\libc.a(lib_a-exit.o) (_global_impure_ptr)
c:/ac6/systemworkbench/plugins/fr.ac6.mcu.externaltools.arm-none.win32_1.7.0.201602121829/tools/compiler/bin/../lib/gcc/arm-none-eabi/5.2.1/../../../../arm-none-eabi/lib/armv7e-m/fpu\libc.a(lib_a-init.o)
                              c:/ac6/systemworkbench/plugins/fr.ac6.mcu.externaltools.arm-none.win32_1.7.0.201602121829/tools/compiler/bin/../lib/gcc/arm-none-eabi/5.2.1/../../../../arm-none-eabi/lib/armv7e-m/fpu/crt0.o (__libc_init_array)
c:/ac6/systemworkbench/plugins/fr.ac6.mcu.externaltools.arm-none.win32_1.7.0.201602121829/tools/compiler/bin/../lib/gcc/arm-none-eabi/5.2.1/../../../../arm-none-eabi/lib/armv7e-m/fpu\libc.a(lib_a-memset.o)
                              c:/ac6/systemworkbench/plugins/fr.ac6.mcu.externaltools.arm-none.win32_1.7.0.201602121829/tools/compiler/bin/../lib/gcc/arm-none-eabi/5.2.1/../../../../arm-none-eabi/lib/armv7e-m/fpu/crt0.o (memset)
c:/ac6/systemworkbench/plugins/fr.ac6.mcu.externaltools.arm-none.win32_1.7.0.201602121829/tools/compiler/bin/../lib/gcc/arm-none-eabi/5.2.1/../../../../arm-none-eabi/lib/armv7e-m/fpu\libc.a(lib_a-__call_atexit.o)
                              c:/ac6/systemworkbench/plugins/fr.ac6.mcu.externaltools.arm-none.win32_1.7.0.201602121829/tools/compiler/bin/../lib/gcc/arm-none-eabi/5.2.1/../../../../arm-none-eabi/lib/armv7e-m/fpu\libc.a(lib_a-exit.o) (__call_exitprocs)
c:/ac6/systemworkbench/plugins/fr.ac6.mcu.externaltools.arm-none.win32_1.7.0.201602121829/tools/compiler/bin/../lib/gcc/arm-none-eabi/5.2.1/../../../../arm-none-eabi/lib/armv7e-m/fpu\libc.a(lib_a-atexit.o)
                              c:/ac6/systemworkbench/plugins/fr.ac6.mcu.externaltools.arm-none.win32_1.7.0.201602121829/tools/compiler/bin/../lib/gcc/arm-none-eabi/5.2.1/../../../../arm-none-eabi/lib/armv7e-m/fpu\libc.a(lib_a-__call_atexit.o) (atexit)
c:/ac6/systemworkbench/plugins/fr.ac6.mcu.externaltools.arm-none.win32_1.7.0.201602121829/tools/compiler/bin/../lib/gcc/arm-none-eabi/5.2.1/../../../../arm-none-eabi/lib/armv7e-m/fpu\libc.a(lib_a-fini.o)
                              c:/ac6/systemworkbench/plugins/fr.ac6.mcu.externaltools.arm-none.win32_1.7.0.201602121829/tools/compiler/bin/../lib/gcc/arm-none-eabi/5.2.1/../../../../arm-none-eabi/lib/armv7e-m/fpu\libc.a(lib_a-__call_atexit.o) (__libc_fini_array)
c:/ac6/systemworkbench/plugins/fr.ac6.mcu.externaltools.arm-none.win32_1.7.0.201602121829/tools/compiler/bin/../lib/gcc/arm-none-eabi/5.2.1/../../../../arm-none-eabi/lib/armv7e-m/fpu\libc.a(lib_a-__atexit.o)
                              c:/ac6/systemworkbench/plugins/fr.ac6.mcu.externaltools.arm-none.win32_1.7.0.201602121829/tools/compiler/bin/../lib/gcc/arm-none-eabi/5.2.1/../../../../arm-none-eabi/lib/armv7e-m/fpu\libc.a(lib_a-atexit.o) (__register_exitproc)

Discarded input sections

[...]
Memory Configuration

Name             Origin             Length             Attributes
RAM              0x20000000         0x00020000         xrw
ROM              0x08000000         0x00080000         xr
*default*        0x00000000         0xffffffff

Linker script and memory map

LOAD c:/ac6/systemworkbench/plugins/fr.ac6.mcu.externaltools.arm-none.win32_1.7.0.201602121829/tools/compiler/bin/../lib/gcc/arm-none-eabi/5.2.1/armv7e-m/fpu/crti.o
LOAD c:/ac6/systemworkbench/plugins/fr.ac6.mcu.externaltools.arm-none.win32_1.7.0.201602121829/tools/compiler/bin/../lib/gcc/arm-none-eabi/5.2.1/armv7e-m/fpu/crtbegin.o
LOAD c:/ac6/systemworkbench/plugins/fr.ac6.mcu.externaltools.arm-none.win32_1.7.0.201602121829/tools/compiler/bin/../lib/gcc/arm-none-eabi/5.2.1/../../../../arm-none-eabi/lib/armv7e-m/fpu/crt0.o
LOAD c:/ac6/systemworkbench/plugins/fr.ac6.mcu.externaltools.arm-none.win32_1.7.0.201602121829/tools/compiler/bin/../lib/gcc/arm-none-eabi/5.2.1/../../../../arm-none-eabi/lib/armv7e-m/fpu\libm.a
LOAD src/main.o
LOAD src/ringbuffer.o
LOAD src/syscalls.o
LOAD src/system_stm32f4xx.o
LOAD src/tlv_dac.o
LOAD startup/startup_stm32.o
LOAD C:\Users\winstona\Documents\CE4020\TLV\Debug\libTLV.a
LOAD C:\Users\winstona\Documents\CE4020\nucleo-f446re_stdperiph_lib\Debug\libnucleo-f446re_stdperiph_lib.a
START GROUP
LOAD c:/ac6/systemworkbench/plugins/fr.ac6.mcu.externaltools.arm-none.win32_1.7.0.201602121829/tools/compiler/bin/../lib/gcc/arm-none-eabi/5.2.1/armv7e-m/fpu\libgcc.a
LOAD c:/ac6/systemworkbench/plugins/fr.ac6.mcu.externaltools.arm-none.win32_1.7.0.201602121829/tools/compiler/bin/../lib/gcc/arm-none-eabi/5.2.1/../../../../arm-none-eabi/lib/armv7e-m/fpu\libc.a
END GROUP
LOAD c:/ac6/systemworkbench/plugins/fr.ac6.mcu.externaltools.arm-none.win32_1.7.0.201602121829/tools/compiler/bin/../lib/gcc/arm-none-eabi/5.2.1/armv7e-m/fpu/crtend.o
LOAD c:/ac6/systemworkbench/plugins/fr.ac6.mcu.externaltools.arm-none.win32_1.7.0.201602121829/tools/compiler/bin/../lib/gcc/arm-none-eabi/5.2.1/armv7e-m/fpu/crtn.o
                0x20020000                _estack = 0x20020000
                0x00000000                _Min_Heap_Size = 0x0
                0x00000400                _Min_Stack_Size = 0x400

.isr_vector     0x08000000      0x188
                0x08000000                . = ALIGN (0x4)
 *(.isr_vector)
 .isr_vector    0x08000000      0x188 startup/startup_stm32.o
                0x08000000                g_pfnVectors
                0x08000188                . = ALIGN (0x4)

.text           0x08000188      0xdac
                0x08000188                . = ALIGN (0x4)
 *(.text)
 .text          0x08000188       0xa4 c:/ac6/systemworkbench/plugins/fr.ac6.mcu.externaltools.arm-none.win32_1.7.0.201602121829/tools/compiler/bin/../lib/gcc/arm-none-eabi/5.2.1/armv7e-m/fpu/crtbegin.o
 *(.text*)
 .text.main     0x0800022c        0xc src/main.o
                0x0800022c                main
 .text.SystemInit
                0x08000238       0x6c src/system_stm32f4xx.o
                0x08000238                SystemInit
 .text.SetSysClock
                0x080002a4      0x12c src/system_stm32f4xx.o
 .text.tlv_dac_init
                0x080003d0       0x4c src/tlv_dac.o
                0x080003d0                tlv_dac_init
 .text._tlv_dac_initRegisters
                0x0800041c       0x38 src/tlv_dac.o
 .text.Reset_Handler
                0x08000454       0x48 startup/startup_stm32.o
                0x08000454                Reset_Handler
 .text.Default_Handler
                0x0800049c        0x2 startup/startup_stm32.o
                0x0800049c                DebugMon_Handler
                0x0800049c                HardFault_Handler
                0x0800049c                SysTick_Handler
                0x0800049c                PendSV_Handler
                0x0800049c                NMI_Handler
                0x0800049c                UsageFault_Handler
                0x0800049c                Default_Handler
                0x0800049c                MemManage_Handler
                0x0800049c                SVC_Handler
                0x0800049c                BusFault_Handler
 *fill*         0x0800049e        0x2 
 .text.tlv_initI2sPins
                0x080004a0       0x4c C:\Users\winstona\Documents\CE4020\TLV\Debug\libTLV.a(tlv.o)
                0x080004a0                tlv_initI2sPins
 .text.tlv_initI2cPins
                0x080004ec       0x54 C:\Users\winstona\Documents\CE4020\TLV\Debug\libTLV.a(tlv.o)
                0x080004ec                tlv_initI2cPins
 .text.tlv_i2c_write
                0x08000540       0x98 C:\Users\winstona\Documents\CE4020\TLV\Debug\libTLV.a(tlv.o)
                0x08000540                tlv_i2c_write
 .text.GPIO_Init
                0x080005d8      0x11c C:\Users\winstona\Documents\CE4020\nucleo-f446re_stdperiph_lib\Debug\libnucleo-f446re_stdperiph_lib.a(stm32f4xx_gpio.o)
                0x080005d8                GPIO_Init
 .text.GPIO_StructInit
                0x080006f4       0x34 C:\Users\winstona\Documents\CE4020\nucleo-f446re_stdperiph_lib\Debug\libnucleo-f446re_stdperiph_lib.a(stm32f4xx_gpio.o)
                0x080006f4                GPIO_StructInit
 .text.GPIO_PinAFConfig
                0x08000728       0x94 C:\Users\winstona\Documents\CE4020\nucleo-f446re_stdperiph_lib\Debug\libnucleo-f446re_stdperiph_lib.a(stm32f4xx_gpio.o)
                0x08000728                GPIO_PinAFConfig
 .text.I2C_Init
                0x080007bc      0x184 C:\Users\winstona\Documents\CE4020\nucleo-f446re_stdperiph_lib\Debug\libnucleo-f446re_stdperiph_lib.a(stm32f4xx_i2c.o)
                0x080007bc                I2C_Init
 .text.I2C_StructInit
                0x08000940       0x40 C:\Users\winstona\Documents\CE4020\nucleo-f446re_stdperiph_lib\Debug\libnucleo-f446re_stdperiph_lib.a(stm32f4xx_i2c.o)
                0x08000940                I2C_StructInit
 .text.I2C_GenerateSTART
                0x08000980       0x40 C:\Users\winstona\Documents\CE4020\nucleo-f446re_stdperiph_lib\Debug\libnucleo-f446re_stdperiph_lib.a(stm32f4xx_i2c.o)
                0x08000980                I2C_GenerateSTART
 .text.I2C_GenerateSTOP
                0x080009c0       0x40 C:\Users\winstona\Documents\CE4020\nucleo-f446re_stdperiph_lib\Debug\libnucleo-f446re_stdperiph_lib.a(stm32f4xx_i2c.o)
                0x080009c0                I2C_GenerateSTOP
 .text.I2C_Send7bitAddress
                0x08000a00       0x3c C:\Users\winstona\Documents\CE4020\nucleo-f446re_stdperiph_lib\Debug\libnucleo-f446re_stdperiph_lib.a(stm32f4xx_i2c.o)
                0x08000a00                I2C_Send7bitAddress
 .text.I2C_SendData
                0x08000a3c       0x20 C:\Users\winstona\Documents\CE4020\nucleo-f446re_stdperiph_lib\Debug\libnucleo-f446re_stdperiph_lib.a(stm32f4xx_i2c.o)
                0x08000a3c                I2C_SendData
 .text.I2C_CheckEvent
                0x08000a5c       0x60 C:\Users\winstona\Documents\CE4020\nucleo-f446re_stdperiph_lib\Debug\libnucleo-f446re_stdperiph_lib.a(stm32f4xx_i2c.o)
                0x08000a5c                I2C_CheckEvent
 .text.I2C_GetFlagStatus
                0x08000abc       0x68 C:\Users\winstona\Documents\CE4020\nucleo-f446re_stdperiph_lib\Debug\libnucleo-f446re_stdperiph_lib.a(stm32f4xx_i2c.o)
                0x08000abc                I2C_GetFlagStatus
 .text.RCC_GetClocksFreq
                0x08000b24      0x1fc C:\Users\winstona\Documents\CE4020\nucleo-f446re_stdperiph_lib\Debug\libnucleo-f446re_stdperiph_lib.a(stm32f4xx_rcc.o)
                0x08000b24                RCC_GetClocksFreq
 .text.RCC_AHB1PeriphClockCmd
                0x08000d20       0x40 C:\Users\winstona\Documents\CE4020\nucleo-f446re_stdperiph_lib\Debug\libnucleo-f446re_stdperiph_lib.a(stm32f4xx_rcc.o)
                0x08000d20                RCC_AHB1PeriphClockCmd
 .text.RCC_APB1PeriphClockCmd
                0x08000d60       0x40 C:\Users\winstona\Documents\CE4020\nucleo-f446re_stdperiph_lib\Debug\libnucleo-f446re_stdperiph_lib.a(stm32f4xx_rcc.o)
                0x08000d60                RCC_APB1PeriphClockCmd
 .text.RCC_APB2PeriphClockCmd
                0x08000da0       0x40 C:\Users\winstona\Documents\CE4020\nucleo-f446re_stdperiph_lib\Debug\libnucleo-f446re_stdperiph_lib.a(stm32f4xx_rcc.o)
                0x08000da0                RCC_APB2PeriphClockCmd
 .text.__libc_init_array
                0x08000de0       0x50 c:/ac6/systemworkbench/plugins/fr.ac6.mcu.externaltools.arm-none.win32_1.7.0.201602121829/tools/compiler/bin/../lib/gcc/arm-none-eabi/5.2.1/../../../../arm-none-eabi/lib/armv7e-m/fpu\libc.a(lib_a-init.o)
                0x08000de0                __libc_init_array
 .text.startup.register_fini
                0x08000e30       0x14 c:/ac6/systemworkbench/plugins/fr.ac6.mcu.externaltools.arm-none.win32_1.7.0.201602121829/tools/compiler/bin/../lib/gcc/arm-none-eabi/5.2.1/../../../../arm-none-eabi/lib/armv7e-m/fpu\libc.a(lib_a-__call_atexit.o)
 .text.atexit   0x08000e44        0xc c:/ac6/systemworkbench/plugins/fr.ac6.mcu.externaltools.arm-none.win32_1.7.0.201602121829/tools/compiler/bin/../lib/gcc/arm-none-eabi/5.2.1/../../../../arm-none-eabi/lib/armv7e-m/fpu\libc.a(lib_a-atexit.o)
                0x08000e44                atexit
 .text.__libc_fini_array
                0x08000e50       0x28 c:/ac6/systemworkbench/plugins/fr.ac6.mcu.externaltools.arm-none.win32_1.7.0.201602121829/tools/compiler/bin/../lib/gcc/arm-none-eabi/5.2.1/../../../../arm-none-eabi/lib/armv7e-m/fpu\libc.a(lib_a-fini.o)
                0x08000e50                __libc_fini_array
 .text.__register_exitproc
                0x08000e78       0xa4 c:/ac6/systemworkbench/plugins/fr.ac6.mcu.externaltools.arm-none.win32_1.7.0.201602121829/tools/compiler/bin/../lib/gcc/arm-none-eabi/5.2.1/../../../../arm-none-eabi/lib/armv7e-m/fpu\libc.a(lib_a-__atexit.o)
                0x08000e78                __register_exitproc
 *(.glue_7)
 .glue_7        0x08000f1c        0x0 linker stubs
 *(.glue_7t)
 .glue_7t       0x08000f1c        0x0 linker stubs
 *(.eh_frame)
 .eh_frame      0x08000f1c        0x0 c:/ac6/systemworkbench/plugins/fr.ac6.mcu.externaltools.arm-none.win32_1.7.0.201602121829/tools/compiler/bin/../lib/gcc/arm-none-eabi/5.2.1/armv7e-m/fpu/crtbegin.o
 *(.init)
 .init          0x08000f1c        0x4 c:/ac6/systemworkbench/plugins/fr.ac6.mcu.externaltools.arm-none.win32_1.7.0.201602121829/tools/compiler/bin/../lib/gcc/arm-none-eabi/5.2.1/armv7e-m/fpu/crti.o
                0x08000f1c                _init
 .init          0x08000f20        0x8 c:/ac6/systemworkbench/plugins/fr.ac6.mcu.externaltools.arm-none.win32_1.7.0.201602121829/tools/compiler/bin/../lib/gcc/arm-none-eabi/5.2.1/armv7e-m/fpu/crtn.o
 *(.fini)
 .fini          0x08000f28        0x4 c:/ac6/systemworkbench/plugins/fr.ac6.mcu.externaltools.arm-none.win32_1.7.0.201602121829/tools/compiler/bin/../lib/gcc/arm-none-eabi/5.2.1/armv7e-m/fpu/crti.o
                0x08000f28                _fini
 .fini          0x08000f2c        0x8 c:/ac6/systemworkbench/plugins/fr.ac6.mcu.externaltools.arm-none.win32_1.7.0.201602121829/tools/compiler/bin/../lib/gcc/arm-none-eabi/5.2.1/armv7e-m/fpu/crtn.o
                0x08000f34                . = ALIGN (0x4)
                0x08000f34                _etext = .

.vfp11_veneer   0x08000f34        0x0
 .vfp11_veneer  0x08000f34        0x0 linker stubs

.v4_bx          0x08000f34        0x0
 .v4_bx         0x08000f34        0x0 linker stubs

.iplt           0x08000f34        0x0
 .iplt          0x08000f34        0x0 c:/ac6/systemworkbench/plugins/fr.ac6.mcu.externaltools.arm-none.win32_1.7.0.201602121829/tools/compiler/bin/../lib/gcc/arm-none-eabi/5.2.1/armv7e-m/fpu/crtbegin.o

.rodata         0x08000f34        0x8
                0x08000f34                . = ALIGN (0x4)
 *(.rodata)
 *(.rodata*)
 .rodata.str1.4
                0x08000f34        0x4 c:/ac6/systemworkbench/plugins/fr.ac6.mcu.externaltools.arm-none.win32_1.7.0.201602121829/tools/compiler/bin/../lib/gcc/arm-none-eabi/5.2.1/../../../../arm-none-eabi/lib/armv7e-m/fpu\libc.a(lib_a-impure.o)
                                  0x2 (size before relaxing)
 .rodata._global_impure_ptr
                0x08000f38        0x4 c:/ac6/systemworkbench/plugins/fr.ac6.mcu.externaltools.arm-none.win32_1.7.0.201602121829/tools/compiler/bin/../lib/gcc/arm-none-eabi/5.2.1/../../../../arm-none-eabi/lib/armv7e-m/fpu\libc.a(lib_a-impure.o)
                0x08000f38                _global_impure_ptr
                0x08000f3c                . = ALIGN (0x4)

.rel.dyn        0x08000f3c        0x0
 .rel.iplt      0x08000f3c        0x0 c:/ac6/systemworkbench/plugins/fr.ac6.mcu.externaltools.arm-none.win32_1.7.0.201602121829/tools/compiler/bin/../lib/gcc/arm-none-eabi/5.2.1/armv7e-m/fpu/crtbegin.o

.ARM.extab      0x08000f3c        0x0
                0x08000f3c                . = ALIGN (0x4)
 *(.ARM.extab* .gnu.linkonce.armextab.*)
                0x08000f3c                . = ALIGN (0x4)

.ARM            0x08000f3c        0x0
                0x08000f3c                . = ALIGN (0x4)
                0x08000f3c                __exidx_start = .
 *(.ARM.exidx*)
                0x08000f3c                __exidx_end = .
                0x08000f3c                . = ALIGN (0x4)

.preinit_array  0x08000f3c        0x0
                0x08000f3c                . = ALIGN (0x4)
                0x08000f3c                PROVIDE (__preinit_array_start, .)
 *(.preinit_array*)
                0x08000f3c                PROVIDE (__preinit_array_end, .)
                0x08000f3c                . = ALIGN (0x4)

.init_array     0x08000f3c        0x8
                0x08000f3c                . = ALIGN (0x4)
                0x08000f3c                PROVIDE (__init_array_start, .)
 *(SORT(.init_array.*))
 .init_array.00000
                0x08000f3c        0x4 c:/ac6/systemworkbench/plugins/fr.ac6.mcu.externaltools.arm-none.win32_1.7.0.201602121829/tools/compiler/bin/../lib/gcc/arm-none-eabi/5.2.1/../../../../arm-none-eabi/lib/armv7e-m/fpu\libc.a(lib_a-__call_atexit.o)
 *(.init_array*)
 .init_array    0x08000f40        0x4 c:/ac6/systemworkbench/plugins/fr.ac6.mcu.externaltools.arm-none.win32_1.7.0.201602121829/tools/compiler/bin/../lib/gcc/arm-none-eabi/5.2.1/armv7e-m/fpu/crtbegin.o
                0x08000f44                PROVIDE (__init_array_end, .)
                0x08000f44                . = ALIGN (0x4)

.fini_array     0x08000f44        0x4
                0x08000f44                . = ALIGN (0x4)
                0x08000f44                PROVIDE (__fini_array_start, .)
 *(SORT(.fini_array.*))
 *(.fini_array*)
 .fini_array    0x08000f44        0x4 c:/ac6/systemworkbench/plugins/fr.ac6.mcu.externaltools.arm-none.win32_1.7.0.201602121829/tools/compiler/bin/../lib/gcc/arm-none-eabi/5.2.1/armv7e-m/fpu/crtbegin.o
                0x08000f48                PROVIDE (__fini_array_end, .)
                0x08000f48                . = ALIGN (0x4)
                0x08000f48                _sidata = LOADADDR (.data)

.data           0x20000000      0x438 load address 0x08000f48
                0x20000000                . = ALIGN (0x4)
                0x20000000                _sdata = .
 *(.data)
 .data          0x20000000       0x10 C:\Users\winstona\Documents\CE4020\nucleo-f446re_stdperiph_lib\Debug\libnucleo-f446re_stdperiph_lib.a(stm32f4xx_rcc.o)
 *(.data*)
 .data.impure_data
                0x20000010      0x428 c:/ac6/systemworkbench/plugins/fr.ac6.mcu.externaltools.arm-none.win32_1.7.0.201602121829/tools/compiler/bin/../lib/gcc/arm-none-eabi/5.2.1/../../../../arm-none-eabi/lib/armv7e-m/fpu\libc.a(lib_a-impure.o)
                0x20000438                . = ALIGN (0x4)
                0x20000438                _edata = .

.jcr            0x20000438        0x0 load address 0x08001380
 .jcr           0x20000438        0x0 c:/ac6/systemworkbench/plugins/fr.ac6.mcu.externaltools.arm-none.win32_1.7.0.201602121829/tools/compiler/bin/../lib/gcc/arm-none-eabi/5.2.1/armv7e-m/fpu/crtbegin.o

.tm_clone_table
                0x20000438        0x0 load address 0x08001380
 .tm_clone_table
                0x20000438        0x0 c:/ac6/systemworkbench/plugins/fr.ac6.mcu.externaltools.arm-none.win32_1.7.0.201602121829/tools/compiler/bin/../lib/gcc/arm-none-eabi/5.2.1/armv7e-m/fpu/crtbegin.o
 .tm_clone_table
                0x20000438        0x0 c:/ac6/systemworkbench/plugins/fr.ac6.mcu.externaltools.arm-none.win32_1.7.0.201602121829/tools/compiler/bin/../lib/gcc/arm-none-eabi/5.2.1/armv7e-m/fpu/crtend.o

.igot.plt       0x20000438        0x0 load address 0x08001380
 .igot.plt      0x20000438        0x0 c:/ac6/systemworkbench/plugins/fr.ac6.mcu.externaltools.arm-none.win32_1.7.0.201602121829/tools/compiler/bin/../lib/gcc/arm-none-eabi/5.2.1/armv7e-m/fpu/crtbegin.o
                0x20000438                . = ALIGN (0x4)

.bss            0x20000438       0x1c load address 0x08001380
                0x20000438                _sbss = .
                0x20000438                __bss_start__ = _sbss
 *(.bss)
 .bss           0x20000438       0x1c c:/ac6/systemworkbench/plugins/fr.ac6.mcu.externaltools.arm-none.win32_1.7.0.201602121829/tools/compiler/bin/../lib/gcc/arm-none-eabi/5.2.1/armv7e-m/fpu/crtbegin.o
 *(.bss*)
 *(COMMON)
                0x20000454                . = ALIGN (0x4)
                0x20000454                _ebss = .
                0x20000454                __bss_end__ = _ebss

._user_heap_stack
                0x20000454      0x404 load address 0x08001380
                0x20000458                . = ALIGN (0x8)
 *fill*         0x20000454        0x4 
                0x20000458                PROVIDE (end, .)
                [!provide]                PROVIDE (_end, .)
                0x20000458                . = (. + _Min_Heap_Size)
                0x20000858                . = (. + _Min_Stack_Size)
 *fill*         0x20000458      0x400 
                0x20000858                . = ALIGN (0x8)

/DISCARD/
 libc.a(*)
 libm.a(*)
 libgcc.a(*)

.ARM.attributes
                0x00000000       0x30
 *(.ARM.attributes)
 .ARM.attributes
                0x00000000       0x22 c:/ac6/systemworkbench/plugins/fr.ac6.mcu.externaltools.arm-none.win32_1.7.0.201602121829/tools/compiler/bin/../lib/gcc/arm-none-eabi/5.2.1/armv7e-m/fpu/crti.o
 .ARM.attributes
                0x00000022       0x34 c:/ac6/systemworkbench/plugins/fr.ac6.mcu.externaltools.arm-none.win32_1.7.0.201602121829/tools/compiler/bin/../lib/gcc/arm-none-eabi/5.2.1/armv7e-m/fpu/crtbegin.o
 .ARM.attributes
                0x00000056       0x39 src/main.o
 .ARM.attributes
                0x0000008f       0x39 src/system_stm32f4xx.o
 .ARM.attributes
                0x000000c8       0x39 src/tlv_dac.o
 .ARM.attributes
                0x00000101       0x25 startup/startup_stm32.o
 .ARM.attributes
                0x00000126       0x39 C:\Users\winstona\Documents\CE4020\TLV\Debug\libTLV.a(tlv.o)
 .ARM.attributes
                0x0000015f       0x39 C:\Users\winstona\Documents\CE4020\nucleo-f446re_stdperiph_lib\Debug\libnucleo-f446re_stdperiph_lib.a(stm32f4xx_gpio.o)
 .ARM.attributes
                0x00000198       0x39 C:\Users\winstona\Documents\CE4020\nucleo-f446re_stdperiph_lib\Debug\libnucleo-f446re_stdperiph_lib.a(stm32f4xx_i2c.o)
 .ARM.attributes
                0x000001d1       0x39 C:\Users\winstona\Documents\CE4020\nucleo-f446re_stdperiph_lib\Debug\libnucleo-f446re_stdperiph_lib.a(stm32f4xx_rcc.o)
 .ARM.attributes
                0x0000020a       0x34 c:/ac6/systemworkbench/plugins/fr.ac6.mcu.externaltools.arm-none.win32_1.7.0.201602121829/tools/compiler/bin/../lib/gcc/arm-none-eabi/5.2.1/../../../../arm-none-eabi/lib/armv7e-m/fpu\libc.a(lib_a-impure.o)
 .ARM.attributes
                0x0000023e       0x34 c:/ac6/systemworkbench/plugins/fr.ac6.mcu.externaltools.arm-none.win32_1.7.0.201602121829/tools/compiler/bin/../lib/gcc/arm-none-eabi/5.2.1/../../../../arm-none-eabi/lib/armv7e-m/fpu\libc.a(lib_a-init.o)
 .ARM.attributes
                0x00000272       0x34 c:/ac6/systemworkbench/plugins/fr.ac6.mcu.externaltools.arm-none.win32_1.7.0.201602121829/tools/compiler/bin/../lib/gcc/arm-none-eabi/5.2.1/../../../../arm-none-eabi/lib/armv7e-m/fpu\libc.a(lib_a-__call_atexit.o)
 .ARM.attributes
                0x000002a6       0x34 c:/ac6/systemworkbench/plugins/fr.ac6.mcu.externaltools.arm-none.win32_1.7.0.201602121829/tools/compiler/bin/../lib/gcc/arm-none-eabi/5.2.1/../../../../arm-none-eabi/lib/armv7e-m/fpu\libc.a(lib_a-atexit.o)
 .ARM.attributes
                0x000002da       0x34 c:/ac6/systemworkbench/plugins/fr.ac6.mcu.externaltools.arm-none.win32_1.7.0.201602121829/tools/compiler/bin/../lib/gcc/arm-none-eabi/5.2.1/../../../../arm-none-eabi/lib/armv7e-m/fpu\libc.a(lib_a-fini.o)
 .ARM.attributes
                0x0000030e       0x34 c:/ac6/systemworkbench/plugins/fr.ac6.mcu.externaltools.arm-none.win32_1.7.0.201602121829/tools/compiler/bin/../lib/gcc/arm-none-eabi/5.2.1/../../../../arm-none-eabi/lib/armv7e-m/fpu\libc.a(lib_a-__atexit.o)
 .ARM.attributes
                0x00000342       0x34 c:/ac6/systemworkbench/plugins/fr.ac6.mcu.externaltools.arm-none.win32_1.7.0.201602121829/tools/compiler/bin/../lib/gcc/arm-none-eabi/5.2.1/armv7e-m/fpu/crtend.o
 .ARM.attributes
                0x00000376       0x22 c:/ac6/systemworkbench/plugins/fr.ac6.mcu.externaltools.arm-none.win32_1.7.0.201602121829/tools/compiler/bin/../lib/gcc/arm-none-eabi/5.2.1/armv7e-m/fpu/crtn.o
OUTPUT(DAC.elf elf32-littlearm)

.debug_info     0x00000000     0x317d
 .debug_info    0x00000000       0xb3 src/main.o
 .debug_info    0x000000b3      0x5f1 src/system_stm32f4xx.o
 .debug_info    0x000006a4      0x45b src/tlv_dac.o
 .debug_info    0x00000aff       0x6d startup/startup_stm32.o
 .debug_info    0x00000b6c      0x4d4 C:\Users\winstona\Documents\CE4020\TLV\Debug\libTLV.a(tlv.o)
 .debug_info    0x00001040      0x625 C:\Users\winstona\Documents\CE4020\nucleo-f446re_stdperiph_lib\Debug\libnucleo-f446re_stdperiph_lib.a(stm32f4xx_gpio.o)
 .debug_info    0x00001665      0xb9b C:\Users\winstona\Documents\CE4020\nucleo-f446re_stdperiph_lib\Debug\libnucleo-f446re_stdperiph_lib.a(stm32f4xx_i2c.o)
 .debug_info    0x00002200      0xf7d C:\Users\winstona\Documents\CE4020\nucleo-f446re_stdperiph_lib\Debug\libnucleo-f446re_stdperiph_lib.a(stm32f4xx_rcc.o)

.debug_abbrev   0x00000000      0x8fc
 .debug_abbrev  0x00000000       0x6c src/main.o
 .debug_abbrev  0x0000006c      0x13d src/system_stm32f4xx.o
 .debug_abbrev  0x000001a9      0x11e src/tlv_dac.o
 .debug_abbrev  0x000002c7       0x12 startup/startup_stm32.o
 .debug_abbrev  0x000002d9      0x14b C:\Users\winstona\Documents\CE4020\TLV\Debug\libTLV.a(tlv.o)
 .debug_abbrev  0x00000424      0x1ac C:\Users\winstona\Documents\CE4020\nucleo-f446re_stdperiph_lib\Debug\libnucleo-f446re_stdperiph_lib.a(stm32f4xx_gpio.o)
 .debug_abbrev  0x000005d0      0x16b C:\Users\winstona\Documents\CE4020\nucleo-f446re_stdperiph_lib\Debug\libnucleo-f446re_stdperiph_lib.a(stm32f4xx_i2c.o)
 .debug_abbrev  0x0000073b      0x1c1 C:\Users\winstona\Documents\CE4020\nucleo-f446re_stdperiph_lib\Debug\libnucleo-f446re_stdperiph_lib.a(stm32f4xx_rcc.o)

.debug_aranges  0x00000000      0x480
 .debug_aranges
                0x00000000       0x20 src/main.o
 .debug_aranges
                0x00000020       0x30 src/system_stm32f4xx.o
 .debug_aranges
                0x00000050       0x30 src/tlv_dac.o
 .debug_aranges
                0x00000080       0x28 startup/startup_stm32.o
 .debug_aranges
                0x000000a8       0x38 C:\Users\winstona\Documents\CE4020\TLV\Debug\libTLV.a(tlv.o)
 .debug_aranges
                0x000000e0       0x88 C:\Users\winstona\Documents\CE4020\nucleo-f446re_stdperiph_lib\Debug\libnucleo-f446re_stdperiph_lib.a(stm32f4xx_gpio.o)
 .debug_aranges
                0x00000168      0x130 C:\Users\winstona\Documents\CE4020\nucleo-f446re_stdperiph_lib\Debug\libnucleo-f446re_stdperiph_lib.a(stm32f4xx_i2c.o)
 .debug_aranges
                0x00000298      0x1e8 C:\Users\winstona\Documents\CE4020\nucleo-f446re_stdperiph_lib\Debug\libnucleo-f446re_stdperiph_lib.a(stm32f4xx_rcc.o)

.debug_ranges   0x00000000      0x408
 .debug_ranges  0x00000000       0x10 src/main.o
 .debug_ranges  0x00000010       0x20 src/system_stm32f4xx.o
 .debug_ranges  0x00000030       0x20 src/tlv_dac.o
 .debug_ranges  0x00000050       0x20 startup/startup_stm32.o
 .debug_ranges  0x00000070       0x28 C:\Users\winstona\Documents\CE4020\TLV\Debug\libTLV.a(tlv.o)
 .debug_ranges  0x00000098       0x78 C:\Users\winstona\Documents\CE4020\nucleo-f446re_stdperiph_lib\Debug\libnucleo-f446re_stdperiph_lib.a(stm32f4xx_gpio.o)
 .debug_ranges  0x00000110      0x120 C:\Users\winstona\Documents\CE4020\nucleo-f446re_stdperiph_lib\Debug\libnucleo-f446re_stdperiph_lib.a(stm32f4xx_i2c.o)
 .debug_ranges  0x00000230      0x1d8 C:\Users\winstona\Documents\CE4020\nucleo-f446re_stdperiph_lib\Debug\libnucleo-f446re_stdperiph_lib.a(stm32f4xx_rcc.o)

.debug_macro    0x00000000    0x12d5b
 .debug_macro   0x00000000      0x222 src/main.o
 .debug_macro   0x00000222      0x8aa src/main.o
 .debug_macro   0x00000acc       0x58 src/main.o
 .debug_macro   0x00000b24       0x22 src/main.o
 .debug_macro   0x00000b46       0x35 src/main.o
 .debug_macro   0x00000b7b       0xfd src/main.o
 .debug_macro   0x00000c78       0x4a src/main.o
 .debug_macro   0x00000cc2       0x22 src/main.o
 .debug_macro   0x00000ce4      0x1df src/main.o
 .debug_macro   0x00000ec3       0x82 src/main.o
 .debug_macro   0x00000f45      0x45d src/main.o
 .debug_macro   0x000013a2       0x65 src/main.o
 .debug_macro   0x00001407       0x3b src/main.o
 .debug_macro   0x00001442       0x2d src/main.o
 .debug_macro   0x0000146f       0x26 src/main.o
 .debug_macro   0x00001495      0xd39 src/main.o
 .debug_macro   0x000021ce     0x9a9e src/main.o
 .debug_macro   0x0000bc6c      0x448 src/main.o
 .debug_macro   0x0000c0b4       0xb2 src/main.o
 .debug_macro   0x0000c166      0x477 src/main.o
 .debug_macro   0x0000c5dd       0xb5 src/main.o
 .debug_macro   0x0000c692      0x41c src/main.o
 .debug_macro   0x0000caae      0x33a src/main.o
 .debug_macro   0x0000cde8      0x2ba src/main.o
 .debug_macro   0x0000d0a2       0x64 src/main.o
 .debug_macro   0x0000d106      0x100 src/main.o
 .debug_macro   0x0000d206      0x741 src/main.o
 .debug_macro   0x0000d947      0x57b src/main.o
 .debug_macro   0x0000dec2      0x342 src/main.o
 .debug_macro   0x0000e204      0x36c src/main.o
 .debug_macro   0x0000e570       0xf7 src/main.o
 .debug_macro   0x0000e667      0x73b src/main.o
 .debug_macro   0x0000eda2      0x223 src/main.o
 .debug_macro   0x0000efc5       0x34 src/main.o
 .debug_macro   0x0000eff9       0x82 src/main.o
 .debug_macro   0x0000f07b      0x144 src/main.o
 .debug_macro   0x0000f1bf       0xc3 src/main.o
 .debug_macro   0x0000f282      0x3cf src/main.o
 .debug_macro   0x0000f651      0x188 src/main.o
 .debug_macro   0x0000f7d9      0x149 src/main.o
 .debug_macro   0x0000f922      0x21e src/main.o
 .debug_macro   0x0000fb40      0x23a src/main.o
 .debug_macro   0x0000fd7a      0x336 src/main.o
 .debug_macro   0x000100b0      0x28e src/main.o
 .debug_macro   0x0001033e      0x29a src/main.o
 .debug_macro   0x000105d8      0x142 src/main.o
 .debug_macro   0x0001071a      0x191 src/main.o
 .debug_macro   0x000108ab       0x35 src/main.o
 .debug_macro   0x000108e0      0x20a src/system_stm32f4xx.o
 .debug_macro   0x00010aea       0x44 src/system_stm32f4xx.o
 .debug_macro   0x00010b2e      0x2e4 src/tlv_dac.o
 .debug_macro   0x00010e12      0x2da C:\Users\winstona\Documents\CE4020\TLV\Debug\libTLV.a(tlv.o)
 .debug_macro   0x000110ec      0x1ed C:\Users\winstona\Documents\CE4020\nucleo-f446re_stdperiph_lib\Debug\libnucleo-f446re_stdperiph_lib.a(stm32f4xx_gpio.o)
 .debug_macro   0x000112d9      0x8a4 C:\Users\winstona\Documents\CE4020\nucleo-f446re_stdperiph_lib\Debug\libnucleo-f446re_stdperiph_lib.a(stm32f4xx_gpio.o)
 .debug_macro   0x00011b7d      0x334 C:\Users\winstona\Documents\CE4020\nucleo-f446re_stdperiph_lib\Debug\libnucleo-f446re_stdperiph_lib.a(stm32f4xx_gpio.o)
 .debug_macro   0x00011eb1      0x1ff C:\Users\winstona\Documents\CE4020\nucleo-f446re_stdperiph_lib\Debug\libnucleo-f446re_stdperiph_lib.a(stm32f4xx_i2c.o)
 .debug_macro   0x000120b0      0x2b4 C:\Users\winstona\Documents\CE4020\nucleo-f446re_stdperiph_lib\Debug\libnucleo-f446re_stdperiph_lib.a(stm32f4xx_i2c.o)
 .debug_macro   0x00012364      0x2bc C:\Users\winstona\Documents\CE4020\nucleo-f446re_stdperiph_lib\Debug\libnucleo-f446re_stdperiph_lib.a(stm32f4xx_rcc.o)
 .debug_macro   0x00012620      0x73b C:\Users\winstona\Documents\CE4020\nucleo-f446re_stdperiph_lib\Debug\libnucleo-f446re_stdperiph_lib.a(stm32f4xx_rcc.o)

.debug_line     0x00000000     0x3ad9
 .debug_line    0x00000000      0x6f8 src/main.o
 .debug_line    0x000006f8      0x728 src/system_stm32f4xx.o
 .debug_line    0x00000e20      0x767 src/tlv_dac.o
 .debug_line    0x00001587       0x79 startup/startup_stm32.o
 .debug_line    0x00001600      0x77f C:\Users\winstona\Documents\CE4020\TLV\Debug\libTLV.a(tlv.o)
 .debug_line    0x00001d7f      0x81b C:\Users\winstona\Documents\CE4020\nucleo-f446re_stdperiph_lib\Debug\libnucleo-f446re_stdperiph_lib.a(stm32f4xx_gpio.o)
 .debug_line    0x0000259a      0x9af C:\Users\winstona\Documents\CE4020\nucleo-f446re_stdperiph_lib\Debug\libnucleo-f446re_stdperiph_lib.a(stm32f4xx_i2c.o)
 .debug_line    0x00002f49      0xb90 C:\Users\winstona\Documents\CE4020\nucleo-f446re_stdperiph_lib\Debug\libnucleo-f446re_stdperiph_lib.a(stm32f4xx_rcc.o)

.debug_str      0x00000000    0x6d1e8
 .debug_str     0x00000000    0x6b5d1 src/main.o
                              0x6b86b (size before relaxing)
 .debug_str     0x0006b5d1      0x28e src/system_stm32f4xx.o
                              0x6a805 (size before relaxing)
 .debug_str     0x0006b85f      0x4ab src/tlv_dac.o
                              0x6bd79 (size before relaxing)
 .debug_str     0x0006bd0a      0x1ee C:\Users\winstona\Documents\CE4020\TLV\Debug\libTLV.a(tlv.o)
                              0x6be39 (size before relaxing)
 .debug_str     0x0006bef8      0x1d1 C:\Users\winstona\Documents\CE4020\nucleo-f446re_stdperiph_lib\Debug\libnucleo-f446re_stdperiph_lib.a(stm32f4xx_gpio.o)
                              0x6a8a6 (size before relaxing)
 .debug_str     0x0006c0c9      0x461 C:\Users\winstona\Documents\CE4020\nucleo-f446re_stdperiph_lib\Debug\libnucleo-f446re_stdperiph_lib.a(stm32f4xx_i2c.o)
                              0x6ab1c (size before relaxing)
 .debug_str     0x0006c52a      0xcbe C:\Users\winstona\Documents\CE4020\nucleo-f446re_stdperiph_lib\Debug\libnucleo-f446re_stdperiph_lib.a(stm32f4xx_rcc.o)
                              0x6b482 (size before relaxing)

.comment        0x00000000       0x6e
 .comment       0x00000000       0x6e src/main.o
                                 0x6f (size before relaxing)
 .comment       0x0000006e       0x6f src/system_stm32f4xx.o
 .comment       0x0000006e       0x6f src/tlv_dac.o
 .comment       0x0000006e       0x6f C:\Users\winstona\Documents\CE4020\TLV\Debug\libTLV.a(tlv.o)
 .comment       0x0000006e       0x6f C:\Users\winstona\Documents\CE4020\nucleo-f446re_stdperiph_lib\Debug\libnucleo-f446re_stdperiph_lib.a(stm32f4xx_gpio.o)
 .comment       0x0000006e       0x6f C:\Users\winstona\Documents\CE4020\nucleo-f446re_stdperiph_lib\Debug\libnucleo-f446re_stdperiph_lib.a(stm32f4xx_i2c.o)
 .comment       0x0000006e       0x6f C:\Users\winstona\Documents\CE4020\nucleo-f446re_stdperiph_lib\Debug\libnucleo-f446re_stdperiph_lib.a(stm32f4xx_rcc.o)

.debug_frame    0x00000000     0x1380
 .debug_frame   0x00000000       0x2c src/main.o
 .debug_frame   0x0000002c       0x7c src/system_stm32f4xx.o
 .debug_frame   0x000000a8       0x74 src/tlv_dac.o
 .debug_frame   0x0000011c       0xa0 C:\Users\winstona\Documents\CE4020\TLV\Debug\libTLV.a(tlv.o)
 .debug_frame   0x000001bc      0x23c C:\Users\winstona\Documents\CE4020\nucleo-f446re_stdperiph_lib\Debug\libnucleo-f446re_stdperiph_lib.a(stm32f4xx_gpio.o)
 .debug_frame   0x000003f8      0x580 C:\Users\winstona\Documents\CE4020\nucleo-f446re_stdperiph_lib\Debug\libnucleo-f446re_stdperiph_lib.a(stm32f4xx_i2c.o)
 .debug_frame   0x00000978      0x904 C:\Users\winstona\Documents\CE4020\nucleo-f446re_stdperiph_lib\Debug\libnucleo-f446re_stdperiph_lib.a(stm32f4xx_rcc.o)
 .debug_frame   0x0000127c       0x2c c:/ac6/systemworkbench/plugins/fr.ac6.mcu.externaltools.arm-none.win32_1.7.0.201602121829/tools/compiler/bin/../lib/gcc/arm-none-eabi/5.2.1/../../../../arm-none-eabi/lib/armv7e-m/fpu\libc.a(lib_a-init.o)
 .debug_frame   0x000012a8       0x50 c:/ac6/systemworkbench/plugins/fr.ac6.mcu.externaltools.arm-none.win32_1.7.0.201602121829/tools/compiler/bin/../lib/gcc/arm-none-eabi/5.2.1/../../../../arm-none-eabi/lib/armv7e-m/fpu\libc.a(lib_a-__call_atexit.o)
 .debug_frame   0x000012f8       0x20 c:/ac6/systemworkbench/plugins/fr.ac6.mcu.externaltools.arm-none.win32_1.7.0.201602121829/tools/compiler/bin/../lib/gcc/arm-none-eabi/5.2.1/../../../../arm-none-eabi/lib/armv7e-m/fpu\libc.a(lib_a-atexit.o)
 .debug_frame   0x00001318       0x34 c:/ac6/systemworkbench/plugins/fr.ac6.mcu.externaltools.arm-none.win32_1.7.0.201602121829/tools/compiler/bin/../lib/gcc/arm-none-eabi/5.2.1/../../../../arm-none-eabi/lib/armv7e-m/fpu\libc.a(lib_a-fini.o)
 .debug_frame   0x0000134c       0x34 c:/ac6/systemworkbench/plugins/fr.ac6.mcu.externaltools.arm-none.win32_1.7.0.201602121829/tools/compiler/bin/../lib/gcc/arm-none-eabi/5.2.1/../../../../arm-none-eabi/lib/armv7e-m/fpu\libc.a(lib_a-__atexit.o)
