08:26:35 **** Build of configuration Debug for project ADC ****
make all 
Building file: ../startup/startup_stm32.s
Invoking: MCU GCC Assembler
%cd%
arm-none-eabi-as -mcpu=cortex-m4 -mthumb -mfloat-abi=hard -mfpu=fpv4-sp-d16 -I"C:/Users/winstona/Documents/CE4020/nucleo-f446re_stdperiph_lib" -I"C:/Users/winstona/Documents/CE4020/ADC/inc" -I"C:/Users/winstona/Documents/CE4020/nucleo-f446re_stdperiph_lib/CMSIS/core" -I"C:/Users/winstona/Documents/CE4020/nucleo-f446re_stdperiph_lib/CMSIS/device" -I"C:/Users/winstona/Documents/CE4020/nucleo-f446re_stdperiph_lib/StdPeriph_Driver/inc" -I"C:/Users/winstona/Documents/CE4020/TLV/inc" -g -o "startup/startup_stm32.o" "../startup/startup_stm32.s"
Finished building: ../startup/startup_stm32.s
 
Building file: ../src/main.c
Invoking: MCU GCC Compiler
%cd%
arm-none-eabi-gcc -mcpu=cortex-m4 -mthumb -mfloat-abi=hard -mfpu=fpv4-sp-d16 -DSTM32F446RETx -DNUCLEO_F446RE -DSTM32F4 -DSTM32 -DDEBUG -DUSE_STDPERIPH_DRIVER -DSTM32F446xx -I"C:/Users/winstona/Documents/CE4020/TLV" -I"C:/Users/winstona/Documents/CE4020/nucleo-f446re_stdperiph_lib" -I"C:/Users/winstona/Documents/CE4020/ADC/inc" -I"C:/Users/winstona/Documents/CE4020/nucleo-f446re_stdperiph_lib/CMSIS/core" -I"C:/Users/winstona/Documents/CE4020/nucleo-f446re_stdperiph_lib/CMSIS/device" -I"C:/Users/winstona/Documents/CE4020/nucleo-f446re_stdperiph_lib/StdPeriph_Driver/inc" -I"C:/Users/winstona/Documents/CE4020/TLV/inc" -O0 -g3 -Wall -fmessage-length=0 -ffunction-sections -c -MMD -MP -MF"src/main.d" -MT"src/main.o" -o "src/main.o" "../src/main.c"
../src/main.c: In function 'main':
../src/main.c:17:2: warning: implicit declaration of function 'tlv_adc_init' [-Wimplicit-function-declaration]
  tlv_adc_init();
  ^
Finished building: ../src/main.c
 
Building file: ../src/syscalls.c
Invoking: MCU GCC Compiler
%cd%
arm-none-eabi-gcc -mcpu=cortex-m4 -mthumb -mfloat-abi=hard -mfpu=fpv4-sp-d16 -DSTM32F446RETx -DNUCLEO_F446RE -DSTM32F4 -DSTM32 -DDEBUG -DUSE_STDPERIPH_DRIVER -DSTM32F446xx -I"C:/Users/winstona/Documents/CE4020/TLV" -I"C:/Users/winstona/Documents/CE4020/nucleo-f446re_stdperiph_lib" -I"C:/Users/winstona/Documents/CE4020/ADC/inc" -I"C:/Users/winstona/Documents/CE4020/nucleo-f446re_stdperiph_lib/CMSIS/core" -I"C:/Users/winstona/Documents/CE4020/nucleo-f446re_stdperiph_lib/CMSIS/device" -I"C:/Users/winstona/Documents/CE4020/nucleo-f446re_stdperiph_lib/StdPeriph_Driver/inc" -I"C:/Users/winstona/Documents/CE4020/TLV/inc" -O0 -g3 -Wall -fmessage-length=0 -ffunction-sections -c -MMD -MP -MF"src/syscalls.d" -MT"src/syscalls.o" -o "src/syscalls.o" "../src/syscalls.c"
Finished building: ../src/syscalls.c
 
Building file: ../src/system_stm32f4xx.c
Invoking: MCU GCC Compiler
%cd%
arm-none-eabi-gcc -mcpu=cortex-m4 -mthumb -mfloat-abi=hard -mfpu=fpv4-sp-d16 -DSTM32F446RETx -DNUCLEO_F446RE -DSTM32F4 -DSTM32 -DDEBUG -DUSE_STDPERIPH_DRIVER -DSTM32F446xx -I"C:/Users/winstona/Documents/CE4020/TLV" -I"C:/Users/winstona/Documents/CE4020/nucleo-f446re_stdperiph_lib" -I"C:/Users/winstona/Documents/CE4020/ADC/inc" -I"C:/Users/winstona/Documents/CE4020/nucleo-f446re_stdperiph_lib/CMSIS/core" -I"C:/Users/winstona/Documents/CE4020/nucleo-f446re_stdperiph_lib/CMSIS/device" -I"C:/Users/winstona/Documents/CE4020/nucleo-f446re_stdperiph_lib/StdPeriph_Driver/inc" -I"C:/Users/winstona/Documents/CE4020/TLV/inc" -O0 -g3 -Wall -fmessage-length=0 -ffunction-sections -c -MMD -MP -MF"src/system_stm32f4xx.d" -MT"src/system_stm32f4xx.o" -o "src/system_stm32f4xx.o" "../src/system_stm32f4xx.c"
Finished building: ../src/system_stm32f4xx.c
 
Building file: ../src/tlv_adc.c
Invoking: MCU GCC Compiler
%cd%
arm-none-eabi-gcc -mcpu=cortex-m4 -mthumb -mfloat-abi=hard -mfpu=fpv4-sp-d16 -DSTM32F446RETx -DNUCLEO_F446RE -DSTM32F4 -DSTM32 -DDEBUG -DUSE_STDPERIPH_DRIVER -DSTM32F446xx -I"C:/Users/winstona/Documents/CE4020/TLV" -I"C:/Users/winstona/Documents/CE4020/nucleo-f446re_stdperiph_lib" -I"C:/Users/winstona/Documents/CE4020/ADC/inc" -I"C:/Users/winstona/Documents/CE4020/nucleo-f446re_stdperiph_lib/CMSIS/core" -I"C:/Users/winstona/Documents/CE4020/nucleo-f446re_stdperiph_lib/CMSIS/device" -I"C:/Users/winstona/Documents/CE4020/nucleo-f446re_stdperiph_lib/StdPeriph_Driver/inc" -I"C:/Users/winstona/Documents/CE4020/TLV/inc" -O0 -g3 -Wall -fmessage-length=0 -ffunction-sections -c -MMD -MP -MF"src/tlv_adc.d" -MT"src/tlv_adc.o" -o "src/tlv_adc.o" "../src/tlv_adc.c"
../src/tlv_adc.c:19:13: warning: '_tlv_adc_I2S_audioSettings' defined but not used [-Wunused-function]
 static void _tlv_adc_I2S_audioSettings()
             ^
../src/tlv_adc.c:24:13: warning: '_tlv_adc_initRegisters' defined but not used [-Wunused-function]
 static void _tlv_adc_initRegisters()
             ^
Finished building: ../src/tlv_adc.c
 
Building target: ADC.elf
Invoking: MCU GCC Linker
arm-none-eabi-gcc -mcpu=cortex-m4 -mthumb -mfloat-abi=hard -mfpu=fpv4-sp-d16 -L"C:\Users\winstona\Documents\CE4020\TLV\Debug" -L"C:\Users\winstona\Documents\CE4020\nucleo-f446re_stdperiph_lib\Debug" -T"C:\Users\winstona\Documents\CE4020\ADC\LinkerScript.ld" -Wl,-Map=output.map -Wl,--gc-sections -lm -o "ADC.elf" @"objects.list"  -lTLV -lnucleo-f446re_stdperiph_lib
Finished building target: ADC.elf
 
make --no-print-directory post-build
Generating binary and Printing size information:
arm-none-eabi-objcopy -O binary "ADC.elf" "ADC.bin"
arm-none-eabi-size "ADC.elf"
   text	   data	    bss	    dec	    hex	filename
   1416	   1076	   1056	   3548	    ddc	ADC.elf
 

08:26:41 Build Finished (took 5s.886ms)

