22:23:24 **** Incremental Build of configuration Debug for project DAC ****
make all 
Building file: ../src/main.c
Invoking: MCU GCC Compiler
%cd%
arm-none-eabi-gcc -mcpu=cortex-m4 -mthumb -mfloat-abi=hard -mfpu=fpv4-sp-d16 -DSTM32F446RETx -DNUCLEO_F446RE -DSTM32F4 -DSTM32 -DDEBUG -DUSE_STDPERIPH_DRIVER -DSTM32F446xx -I"C:/Users/winstona/Documents/CE4020/TLV/inc" -I"C:/Users/winstona/Documents/CE4020/nucleo-f446re_stdperiph_lib" -I"C:/Users/winstona/Documents/CE4020/DAC/inc" -I"C:/Users/winstona/Documents/CE4020/nucleo-f446re_stdperiph_lib/CMSIS/core" -I"C:/Users/winstona/Documents/CE4020/nucleo-f446re_stdperiph_lib/CMSIS/device" -I"C:/Users/winstona/Documents/CE4020/nucleo-f446re_stdperiph_lib/StdPeriph_Driver/inc" -O0 -g3 -Wall -fmessage-length=0 -ffunction-sections -c -MMD -MP -MF"src/main.d" -MT"src/main.o" -o "src/main.o" "../src/main.c"
Finished building: ../src/main.c
 
Building file: ../src/tlv_dac.c
Invoking: MCU GCC Compiler
%cd%
arm-none-eabi-gcc -mcpu=cortex-m4 -mthumb -mfloat-abi=hard -mfpu=fpv4-sp-d16 -DSTM32F446RETx -DNUCLEO_F446RE -DSTM32F4 -DSTM32 -DDEBUG -DUSE_STDPERIPH_DRIVER -DSTM32F446xx -I"C:/Users/winstona/Documents/CE4020/TLV/inc" -I"C:/Users/winstona/Documents/CE4020/nucleo-f446re_stdperiph_lib" -I"C:/Users/winstona/Documents/CE4020/DAC/inc" -I"C:/Users/winstona/Documents/CE4020/nucleo-f446re_stdperiph_lib/CMSIS/core" -I"C:/Users/winstona/Documents/CE4020/nucleo-f446re_stdperiph_lib/CMSIS/device" -I"C:/Users/winstona/Documents/CE4020/nucleo-f446re_stdperiph_lib/StdPeriph_Driver/inc" -O0 -g3 -Wall -fmessage-length=0 -ffunction-sections -c -MMD -MP -MF"src/tlv_dac.d" -MT"src/tlv_dac.o" -o "src/tlv_dac.o" "../src/tlv_dac.c"
Finished building: ../src/tlv_dac.c
 
Building target: DAC.elf
Invoking: MCU GCC Linker
arm-none-eabi-gcc -mcpu=cortex-m4 -mthumb -mfloat-abi=hard -mfpu=fpv4-sp-d16 -L"C:\Users\winstona\Documents\CE4020\TLV\Debug" -L"C:\Users\winstona\Documents\CE4020\nucleo-f446re_stdperiph_lib\Debug" -T"C:\Users\winstona\Documents\CE4020\DAC\LinkerScript.ld" -Wl,-Map=output.map -Wl,--gc-sections -lm -o "DAC.elf" @"objects.list"  -lTLV -lm -lnucleo-f446re_stdperiph_lib
Finished building target: DAC.elf
 
make --no-print-directory post-build
Generating binary and Printing size information:
arm-none-eabi-objcopy -O binary "DAC.elf" "DAC.bin"
arm-none-eabi-size "DAC.elf"
   text	   data	    bss	    dec	    hex	filename
  13140	   1092	   1056	  15288	   3bb8	DAC.elf
 

22:23:27 Build Finished (took 3s.607ms)

