21:09:35 **** Build of configuration Debug for project nRFmodule ****
make all 
Building file: ../startup/startup_stm32.s
Invoking: MCU GCC Assembler
C:\Users\banikp\Documents\DAC\nRFmodule\Debug
arm-none-eabi-as -mcpu=cortex-m4 -mthumb -mfloat-abi=hard -mfpu=fpv4-sp-d16 -I"C:/Users/banikp/Documents/DAC/nRFmodule/StdPeriph_Driver/inc" -I"C:/Users/banikp/Documents/DAC/nRFmodule/inc" -I"C:/Users/banikp/Documents/DAC/nRFmodule/CMSIS/device" -I"C:/Users/banikp/Documents/DAC/nRFmodule/CMSIS/core" -g -o "startup/startup_stm32.o" "../startup/startup_stm32.s"
Finished building: ../startup/startup_stm32.s
 
Building file: ../src/main.c
Invoking: MCU GCC Compiler
C:\Users\banikp\Documents\DAC\nRFmodule\Debug
arm-none-eabi-gcc -mcpu=cortex-m4 -mthumb -mfloat-abi=hard -mfpu=fpv4-sp-d16 -DSTM32 -DSTM32F4 -DSTM32F446RETx -DNUCLEO_F446RE -DDEBUG -DSTM32F446xx -DUSE_STDPERIPH_DRIVER -I"C:/Users/banikp/Documents/DAC/nRFmodule/StdPeriph_Driver/inc" -I"C:/Users/banikp/Documents/DAC/nRFmodule/inc" -I"C:/Users/banikp/Documents/DAC/nRFmodule/CMSIS/device" -I"C:/Users/banikp/Documents/DAC/nRFmodule/CMSIS/core" -O0 -g3 -Wall -fmessage-length=0 -ffunction-sections -c -MMD -MP -MF"src/main.d" -MT"src/main.o" -o "src/main.o" "../src/main.c"
../src/main.c: In function 'main':
../src/main.c:117:19: warning: format '%u' expects argument of type 'unsigned int', but argument 3 has type 'uint32_t {aka volatile long unsigned int}' [-Wformat=]
    sprintf(str, "%u ms: ", TM_DELAY_Time());
                   ^
Finished building: ../src/main.c
 
Building file: ../src/stm32f4xx_it.c
Invoking: MCU GCC Compiler
C:\Users\banikp\Documents\DAC\nRFmodule\Debug
arm-none-eabi-gcc -mcpu=cortex-m4 -mthumb -mfloat-abi=hard -mfpu=fpv4-sp-d16 -DSTM32 -DSTM32F4 -DSTM32F446RETx -DNUCLEO_F446RE -DDEBUG -DSTM32F446xx -DUSE_STDPERIPH_DRIVER -I"C:/Users/banikp/Documents/DAC/nRFmodule/StdPeriph_Driver/inc" -I"C:/Users/banikp/Documents/DAC/nRFmodule/inc" -I"C:/Users/banikp/Documents/DAC/nRFmodule/CMSIS/device" -I"C:/Users/banikp/Documents/DAC/nRFmodule/CMSIS/core" -O0 -g3 -Wall -fmessage-length=0 -ffunction-sections -c -MMD -MP -MF"src/stm32f4xx_it.d" -MT"src/stm32f4xx_it.o" -o "src/stm32f4xx_it.o" "../src/stm32f4xx_it.c"
Finished building: ../src/stm32f4xx_it.c
 
Building file: ../src/syscalls.c
Invoking: MCU GCC Compiler
C:\Users\banikp\Documents\DAC\nRFmodule\Debug
arm-none-eabi-gcc -mcpu=cortex-m4 -mthumb -mfloat-abi=hard -mfpu=fpv4-sp-d16 -DSTM32 -DSTM32F4 -DSTM32F446RETx -DNUCLEO_F446RE -DDEBUG -DSTM32F446xx -DUSE_STDPERIPH_DRIVER -I"C:/Users/banikp/Documents/DAC/nRFmodule/StdPeriph_Driver/inc" -I"C:/Users/banikp/Documents/DAC/nRFmodule/inc" -I"C:/Users/banikp/Documents/DAC/nRFmodule/CMSIS/device" -I"C:/Users/banikp/Documents/DAC/nRFmodule/CMSIS/core" -O0 -g3 -Wall -fmessage-length=0 -ffunction-sections -c -MMD -MP -MF"src/syscalls.d" -MT"src/syscalls.o" -o "src/syscalls.o" "../src/syscalls.c"
Finished building: ../src/syscalls.c
 
Building file: ../src/system_stm32f4xx.c
Invoking: MCU GCC Compiler
C:\Users\banikp\Documents\DAC\nRFmodule\Debug
arm-none-eabi-gcc -mcpu=cortex-m4 -mthumb -mfloat-abi=hard -mfpu=fpv4-sp-d16 -DSTM32 -DSTM32F4 -DSTM32F446RETx -DNUCLEO_F446RE -DDEBUG -DSTM32F446xx -DUSE_STDPERIPH_DRIVER -I"C:/Users/banikp/Documents/DAC/nRFmodule/StdPeriph_Driver/inc" -I"C:/Users/banikp/Documents/DAC/nRFmodule/inc" -I"C:/Users/banikp/Documents/DAC/nRFmodule/CMSIS/device" -I"C:/Users/banikp/Documents/DAC/nRFmodule/CMSIS/core" -O0 -g3 -Wall -fmessage-length=0 -ffunction-sections -c -MMD -MP -MF"src/system_stm32f4xx.d" -MT"src/system_stm32f4xx.o" -o "src/system_stm32f4xx.o" "../src/system_stm32f4xx.c"
../src/system_stm32f4xx.c: In function 'SetSysClock':
../src/system_stm32f4xx.c:760:5: warning: this 'while' clause does not guard... [-Wmisleading-indentation]
     while ((RCC->CFGR & (uint32_t)RCC_CFGR_SWS ) != RCC_CFGR_SWS_PLL);
     ^~~~~
../src/system_stm32f4xx.c:761:5: note: ...this statement, but the latter is misleadingly indented as if it is guarded by the 'while'
     {
     ^
Finished building: ../src/system_stm32f4xx.c
 
Building file: ../src/tm_stm32f4_delay.c
Invoking: MCU GCC Compiler
C:\Users\banikp\Documents\DAC\nRFmodule\Debug
arm-none-eabi-gcc -mcpu=cortex-m4 -mthumb -mfloat-abi=hard -mfpu=fpv4-sp-d16 -DSTM32 -DSTM32F4 -DSTM32F446RETx -DNUCLEO_F446RE -DDEBUG -DSTM32F446xx -DUSE_STDPERIPH_DRIVER -I"C:/Users/banikp/Documents/DAC/nRFmodule/StdPeriph_Driver/inc" -I"C:/Users/banikp/Documents/DAC/nRFmodule/inc" -I"C:/Users/banikp/Documents/DAC/nRFmodule/CMSIS/device" -I"C:/Users/banikp/Documents/DAC/nRFmodule/CMSIS/core" -O0 -g3 -Wall -fmessage-length=0 -ffunction-sections -c -MMD -MP -MF"src/tm_stm32f4_delay.d" -MT"src/tm_stm32f4_delay.o" -o "src/tm_stm32f4_delay.o" "../src/tm_stm32f4_delay.c"
Finished building: ../src/tm_stm32f4_delay.c
 
Building file: ../src/tm_stm32f4_exti.c
Invoking: MCU GCC Compiler
C:\Users\banikp\Documents\DAC\nRFmodule\Debug
arm-none-eabi-gcc -mcpu=cortex-m4 -mthumb -mfloat-abi=hard -mfpu=fpv4-sp-d16 -DSTM32 -DSTM32F4 -DSTM32F446RETx -DNUCLEO_F446RE -DDEBUG -DSTM32F446xx -DUSE_STDPERIPH_DRIVER -I"C:/Users/banikp/Documents/DAC/nRFmodule/StdPeriph_Driver/inc" -I"C:/Users/banikp/Documents/DAC/nRFmodule/inc" -I"C:/Users/banikp/Documents/DAC/nRFmodule/CMSIS/device" -I"C:/Users/banikp/Documents/DAC/nRFmodule/CMSIS/core" -O0 -g3 -Wall -fmessage-length=0 -ffunction-sections -c -MMD -MP -MF"src/tm_stm32f4_exti.d" -MT"src/tm_stm32f4_exti.o" -o "src/tm_stm32f4_exti.o" "../src/tm_stm32f4_exti.c"
Finished building: ../src/tm_stm32f4_exti.c
 
Building file: ../src/tm_stm32f4_gpio.c
Invoking: MCU GCC Compiler
C:\Users\banikp\Documents\DAC\nRFmodule\Debug
arm-none-eabi-gcc -mcpu=cortex-m4 -mthumb -mfloat-abi=hard -mfpu=fpv4-sp-d16 -DSTM32 -DSTM32F4 -DSTM32F446RETx -DNUCLEO_F446RE -DDEBUG -DSTM32F446xx -DUSE_STDPERIPH_DRIVER -I"C:/Users/banikp/Documents/DAC/nRFmodule/StdPeriph_Driver/inc" -I"C:/Users/banikp/Documents/DAC/nRFmodule/inc" -I"C:/Users/banikp/Documents/DAC/nRFmodule/CMSIS/device" -I"C:/Users/banikp/Documents/DAC/nRFmodule/CMSIS/core" -O0 -g3 -Wall -fmessage-length=0 -ffunction-sections -c -MMD -MP -MF"src/tm_stm32f4_gpio.d" -MT"src/tm_stm32f4_gpio.o" -o "src/tm_stm32f4_gpio.o" "../src/tm_stm32f4_gpio.c"
Finished building: ../src/tm_stm32f4_gpio.c
 
Building file: ../src/tm_stm32f4_nrf24l01.c
Invoking: MCU GCC Compiler
C:\Users\banikp\Documents\DAC\nRFmodule\Debug
arm-none-eabi-gcc -mcpu=cortex-m4 -mthumb -mfloat-abi=hard -mfpu=fpv4-sp-d16 -DSTM32 -DSTM32F4 -DSTM32F446RETx -DNUCLEO_F446RE -DDEBUG -DSTM32F446xx -DUSE_STDPERIPH_DRIVER -I"C:/Users/banikp/Documents/DAC/nRFmodule/StdPeriph_Driver/inc" -I"C:/Users/banikp/Documents/DAC/nRFmodule/inc" -I"C:/Users/banikp/Documents/DAC/nRFmodule/CMSIS/device" -I"C:/Users/banikp/Documents/DAC/nRFmodule/CMSIS/core" -O0 -g3 -Wall -fmessage-length=0 -ffunction-sections -c -MMD -MP -MF"src/tm_stm32f4_nrf24l01.d" -MT"src/tm_stm32f4_nrf24l01.o" -o "src/tm_stm32f4_nrf24l01.o" "../src/tm_stm32f4_nrf24l01.c"
Finished building: ../src/tm_stm32f4_nrf24l01.c
 
Building file: ../src/tm_stm32f4_spi.c
Invoking: MCU GCC Compiler
C:\Users\banikp\Documents\DAC\nRFmodule\Debug
arm-none-eabi-gcc -mcpu=cortex-m4 -mthumb -mfloat-abi=hard -mfpu=fpv4-sp-d16 -DSTM32 -DSTM32F4 -DSTM32F446RETx -DNUCLEO_F446RE -DDEBUG -DSTM32F446xx -DUSE_STDPERIPH_DRIVER -I"C:/Users/banikp/Documents/DAC/nRFmodule/StdPeriph_Driver/inc" -I"C:/Users/banikp/Documents/DAC/nRFmodule/inc" -I"C:/Users/banikp/Documents/DAC/nRFmodule/CMSIS/device" -I"C:/Users/banikp/Documents/DAC/nRFmodule/CMSIS/core" -O0 -g3 -Wall -fmessage-length=0 -ffunction-sections -c -MMD -MP -MF"src/tm_stm32f4_spi.d" -MT"src/tm_stm32f4_spi.o" -o "src/tm_stm32f4_spi.o" "../src/tm_stm32f4_spi.c"
Finished building: ../src/tm_stm32f4_spi.c
 
Building file: ../src/tm_stm32f4_usart.c
Invoking: MCU GCC Compiler
C:\Users\banikp\Documents\DAC\nRFmodule\Debug
arm-none-eabi-gcc -mcpu=cortex-m4 -mthumb -mfloat-abi=hard -mfpu=fpv4-sp-d16 -DSTM32 -DSTM32F4 -DSTM32F446RETx -DNUCLEO_F446RE -DDEBUG -DSTM32F446xx -DUSE_STDPERIPH_DRIVER -I"C:/Users/banikp/Documents/DAC/nRFmodule/StdPeriph_Driver/inc" -I"C:/Users/banikp/Documents/DAC/nRFmodule/inc" -I"C:/Users/banikp/Documents/DAC/nRFmodule/CMSIS/device" -I"C:/Users/banikp/Documents/DAC/nRFmodule/CMSIS/core" -O0 -g3 -Wall -fmessage-length=0 -ffunction-sections -c -MMD -MP -MF"src/tm_stm32f4_usart.d" -MT"src/tm_stm32f4_usart.o" -o "src/tm_stm32f4_usart.o" "../src/tm_stm32f4_usart.c"
Finished building: ../src/tm_stm32f4_usart.c
 
Building file: ../StdPeriph_Driver/src/misc.c
Invoking: MCU GCC Compiler
C:\Users\banikp\Documents\DAC\nRFmodule\Debug
arm-none-eabi-gcc -mcpu=cortex-m4 -mthumb -mfloat-abi=hard -mfpu=fpv4-sp-d16 -DSTM32 -DSTM32F4 -DSTM32F446RETx -DNUCLEO_F446RE -DDEBUG -DSTM32F446xx -DUSE_STDPERIPH_DRIVER -I"C:/Users/banikp/Documents/DAC/nRFmodule/StdPeriph_Driver/inc" -I"C:/Users/banikp/Documents/DAC/nRFmodule/inc" -I"C:/Users/banikp/Documents/DAC/nRFmodule/CMSIS/device" -I"C:/Users/banikp/Documents/DAC/nRFmodule/CMSIS/core" -O0 -g3 -Wall -fmessage-length=0 -ffunction-sections -c -MMD -MP -MF"StdPeriph_Driver/src/misc.d" -MT"StdPeriph_Driver/src/misc.o" -o "StdPeriph_Driver/src/misc.o" "../StdPeriph_Driver/src/misc.c"
Finished building: ../StdPeriph_Driver/src/misc.c
 
Building file: ../StdPeriph_Driver/src/stm32f4xx_adc.c
Invoking: MCU GCC Compiler
C:\Users\banikp\Documents\DAC\nRFmodule\Debug
arm-none-eabi-gcc -mcpu=cortex-m4 -mthumb -mfloat-abi=hard -mfpu=fpv4-sp-d16 -DSTM32 -DSTM32F4 -DSTM32F446RETx -DNUCLEO_F446RE -DDEBUG -DSTM32F446xx -DUSE_STDPERIPH_DRIVER -I"C:/Users/banikp/Documents/DAC/nRFmodule/StdPeriph_Driver/inc" -I"C:/Users/banikp/Documents/DAC/nRFmodule/inc" -I"C:/Users/banikp/Documents/DAC/nRFmodule/CMSIS/device" -I"C:/Users/banikp/Documents/DAC/nRFmodule/CMSIS/core" -O0 -g3 -Wall -fmessage-length=0 -ffunction-sections -c -MMD -MP -MF"StdPeriph_Driver/src/stm32f4xx_adc.d" -MT"StdPeriph_Driver/src/stm32f4xx_adc.o" -o "StdPeriph_Driver/src/stm32f4xx_adc.o" "../StdPeriph_Driver/src/stm32f4xx_adc.c"
Finished building: ../StdPeriph_Driver/src/stm32f4xx_adc.c
 
Building file: ../StdPeriph_Driver/src/stm32f4xx_can.c
Invoking: MCU GCC Compiler
C:\Users\banikp\Documents\DAC\nRFmodule\Debug
arm-none-eabi-gcc -mcpu=cortex-m4 -mthumb -mfloat-abi=hard -mfpu=fpv4-sp-d16 -DSTM32 -DSTM32F4 -DSTM32F446RETx -DNUCLEO_F446RE -DDEBUG -DSTM32F446xx -DUSE_STDPERIPH_DRIVER -I"C:/Users/banikp/Documents/DAC/nRFmodule/StdPeriph_Driver/inc" -I"C:/Users/banikp/Documents/DAC/nRFmodule/inc" -I"C:/Users/banikp/Documents/DAC/nRFmodule/CMSIS/device" -I"C:/Users/banikp/Documents/DAC/nRFmodule/CMSIS/core" -O0 -g3 -Wall -fmessage-length=0 -ffunction-sections -c -MMD -MP -MF"StdPeriph_Driver/src/stm32f4xx_can.d" -MT"StdPeriph_Driver/src/stm32f4xx_can.o" -o "StdPeriph_Driver/src/stm32f4xx_can.o" "../StdPeriph_Driver/src/stm32f4xx_can.c"
Finished building: ../StdPeriph_Driver/src/stm32f4xx_can.c
 
Building file: ../StdPeriph_Driver/src/stm32f4xx_cec.c
Invoking: MCU GCC Compiler
C:\Users\banikp\Documents\DAC\nRFmodule\Debug
arm-none-eabi-gcc -mcpu=cortex-m4 -mthumb -mfloat-abi=hard -mfpu=fpv4-sp-d16 -DSTM32 -DSTM32F4 -DSTM32F446RETx -DNUCLEO_F446RE -DDEBUG -DSTM32F446xx -DUSE_STDPERIPH_DRIVER -I"C:/Users/banikp/Documents/DAC/nRFmodule/StdPeriph_Driver/inc" -I"C:/Users/banikp/Documents/DAC/nRFmodule/inc" -I"C:/Users/banikp/Documents/DAC/nRFmodule/CMSIS/device" -I"C:/Users/banikp/Documents/DAC/nRFmodule/CMSIS/core" -O0 -g3 -Wall -fmessage-length=0 -ffunction-sections -c -MMD -MP -MF"StdPeriph_Driver/src/stm32f4xx_cec.d" -MT"StdPeriph_Driver/src/stm32f4xx_cec.o" -o "StdPeriph_Driver/src/stm32f4xx_cec.o" "../StdPeriph_Driver/src/stm32f4xx_cec.c"
Finished building: ../StdPeriph_Driver/src/stm32f4xx_cec.c
 
Building file: ../StdPeriph_Driver/src/stm32f4xx_crc.c
Invoking: MCU GCC Compiler
C:\Users\banikp\Documents\DAC\nRFmodule\Debug
arm-none-eabi-gcc -mcpu=cortex-m4 -mthumb -mfloat-abi=hard -mfpu=fpv4-sp-d16 -DSTM32 -DSTM32F4 -DSTM32F446RETx -DNUCLEO_F446RE -DDEBUG -DSTM32F446xx -DUSE_STDPERIPH_DRIVER -I"C:/Users/banikp/Documents/DAC/nRFmodule/StdPeriph_Driver/inc" -I"C:/Users/banikp/Documents/DAC/nRFmodule/inc" -I"C:/Users/banikp/Documents/DAC/nRFmodule/CMSIS/device" -I"C:/Users/banikp/Documents/DAC/nRFmodule/CMSIS/core" -O0 -g3 -Wall -fmessage-length=0 -ffunction-sections -c -MMD -MP -MF"StdPeriph_Driver/src/stm32f4xx_crc.d" -MT"StdPeriph_Driver/src/stm32f4xx_crc.o" -o "StdPeriph_Driver/src/stm32f4xx_crc.o" "../StdPeriph_Driver/src/stm32f4xx_crc.c"
Finished building: ../StdPeriph_Driver/src/stm32f4xx_crc.c
 
Building file: ../StdPeriph_Driver/src/stm32f4xx_cryp.c
Invoking: MCU GCC Compiler
C:\Users\banikp\Documents\DAC\nRFmodule\Debug
arm-none-eabi-gcc -mcpu=cortex-m4 -mthumb -mfloat-abi=hard -mfpu=fpv4-sp-d16 -DSTM32 -DSTM32F4 -DSTM32F446RETx -DNUCLEO_F446RE -DDEBUG -DSTM32F446xx -DUSE_STDPERIPH_DRIVER -I"C:/Users/banikp/Documents/DAC/nRFmodule/StdPeriph_Driver/inc" -I"C:/Users/banikp/Documents/DAC/nRFmodule/inc" -I"C:/Users/banikp/Documents/DAC/nRFmodule/CMSIS/device" -I"C:/Users/banikp/Documents/DAC/nRFmodule/CMSIS/core" -O0 -g3 -Wall -fmessage-length=0 -ffunction-sections -c -MMD -MP -MF"StdPeriph_Driver/src/stm32f4xx_cryp.d" -MT"StdPeriph_Driver/src/stm32f4xx_cryp.o" -o "StdPeriph_Driver/src/stm32f4xx_cryp.o" "../StdPeriph_Driver/src/stm32f4xx_cryp.c"
Finished building: ../StdPeriph_Driver/src/stm32f4xx_cryp.c
 
Building file: ../StdPeriph_Driver/src/stm32f4xx_cryp_aes.c
Invoking: MCU GCC Compiler
C:\Users\banikp\Documents\DAC\nRFmodule\Debug
arm-none-eabi-gcc -mcpu=cortex-m4 -mthumb -mfloat-abi=hard -mfpu=fpv4-sp-d16 -DSTM32 -DSTM32F4 -DSTM32F446RETx -DNUCLEO_F446RE -DDEBUG -DSTM32F446xx -DUSE_STDPERIPH_DRIVER -I"C:/Users/banikp/Documents/DAC/nRFmodule/StdPeriph_Driver/inc" -I"C:/Users/banikp/Documents/DAC/nRFmodule/inc" -I"C:/Users/banikp/Documents/DAC/nRFmodule/CMSIS/device" -I"C:/Users/banikp/Documents/DAC/nRFmodule/CMSIS/core" -O0 -g3 -Wall -fmessage-length=0 -ffunction-sections -c -MMD -MP -MF"StdPeriph_Driver/src/stm32f4xx_cryp_aes.d" -MT"StdPeriph_Driver/src/stm32f4xx_cryp_aes.o" -o "StdPeriph_Driver/src/stm32f4xx_cryp_aes.o" "../StdPeriph_Driver/src/stm32f4xx_cryp_aes.c"
Finished building: ../StdPeriph_Driver/src/stm32f4xx_cryp_aes.c
 
Building file: ../StdPeriph_Driver/src/stm32f4xx_cryp_des.c
Invoking: MCU GCC Compiler
C:\Users\banikp\Documents\DAC\nRFmodule\Debug
arm-none-eabi-gcc -mcpu=cortex-m4 -mthumb -mfloat-abi=hard -mfpu=fpv4-sp-d16 -DSTM32 -DSTM32F4 -DSTM32F446RETx -DNUCLEO_F446RE -DDEBUG -DSTM32F446xx -DUSE_STDPERIPH_DRIVER -I"C:/Users/banikp/Documents/DAC/nRFmodule/StdPeriph_Driver/inc" -I"C:/Users/banikp/Documents/DAC/nRFmodule/inc" -I"C:/Users/banikp/Documents/DAC/nRFmodule/CMSIS/device" -I"C:/Users/banikp/Documents/DAC/nRFmodule/CMSIS/core" -O0 -g3 -Wall -fmessage-length=0 -ffunction-sections -c -MMD -MP -MF"StdPeriph_Driver/src/stm32f4xx_cryp_des.d" -MT"StdPeriph_Driver/src/stm32f4xx_cryp_des.o" -o "StdPeriph_Driver/src/stm32f4xx_cryp_des.o" "../StdPeriph_Driver/src/stm32f4xx_cryp_des.c"
Finished building: ../StdPeriph_Driver/src/stm32f4xx_cryp_des.c
 
Building file: ../StdPeriph_Driver/src/stm32f4xx_cryp_tdes.c
Invoking: MCU GCC Compiler
C:\Users\banikp\Documents\DAC\nRFmodule\Debug
arm-none-eabi-gcc -mcpu=cortex-m4 -mthumb -mfloat-abi=hard -mfpu=fpv4-sp-d16 -DSTM32 -DSTM32F4 -DSTM32F446RETx -DNUCLEO_F446RE -DDEBUG -DSTM32F446xx -DUSE_STDPERIPH_DRIVER -I"C:/Users/banikp/Documents/DAC/nRFmodule/StdPeriph_Driver/inc" -I"C:/Users/banikp/Documents/DAC/nRFmodule/inc" -I"C:/Users/banikp/Documents/DAC/nRFmodule/CMSIS/device" -I"C:/Users/banikp/Documents/DAC/nRFmodule/CMSIS/core" -O0 -g3 -Wall -fmessage-length=0 -ffunction-sections -c -MMD -MP -MF"StdPeriph_Driver/src/stm32f4xx_cryp_tdes.d" -MT"StdPeriph_Driver/src/stm32f4xx_cryp_tdes.o" -o "StdPeriph_Driver/src/stm32f4xx_cryp_tdes.o" "../StdPeriph_Driver/src/stm32f4xx_cryp_tdes.c"
Finished building: ../StdPeriph_Driver/src/stm32f4xx_cryp_tdes.c
 
Building file: ../StdPeriph_Driver/src/stm32f4xx_dac.c
Invoking: MCU GCC Compiler
C:\Users\banikp\Documents\DAC\nRFmodule\Debug
arm-none-eabi-gcc -mcpu=cortex-m4 -mthumb -mfloat-abi=hard -mfpu=fpv4-sp-d16 -DSTM32 -DSTM32F4 -DSTM32F446RETx -DNUCLEO_F446RE -DDEBUG -DSTM32F446xx -DUSE_STDPERIPH_DRIVER -I"C:/Users/banikp/Documents/DAC/nRFmodule/StdPeriph_Driver/inc" -I"C:/Users/banikp/Documents/DAC/nRFmodule/inc" -I"C:/Users/banikp/Documents/DAC/nRFmodule/CMSIS/device" -I"C:/Users/banikp/Documents/DAC/nRFmodule/CMSIS/core" -O0 -g3 -Wall -fmessage-length=0 -ffunction-sections -c -MMD -MP -MF"StdPeriph_Driver/src/stm32f4xx_dac.d" -MT"StdPeriph_Driver/src/stm32f4xx_dac.o" -o "StdPeriph_Driver/src/stm32f4xx_dac.o" "../StdPeriph_Driver/src/stm32f4xx_dac.c"
Finished building: ../StdPeriph_Driver/src/stm32f4xx_dac.c
 
Building file: ../StdPeriph_Driver/src/stm32f4xx_dbgmcu.c
Invoking: MCU GCC Compiler
C:\Users\banikp\Documents\DAC\nRFmodule\Debug
arm-none-eabi-gcc -mcpu=cortex-m4 -mthumb -mfloat-abi=hard -mfpu=fpv4-sp-d16 -DSTM32 -DSTM32F4 -DSTM32F446RETx -DNUCLEO_F446RE -DDEBUG -DSTM32F446xx -DUSE_STDPERIPH_DRIVER -I"C:/Users/banikp/Documents/DAC/nRFmodule/StdPeriph_Driver/inc" -I"C:/Users/banikp/Documents/DAC/nRFmodule/inc" -I"C:/Users/banikp/Documents/DAC/nRFmodule/CMSIS/device" -I"C:/Users/banikp/Documents/DAC/nRFmodule/CMSIS/core" -O0 -g3 -Wall -fmessage-length=0 -ffunction-sections -c -MMD -MP -MF"StdPeriph_Driver/src/stm32f4xx_dbgmcu.d" -MT"StdPeriph_Driver/src/stm32f4xx_dbgmcu.o" -o "StdPeriph_Driver/src/stm32f4xx_dbgmcu.o" "../StdPeriph_Driver/src/stm32f4xx_dbgmcu.c"
Finished building: ../StdPeriph_Driver/src/stm32f4xx_dbgmcu.c
 
Building file: ../StdPeriph_Driver/src/stm32f4xx_dcmi.c
Invoking: MCU GCC Compiler
C:\Users\banikp\Documents\DAC\nRFmodule\Debug
arm-none-eabi-gcc -mcpu=cortex-m4 -mthumb -mfloat-abi=hard -mfpu=fpv4-sp-d16 -DSTM32 -DSTM32F4 -DSTM32F446RETx -DNUCLEO_F446RE -DDEBUG -DSTM32F446xx -DUSE_STDPERIPH_DRIVER -I"C:/Users/banikp/Documents/DAC/nRFmodule/StdPeriph_Driver/inc" -I"C:/Users/banikp/Documents/DAC/nRFmodule/inc" -I"C:/Users/banikp/Documents/DAC/nRFmodule/CMSIS/device" -I"C:/Users/banikp/Documents/DAC/nRFmodule/CMSIS/core" -O0 -g3 -Wall -fmessage-length=0 -ffunction-sections -c -MMD -MP -MF"StdPeriph_Driver/src/stm32f4xx_dcmi.d" -MT"StdPeriph_Driver/src/stm32f4xx_dcmi.o" -o "StdPeriph_Driver/src/stm32f4xx_dcmi.o" "../StdPeriph_Driver/src/stm32f4xx_dcmi.c"
Finished building: ../StdPeriph_Driver/src/stm32f4xx_dcmi.c
 
Building file: ../StdPeriph_Driver/src/stm32f4xx_dfsdm.c
Invoking: MCU GCC Compiler
C:\Users\banikp\Documents\DAC\nRFmodule\Debug
arm-none-eabi-gcc -mcpu=cortex-m4 -mthumb -mfloat-abi=hard -mfpu=fpv4-sp-d16 -DSTM32 -DSTM32F4 -DSTM32F446RETx -DNUCLEO_F446RE -DDEBUG -DSTM32F446xx -DUSE_STDPERIPH_DRIVER -I"C:/Users/banikp/Documents/DAC/nRFmodule/StdPeriph_Driver/inc" -I"C:/Users/banikp/Documents/DAC/nRFmodule/inc" -I"C:/Users/banikp/Documents/DAC/nRFmodule/CMSIS/device" -I"C:/Users/banikp/Documents/DAC/nRFmodule/CMSIS/core" -O0 -g3 -Wall -fmessage-length=0 -ffunction-sections -c -MMD -MP -MF"StdPeriph_Driver/src/stm32f4xx_dfsdm.d" -MT"StdPeriph_Driver/src/stm32f4xx_dfsdm.o" -o "StdPeriph_Driver/src/stm32f4xx_dfsdm.o" "../StdPeriph_Driver/src/stm32f4xx_dfsdm.c"
Finished building: ../StdPeriph_Driver/src/stm32f4xx_dfsdm.c
 
Building file: ../StdPeriph_Driver/src/stm32f4xx_dma.c
Invoking: MCU GCC Compiler
C:\Users\banikp\Documents\DAC\nRFmodule\Debug
arm-none-eabi-gcc -mcpu=cortex-m4 -mthumb -mfloat-abi=hard -mfpu=fpv4-sp-d16 -DSTM32 -DSTM32F4 -DSTM32F446RETx -DNUCLEO_F446RE -DDEBUG -DSTM32F446xx -DUSE_STDPERIPH_DRIVER -I"C:/Users/banikp/Documents/DAC/nRFmodule/StdPeriph_Driver/inc" -I"C:/Users/banikp/Documents/DAC/nRFmodule/inc" -I"C:/Users/banikp/Documents/DAC/nRFmodule/CMSIS/device" -I"C:/Users/banikp/Documents/DAC/nRFmodule/CMSIS/core" -O0 -g3 -Wall -fmessage-length=0 -ffunction-sections -c -MMD -MP -MF"StdPeriph_Driver/src/stm32f4xx_dma.d" -MT"StdPeriph_Driver/src/stm32f4xx_dma.o" -o "StdPeriph_Driver/src/stm32f4xx_dma.o" "../StdPeriph_Driver/src/stm32f4xx_dma.c"
Finished building: ../StdPeriph_Driver/src/stm32f4xx_dma.c
 
Building file: ../StdPeriph_Driver/src/stm32f4xx_dma2d.c
Invoking: MCU GCC Compiler
C:\Users\banikp\Documents\DAC\nRFmodule\Debug
arm-none-eabi-gcc -mcpu=cortex-m4 -mthumb -mfloat-abi=hard -mfpu=fpv4-sp-d16 -DSTM32 -DSTM32F4 -DSTM32F446RETx -DNUCLEO_F446RE -DDEBUG -DSTM32F446xx -DUSE_STDPERIPH_DRIVER -I"C:/Users/banikp/Documents/DAC/nRFmodule/StdPeriph_Driver/inc" -I"C:/Users/banikp/Documents/DAC/nRFmodule/inc" -I"C:/Users/banikp/Documents/DAC/nRFmodule/CMSIS/device" -I"C:/Users/banikp/Documents/DAC/nRFmodule/CMSIS/core" -O0 -g3 -Wall -fmessage-length=0 -ffunction-sections -c -MMD -MP -MF"StdPeriph_Driver/src/stm32f4xx_dma2d.d" -MT"StdPeriph_Driver/src/stm32f4xx_dma2d.o" -o "StdPeriph_Driver/src/stm32f4xx_dma2d.o" "../StdPeriph_Driver/src/stm32f4xx_dma2d.c"
Finished building: ../StdPeriph_Driver/src/stm32f4xx_dma2d.c
 
Building file: ../StdPeriph_Driver/src/stm32f4xx_dsi.c
Invoking: MCU GCC Compiler
C:\Users\banikp\Documents\DAC\nRFmodule\Debug
arm-none-eabi-gcc -mcpu=cortex-m4 -mthumb -mfloat-abi=hard -mfpu=fpv4-sp-d16 -DSTM32 -DSTM32F4 -DSTM32F446RETx -DNUCLEO_F446RE -DDEBUG -DSTM32F446xx -DUSE_STDPERIPH_DRIVER -I"C:/Users/banikp/Documents/DAC/nRFmodule/StdPeriph_Driver/inc" -I"C:/Users/banikp/Documents/DAC/nRFmodule/inc" -I"C:/Users/banikp/Documents/DAC/nRFmodule/CMSIS/device" -I"C:/Users/banikp/Documents/DAC/nRFmodule/CMSIS/core" -O0 -g3 -Wall -fmessage-length=0 -ffunction-sections -c -MMD -MP -MF"StdPeriph_Driver/src/stm32f4xx_dsi.d" -MT"StdPeriph_Driver/src/stm32f4xx_dsi.o" -o "StdPeriph_Driver/src/stm32f4xx_dsi.o" "../StdPeriph_Driver/src/stm32f4xx_dsi.c"
Finished building: ../StdPeriph_Driver/src/stm32f4xx_dsi.c
 
Building file: ../StdPeriph_Driver/src/stm32f4xx_exti.c
Invoking: MCU GCC Compiler
C:\Users\banikp\Documents\DAC\nRFmodule\Debug
arm-none-eabi-gcc -mcpu=cortex-m4 -mthumb -mfloat-abi=hard -mfpu=fpv4-sp-d16 -DSTM32 -DSTM32F4 -DSTM32F446RETx -DNUCLEO_F446RE -DDEBUG -DSTM32F446xx -DUSE_STDPERIPH_DRIVER -I"C:/Users/banikp/Documents/DAC/nRFmodule/StdPeriph_Driver/inc" -I"C:/Users/banikp/Documents/DAC/nRFmodule/inc" -I"C:/Users/banikp/Documents/DAC/nRFmodule/CMSIS/device" -I"C:/Users/banikp/Documents/DAC/nRFmodule/CMSIS/core" -O0 -g3 -Wall -fmessage-length=0 -ffunction-sections -c -MMD -MP -MF"StdPeriph_Driver/src/stm32f4xx_exti.d" -MT"StdPeriph_Driver/src/stm32f4xx_exti.o" -o "StdPeriph_Driver/src/stm32f4xx_exti.o" "../StdPeriph_Driver/src/stm32f4xx_exti.c"
Finished building: ../StdPeriph_Driver/src/stm32f4xx_exti.c
 
Building file: ../StdPeriph_Driver/src/stm32f4xx_flash.c
Invoking: MCU GCC Compiler
C:\Users\banikp\Documents\DAC\nRFmodule\Debug
arm-none-eabi-gcc -mcpu=cortex-m4 -mthumb -mfloat-abi=hard -mfpu=fpv4-sp-d16 -DSTM32 -DSTM32F4 -DSTM32F446RETx -DNUCLEO_F446RE -DDEBUG -DSTM32F446xx -DUSE_STDPERIPH_DRIVER -I"C:/Users/banikp/Documents/DAC/nRFmodule/StdPeriph_Driver/inc" -I"C:/Users/banikp/Documents/DAC/nRFmodule/inc" -I"C:/Users/banikp/Documents/DAC/nRFmodule/CMSIS/device" -I"C:/Users/banikp/Documents/DAC/nRFmodule/CMSIS/core" -O0 -g3 -Wall -fmessage-length=0 -ffunction-sections -c -MMD -MP -MF"StdPeriph_Driver/src/stm32f4xx_flash.d" -MT"StdPeriph_Driver/src/stm32f4xx_flash.o" -o "StdPeriph_Driver/src/stm32f4xx_flash.o" "../StdPeriph_Driver/src/stm32f4xx_flash.c"
Finished building: ../StdPeriph_Driver/src/stm32f4xx_flash.c
 
Building file: ../StdPeriph_Driver/src/stm32f4xx_flash_ramfunc.c
Invoking: MCU GCC Compiler
C:\Users\banikp\Documents\DAC\nRFmodule\Debug
arm-none-eabi-gcc -mcpu=cortex-m4 -mthumb -mfloat-abi=hard -mfpu=fpv4-sp-d16 -DSTM32 -DSTM32F4 -DSTM32F446RETx -DNUCLEO_F446RE -DDEBUG -DSTM32F446xx -DUSE_STDPERIPH_DRIVER -I"C:/Users/banikp/Documents/DAC/nRFmodule/StdPeriph_Driver/inc" -I"C:/Users/banikp/Documents/DAC/nRFmodule/inc" -I"C:/Users/banikp/Documents/DAC/nRFmodule/CMSIS/device" -I"C:/Users/banikp/Documents/DAC/nRFmodule/CMSIS/core" -O0 -g3 -Wall -fmessage-length=0 -ffunction-sections -c -MMD -MP -MF"StdPeriph_Driver/src/stm32f4xx_flash_ramfunc.d" -MT"StdPeriph_Driver/src/stm32f4xx_flash_ramfunc.o" -o "StdPeriph_Driver/src/stm32f4xx_flash_ramfunc.o" "../StdPeriph_Driver/src/stm32f4xx_flash_ramfunc.c"
Finished building: ../StdPeriph_Driver/src/stm32f4xx_flash_ramfunc.c
 
Building file: ../StdPeriph_Driver/src/stm32f4xx_fmc.c
Invoking: MCU GCC Compiler
C:\Users\banikp\Documents\DAC\nRFmodule\Debug
arm-none-eabi-gcc -mcpu=cortex-m4 -mthumb -mfloat-abi=hard -mfpu=fpv4-sp-d16 -DSTM32 -DSTM32F4 -DSTM32F446RETx -DNUCLEO_F446RE -DDEBUG -DSTM32F446xx -DUSE_STDPERIPH_DRIVER -I"C:/Users/banikp/Documents/DAC/nRFmodule/StdPeriph_Driver/inc" -I"C:/Users/banikp/Documents/DAC/nRFmodule/inc" -I"C:/Users/banikp/Documents/DAC/nRFmodule/CMSIS/device" -I"C:/Users/banikp/Documents/DAC/nRFmodule/CMSIS/core" -O0 -g3 -Wall -fmessage-length=0 -ffunction-sections -c -MMD -MP -MF"StdPeriph_Driver/src/stm32f4xx_fmc.d" -MT"StdPeriph_Driver/src/stm32f4xx_fmc.o" -o "StdPeriph_Driver/src/stm32f4xx_fmc.o" "../StdPeriph_Driver/src/stm32f4xx_fmc.c"
Finished building: ../StdPeriph_Driver/src/stm32f4xx_fmc.c
 
Building file: ../StdPeriph_Driver/src/stm32f4xx_fmip2c.c
Invoking: MCU GCC Compiler
C:\Users\banikp\Documents\DAC\nRFmodule\Debug
arm-none-eabi-gcc -mcpu=cortex-m4 -mthumb -mfloat-abi=hard -mfpu=fpv4-sp-d16 -DSTM32 -DSTM32F4 -DSTM32F446RETx -DNUCLEO_F446RE -DDEBUG -DSTM32F446xx -DUSE_STDPERIPH_DRIVER -I"C:/Users/banikp/Documents/DAC/nRFmodule/StdPeriph_Driver/inc" -I"C:/Users/banikp/Documents/DAC/nRFmodule/inc" -I"C:/Users/banikp/Documents/DAC/nRFmodule/CMSIS/device" -I"C:/Users/banikp/Documents/DAC/nRFmodule/CMSIS/core" -O0 -g3 -Wall -fmessage-length=0 -ffunction-sections -c -MMD -MP -MF"StdPeriph_Driver/src/stm32f4xx_fmip2c.d" -MT"StdPeriph_Driver/src/stm32f4xx_fmip2c.o" -o "StdPeriph_Driver/src/stm32f4xx_fmip2c.o" "../StdPeriph_Driver/src/stm32f4xx_fmip2c.c"
Finished building: ../StdPeriph_Driver/src/stm32f4xx_fmip2c.c
 
Building file: ../StdPeriph_Driver/src/stm32f4xx_fsmc.c
Invoking: MCU GCC Compiler
C:\Users\banikp\Documents\DAC\nRFmodule\Debug
arm-none-eabi-gcc -mcpu=cortex-m4 -mthumb -mfloat-abi=hard -mfpu=fpv4-sp-d16 -DSTM32 -DSTM32F4 -DSTM32F446RETx -DNUCLEO_F446RE -DDEBUG -DSTM32F446xx -DUSE_STDPERIPH_DRIVER -I"C:/Users/banikp/Documents/DAC/nRFmodule/StdPeriph_Driver/inc" -I"C:/Users/banikp/Documents/DAC/nRFmodule/inc" -I"C:/Users/banikp/Documents/DAC/nRFmodule/CMSIS/device" -I"C:/Users/banikp/Documents/DAC/nRFmodule/CMSIS/core" -O0 -g3 -Wall -fmessage-length=0 -ffunction-sections -c -MMD -MP -MF"StdPeriph_Driver/src/stm32f4xx_fsmc.d" -MT"StdPeriph_Driver/src/stm32f4xx_fsmc.o" -o "StdPeriph_Driver/src/stm32f4xx_fsmc.o" "../StdPeriph_Driver/src/stm32f4xx_fsmc.c"
Finished building: ../StdPeriph_Driver/src/stm32f4xx_fsmc.c
 
Building file: ../StdPeriph_Driver/src/stm32f4xx_gpio.c
Invoking: MCU GCC Compiler
C:\Users\banikp\Documents\DAC\nRFmodule\Debug
arm-none-eabi-gcc -mcpu=cortex-m4 -mthumb -mfloat-abi=hard -mfpu=fpv4-sp-d16 -DSTM32 -DSTM32F4 -DSTM32F446RETx -DNUCLEO_F446RE -DDEBUG -DSTM32F446xx -DUSE_STDPERIPH_DRIVER -I"C:/Users/banikp/Documents/DAC/nRFmodule/StdPeriph_Driver/inc" -I"C:/Users/banikp/Documents/DAC/nRFmodule/inc" -I"C:/Users/banikp/Documents/DAC/nRFmodule/CMSIS/device" -I"C:/Users/banikp/Documents/DAC/nRFmodule/CMSIS/core" -O0 -g3 -Wall -fmessage-length=0 -ffunction-sections -c -MMD -MP -MF"StdPeriph_Driver/src/stm32f4xx_gpio.d" -MT"StdPeriph_Driver/src/stm32f4xx_gpio.o" -o "StdPeriph_Driver/src/stm32f4xx_gpio.o" "../StdPeriph_Driver/src/stm32f4xx_gpio.c"
Finished building: ../StdPeriph_Driver/src/stm32f4xx_gpio.c
 
Building file: ../StdPeriph_Driver/src/stm32f4xx_hash.c
Invoking: MCU GCC Compiler
C:\Users\banikp\Documents\DAC\nRFmodule\Debug
arm-none-eabi-gcc -mcpu=cortex-m4 -mthumb -mfloat-abi=hard -mfpu=fpv4-sp-d16 -DSTM32 -DSTM32F4 -DSTM32F446RETx -DNUCLEO_F446RE -DDEBUG -DSTM32F446xx -DUSE_STDPERIPH_DRIVER -I"C:/Users/banikp/Documents/DAC/nRFmodule/StdPeriph_Driver/inc" -I"C:/Users/banikp/Documents/DAC/nRFmodule/inc" -I"C:/Users/banikp/Documents/DAC/nRFmodule/CMSIS/device" -I"C:/Users/banikp/Documents/DAC/nRFmodule/CMSIS/core" -O0 -g3 -Wall -fmessage-length=0 -ffunction-sections -c -MMD -MP -MF"StdPeriph_Driver/src/stm32f4xx_hash.d" -MT"StdPeriph_Driver/src/stm32f4xx_hash.o" -o "StdPeriph_Driver/src/stm32f4xx_hash.o" "../StdPeriph_Driver/src/stm32f4xx_hash.c"
Finished building: ../StdPeriph_Driver/src/stm32f4xx_hash.c
 
Building file: ../StdPeriph_Driver/src/stm32f4xx_hash_md5.c
Invoking: MCU GCC Compiler
C:\Users\banikp\Documents\DAC\nRFmodule\Debug
arm-none-eabi-gcc -mcpu=cortex-m4 -mthumb -mfloat-abi=hard -mfpu=fpv4-sp-d16 -DSTM32 -DSTM32F4 -DSTM32F446RETx -DNUCLEO_F446RE -DDEBUG -DSTM32F446xx -DUSE_STDPERIPH_DRIVER -I"C:/Users/banikp/Documents/DAC/nRFmodule/StdPeriph_Driver/inc" -I"C:/Users/banikp/Documents/DAC/nRFmodule/inc" -I"C:/Users/banikp/Documents/DAC/nRFmodule/CMSIS/device" -I"C:/Users/banikp/Documents/DAC/nRFmodule/CMSIS/core" -O0 -g3 -Wall -fmessage-length=0 -ffunction-sections -c -MMD -MP -MF"StdPeriph_Driver/src/stm32f4xx_hash_md5.d" -MT"StdPeriph_Driver/src/stm32f4xx_hash_md5.o" -o "StdPeriph_Driver/src/stm32f4xx_hash_md5.o" "../StdPeriph_Driver/src/stm32f4xx_hash_md5.c"
Finished building: ../StdPeriph_Driver/src/stm32f4xx_hash_md5.c
 
Building file: ../StdPeriph_Driver/src/stm32f4xx_hash_sha1.c
Invoking: MCU GCC Compiler
C:\Users\banikp\Documents\DAC\nRFmodule\Debug
arm-none-eabi-gcc -mcpu=cortex-m4 -mthumb -mfloat-abi=hard -mfpu=fpv4-sp-d16 -DSTM32 -DSTM32F4 -DSTM32F446RETx -DNUCLEO_F446RE -DDEBUG -DSTM32F446xx -DUSE_STDPERIPH_DRIVER -I"C:/Users/banikp/Documents/DAC/nRFmodule/StdPeriph_Driver/inc" -I"C:/Users/banikp/Documents/DAC/nRFmodule/inc" -I"C:/Users/banikp/Documents/DAC/nRFmodule/CMSIS/device" -I"C:/Users/banikp/Documents/DAC/nRFmodule/CMSIS/core" -O0 -g3 -Wall -fmessage-length=0 -ffunction-sections -c -MMD -MP -MF"StdPeriph_Driver/src/stm32f4xx_hash_sha1.d" -MT"StdPeriph_Driver/src/stm32f4xx_hash_sha1.o" -o "StdPeriph_Driver/src/stm32f4xx_hash_sha1.o" "../StdPeriph_Driver/src/stm32f4xx_hash_sha1.c"
Finished building: ../StdPeriph_Driver/src/stm32f4xx_hash_sha1.c
 
Building file: ../StdPeriph_Driver/src/stm32f4xx_i2c.c
Invoking: MCU GCC Compiler
C:\Users\banikp\Documents\DAC\nRFmodule\Debug
arm-none-eabi-gcc -mcpu=cortex-m4 -mthumb -mfloat-abi=hard -mfpu=fpv4-sp-d16 -DSTM32 -DSTM32F4 -DSTM32F446RETx -DNUCLEO_F446RE -DDEBUG -DSTM32F446xx -DUSE_STDPERIPH_DRIVER -I"C:/Users/banikp/Documents/DAC/nRFmodule/StdPeriph_Driver/inc" -I"C:/Users/banikp/Documents/DAC/nRFmodule/inc" -I"C:/Users/banikp/Documents/DAC/nRFmodule/CMSIS/device" -I"C:/Users/banikp/Documents/DAC/nRFmodule/CMSIS/core" -O0 -g3 -Wall -fmessage-length=0 -ffunction-sections -c -MMD -MP -MF"StdPeriph_Driver/src/stm32f4xx_i2c.d" -MT"StdPeriph_Driver/src/stm32f4xx_i2c.o" -o "StdPeriph_Driver/src/stm32f4xx_i2c.o" "../StdPeriph_Driver/src/stm32f4xx_i2c.c"
Finished building: ../StdPeriph_Driver/src/stm32f4xx_i2c.c
 
Building file: ../StdPeriph_Driver/src/stm32f4xx_iwdg.c
Invoking: MCU GCC Compiler
C:\Users\banikp\Documents\DAC\nRFmodule\Debug
arm-none-eabi-gcc -mcpu=cortex-m4 -mthumb -mfloat-abi=hard -mfpu=fpv4-sp-d16 -DSTM32 -DSTM32F4 -DSTM32F446RETx -DNUCLEO_F446RE -DDEBUG -DSTM32F446xx -DUSE_STDPERIPH_DRIVER -I"C:/Users/banikp/Documents/DAC/nRFmodule/StdPeriph_Driver/inc" -I"C:/Users/banikp/Documents/DAC/nRFmodule/inc" -I"C:/Users/banikp/Documents/DAC/nRFmodule/CMSIS/device" -I"C:/Users/banikp/Documents/DAC/nRFmodule/CMSIS/core" -O0 -g3 -Wall -fmessage-length=0 -ffunction-sections -c -MMD -MP -MF"StdPeriph_Driver/src/stm32f4xx_iwdg.d" -MT"StdPeriph_Driver/src/stm32f4xx_iwdg.o" -o "StdPeriph_Driver/src/stm32f4xx_iwdg.o" "../StdPeriph_Driver/src/stm32f4xx_iwdg.c"
Finished building: ../StdPeriph_Driver/src/stm32f4xx_iwdg.c
 
Building file: ../StdPeriph_Driver/src/stm32f4xx_lptim.c
Invoking: MCU GCC Compiler
C:\Users\banikp\Documents\DAC\nRFmodule\Debug
arm-none-eabi-gcc -mcpu=cortex-m4 -mthumb -mfloat-abi=hard -mfpu=fpv4-sp-d16 -DSTM32 -DSTM32F4 -DSTM32F446RETx -DNUCLEO_F446RE -DDEBUG -DSTM32F446xx -DUSE_STDPERIPH_DRIVER -I"C:/Users/banikp/Documents/DAC/nRFmodule/StdPeriph_Driver/inc" -I"C:/Users/banikp/Documents/DAC/nRFmodule/inc" -I"C:/Users/banikp/Documents/DAC/nRFmodule/CMSIS/device" -I"C:/Users/banikp/Documents/DAC/nRFmodule/CMSIS/core" -O0 -g3 -Wall -fmessage-length=0 -ffunction-sections -c -MMD -MP -MF"StdPeriph_Driver/src/stm32f4xx_lptim.d" -MT"StdPeriph_Driver/src/stm32f4xx_lptim.o" -o "StdPeriph_Driver/src/stm32f4xx_lptim.o" "../StdPeriph_Driver/src/stm32f4xx_lptim.c"
Finished building: ../StdPeriph_Driver/src/stm32f4xx_lptim.c
 
Building file: ../StdPeriph_Driver/src/stm32f4xx_ltdc.c
Invoking: MCU GCC Compiler
C:\Users\banikp\Documents\DAC\nRFmodule\Debug
arm-none-eabi-gcc -mcpu=cortex-m4 -mthumb -mfloat-abi=hard -mfpu=fpv4-sp-d16 -DSTM32 -DSTM32F4 -DSTM32F446RETx -DNUCLEO_F446RE -DDEBUG -DSTM32F446xx -DUSE_STDPERIPH_DRIVER -I"C:/Users/banikp/Documents/DAC/nRFmodule/StdPeriph_Driver/inc" -I"C:/Users/banikp/Documents/DAC/nRFmodule/inc" -I"C:/Users/banikp/Documents/DAC/nRFmodule/CMSIS/device" -I"C:/Users/banikp/Documents/DAC/nRFmodule/CMSIS/core" -O0 -g3 -Wall -fmessage-length=0 -ffunction-sections -c -MMD -MP -MF"StdPeriph_Driver/src/stm32f4xx_ltdc.d" -MT"StdPeriph_Driver/src/stm32f4xx_ltdc.o" -o "StdPeriph_Driver/src/stm32f4xx_ltdc.o" "../StdPeriph_Driver/src/stm32f4xx_ltdc.c"
Finished building: ../StdPeriph_Driver/src/stm32f4xx_ltdc.c
 
Building file: ../StdPeriph_Driver/src/stm32f4xx_pwr.c
Invoking: MCU GCC Compiler
C:\Users\banikp\Documents\DAC\nRFmodule\Debug
arm-none-eabi-gcc -mcpu=cortex-m4 -mthumb -mfloat-abi=hard -mfpu=fpv4-sp-d16 -DSTM32 -DSTM32F4 -DSTM32F446RETx -DNUCLEO_F446RE -DDEBUG -DSTM32F446xx -DUSE_STDPERIPH_DRIVER -I"C:/Users/banikp/Documents/DAC/nRFmodule/StdPeriph_Driver/inc" -I"C:/Users/banikp/Documents/DAC/nRFmodule/inc" -I"C:/Users/banikp/Documents/DAC/nRFmodule/CMSIS/device" -I"C:/Users/banikp/Documents/DAC/nRFmodule/CMSIS/core" -O0 -g3 -Wall -fmessage-length=0 -ffunction-sections -c -MMD -MP -MF"StdPeriph_Driver/src/stm32f4xx_pwr.d" -MT"StdPeriph_Driver/src/stm32f4xx_pwr.o" -o "StdPeriph_Driver/src/stm32f4xx_pwr.o" "../StdPeriph_Driver/src/stm32f4xx_pwr.c"
Finished building: ../StdPeriph_Driver/src/stm32f4xx_pwr.c
 
Building file: ../StdPeriph_Driver/src/stm32f4xx_qspi.c
Invoking: MCU GCC Compiler
C:\Users\banikp\Documents\DAC\nRFmodule\Debug
arm-none-eabi-gcc -mcpu=cortex-m4 -mthumb -mfloat-abi=hard -mfpu=fpv4-sp-d16 -DSTM32 -DSTM32F4 -DSTM32F446RETx -DNUCLEO_F446RE -DDEBUG -DSTM32F446xx -DUSE_STDPERIPH_DRIVER -I"C:/Users/banikp/Documents/DAC/nRFmodule/StdPeriph_Driver/inc" -I"C:/Users/banikp/Documents/DAC/nRFmodule/inc" -I"C:/Users/banikp/Documents/DAC/nRFmodule/CMSIS/device" -I"C:/Users/banikp/Documents/DAC/nRFmodule/CMSIS/core" -O0 -g3 -Wall -fmessage-length=0 -ffunction-sections -c -MMD -MP -MF"StdPeriph_Driver/src/stm32f4xx_qspi.d" -MT"StdPeriph_Driver/src/stm32f4xx_qspi.o" -o "StdPeriph_Driver/src/stm32f4xx_qspi.o" "../StdPeriph_Driver/src/stm32f4xx_qspi.c"
Finished building: ../StdPeriph_Driver/src/stm32f4xx_qspi.c
 
Building file: ../StdPeriph_Driver/src/stm32f4xx_rcc.c
Invoking: MCU GCC Compiler
C:\Users\banikp\Documents\DAC\nRFmodule\Debug
arm-none-eabi-gcc -mcpu=cortex-m4 -mthumb -mfloat-abi=hard -mfpu=fpv4-sp-d16 -DSTM32 -DSTM32F4 -DSTM32F446RETx -DNUCLEO_F446RE -DDEBUG -DSTM32F446xx -DUSE_STDPERIPH_DRIVER -I"C:/Users/banikp/Documents/DAC/nRFmodule/StdPeriph_Driver/inc" -I"C:/Users/banikp/Documents/DAC/nRFmodule/inc" -I"C:/Users/banikp/Documents/DAC/nRFmodule/CMSIS/device" -I"C:/Users/banikp/Documents/DAC/nRFmodule/CMSIS/core" -O0 -g3 -Wall -fmessage-length=0 -ffunction-sections -c -MMD -MP -MF"StdPeriph_Driver/src/stm32f4xx_rcc.d" -MT"StdPeriph_Driver/src/stm32f4xx_rcc.o" -o "StdPeriph_Driver/src/stm32f4xx_rcc.o" "../StdPeriph_Driver/src/stm32f4xx_rcc.c"
Finished building: ../StdPeriph_Driver/src/stm32f4xx_rcc.c
 
Building file: ../StdPeriph_Driver/src/stm32f4xx_rng.c
Invoking: MCU GCC Compiler
C:\Users\banikp\Documents\DAC\nRFmodule\Debug
arm-none-eabi-gcc -mcpu=cortex-m4 -mthumb -mfloat-abi=hard -mfpu=fpv4-sp-d16 -DSTM32 -DSTM32F4 -DSTM32F446RETx -DNUCLEO_F446RE -DDEBUG -DSTM32F446xx -DUSE_STDPERIPH_DRIVER -I"C:/Users/banikp/Documents/DAC/nRFmodule/StdPeriph_Driver/inc" -I"C:/Users/banikp/Documents/DAC/nRFmodule/inc" -I"C:/Users/banikp/Documents/DAC/nRFmodule/CMSIS/device" -I"C:/Users/banikp/Documents/DAC/nRFmodule/CMSIS/core" -O0 -g3 -Wall -fmessage-length=0 -ffunction-sections -c -MMD -MP -MF"StdPeriph_Driver/src/stm32f4xx_rng.d" -MT"StdPeriph_Driver/src/stm32f4xx_rng.o" -o "StdPeriph_Driver/src/stm32f4xx_rng.o" "../StdPeriph_Driver/src/stm32f4xx_rng.c"
Finished building: ../StdPeriph_Driver/src/stm32f4xx_rng.c
 
Building file: ../StdPeriph_Driver/src/stm32f4xx_rtc.c
Invoking: MCU GCC Compiler
C:\Users\banikp\Documents\DAC\nRFmodule\Debug
arm-none-eabi-gcc -mcpu=cortex-m4 -mthumb -mfloat-abi=hard -mfpu=fpv4-sp-d16 -DSTM32 -DSTM32F4 -DSTM32F446RETx -DNUCLEO_F446RE -DDEBUG -DSTM32F446xx -DUSE_STDPERIPH_DRIVER -I"C:/Users/banikp/Documents/DAC/nRFmodule/StdPeriph_Driver/inc" -I"C:/Users/banikp/Documents/DAC/nRFmodule/inc" -I"C:/Users/banikp/Documents/DAC/nRFmodule/CMSIS/device" -I"C:/Users/banikp/Documents/DAC/nRFmodule/CMSIS/core" -O0 -g3 -Wall -fmessage-length=0 -ffunction-sections -c -MMD -MP -MF"StdPeriph_Driver/src/stm32f4xx_rtc.d" -MT"StdPeriph_Driver/src/stm32f4xx_rtc.o" -o "StdPeriph_Driver/src/stm32f4xx_rtc.o" "../StdPeriph_Driver/src/stm32f4xx_rtc.c"
Finished building: ../StdPeriph_Driver/src/stm32f4xx_rtc.c
 
Building file: ../StdPeriph_Driver/src/stm32f4xx_sai.c
Invoking: MCU GCC Compiler
C:\Users\banikp\Documents\DAC\nRFmodule\Debug
arm-none-eabi-gcc -mcpu=cortex-m4 -mthumb -mfloat-abi=hard -mfpu=fpv4-sp-d16 -DSTM32 -DSTM32F4 -DSTM32F446RETx -DNUCLEO_F446RE -DDEBUG -DSTM32F446xx -DUSE_STDPERIPH_DRIVER -I"C:/Users/banikp/Documents/DAC/nRFmodule/StdPeriph_Driver/inc" -I"C:/Users/banikp/Documents/DAC/nRFmodule/inc" -I"C:/Users/banikp/Documents/DAC/nRFmodule/CMSIS/device" -I"C:/Users/banikp/Documents/DAC/nRFmodule/CMSIS/core" -O0 -g3 -Wall -fmessage-length=0 -ffunction-sections -c -MMD -MP -MF"StdPeriph_Driver/src/stm32f4xx_sai.d" -MT"StdPeriph_Driver/src/stm32f4xx_sai.o" -o "StdPeriph_Driver/src/stm32f4xx_sai.o" "../StdPeriph_Driver/src/stm32f4xx_sai.c"
Finished building: ../StdPeriph_Driver/src/stm32f4xx_sai.c
 
Building file: ../StdPeriph_Driver/src/stm32f4xx_sdio.c
Invoking: MCU GCC Compiler
C:\Users\banikp\Documents\DAC\nRFmodule\Debug
arm-none-eabi-gcc -mcpu=cortex-m4 -mthumb -mfloat-abi=hard -mfpu=fpv4-sp-d16 -DSTM32 -DSTM32F4 -DSTM32F446RETx -DNUCLEO_F446RE -DDEBUG -DSTM32F446xx -DUSE_STDPERIPH_DRIVER -I"C:/Users/banikp/Documents/DAC/nRFmodule/StdPeriph_Driver/inc" -I"C:/Users/banikp/Documents/DAC/nRFmodule/inc" -I"C:/Users/banikp/Documents/DAC/nRFmodule/CMSIS/device" -I"C:/Users/banikp/Documents/DAC/nRFmodule/CMSIS/core" -O0 -g3 -Wall -fmessage-length=0 -ffunction-sections -c -MMD -MP -MF"StdPeriph_Driver/src/stm32f4xx_sdio.d" -MT"StdPeriph_Driver/src/stm32f4xx_sdio.o" -o "StdPeriph_Driver/src/stm32f4xx_sdio.o" "../StdPeriph_Driver/src/stm32f4xx_sdio.c"
Finished building: ../StdPeriph_Driver/src/stm32f4xx_sdio.c
 
Building file: ../StdPeriph_Driver/src/stm32f4xx_spdifrx.c
Invoking: MCU GCC Compiler
C:\Users\banikp\Documents\DAC\nRFmodule\Debug
arm-none-eabi-gcc -mcpu=cortex-m4 -mthumb -mfloat-abi=hard -mfpu=fpv4-sp-d16 -DSTM32 -DSTM32F4 -DSTM32F446RETx -DNUCLEO_F446RE -DDEBUG -DSTM32F446xx -DUSE_STDPERIPH_DRIVER -I"C:/Users/banikp/Documents/DAC/nRFmodule/StdPeriph_Driver/inc" -I"C:/Users/banikp/Documents/DAC/nRFmodule/inc" -I"C:/Users/banikp/Documents/DAC/nRFmodule/CMSIS/device" -I"C:/Users/banikp/Documents/DAC/nRFmodule/CMSIS/core" -O0 -g3 -Wall -fmessage-length=0 -ffunction-sections -c -MMD -MP -MF"StdPeriph_Driver/src/stm32f4xx_spdifrx.d" -MT"StdPeriph_Driver/src/stm32f4xx_spdifrx.o" -o "StdPeriph_Driver/src/stm32f4xx_spdifrx.o" "../StdPeriph_Driver/src/stm32f4xx_spdifrx.c"
Finished building: ../StdPeriph_Driver/src/stm32f4xx_spdifrx.c
 
Building file: ../StdPeriph_Driver/src/stm32f4xx_spi.c
Invoking: MCU GCC Compiler
C:\Users\banikp\Documents\DAC\nRFmodule\Debug
arm-none-eabi-gcc -mcpu=cortex-m4 -mthumb -mfloat-abi=hard -mfpu=fpv4-sp-d16 -DSTM32 -DSTM32F4 -DSTM32F446RETx -DNUCLEO_F446RE -DDEBUG -DSTM32F446xx -DUSE_STDPERIPH_DRIVER -I"C:/Users/banikp/Documents/DAC/nRFmodule/StdPeriph_Driver/inc" -I"C:/Users/banikp/Documents/DAC/nRFmodule/inc" -I"C:/Users/banikp/Documents/DAC/nRFmodule/CMSIS/device" -I"C:/Users/banikp/Documents/DAC/nRFmodule/CMSIS/core" -O0 -g3 -Wall -fmessage-length=0 -ffunction-sections -c -MMD -MP -MF"StdPeriph_Driver/src/stm32f4xx_spi.d" -MT"StdPeriph_Driver/src/stm32f4xx_spi.o" -o "StdPeriph_Driver/src/stm32f4xx_spi.o" "../StdPeriph_Driver/src/stm32f4xx_spi.c"
Finished building: ../StdPeriph_Driver/src/stm32f4xx_spi.c
 
Building file: ../StdPeriph_Driver/src/stm32f4xx_syscfg.c
Invoking: MCU GCC Compiler
C:\Users\banikp\Documents\DAC\nRFmodule\Debug
arm-none-eabi-gcc -mcpu=cortex-m4 -mthumb -mfloat-abi=hard -mfpu=fpv4-sp-d16 -DSTM32 -DSTM32F4 -DSTM32F446RETx -DNUCLEO_F446RE -DDEBUG -DSTM32F446xx -DUSE_STDPERIPH_DRIVER -I"C:/Users/banikp/Documents/DAC/nRFmodule/StdPeriph_Driver/inc" -I"C:/Users/banikp/Documents/DAC/nRFmodule/inc" -I"C:/Users/banikp/Documents/DAC/nRFmodule/CMSIS/device" -I"C:/Users/banikp/Documents/DAC/nRFmodule/CMSIS/core" -O0 -g3 -Wall -fmessage-length=0 -ffunction-sections -c -MMD -MP -MF"StdPeriph_Driver/src/stm32f4xx_syscfg.d" -MT"StdPeriph_Driver/src/stm32f4xx_syscfg.o" -o "StdPeriph_Driver/src/stm32f4xx_syscfg.o" "../StdPeriph_Driver/src/stm32f4xx_syscfg.c"
Finished building: ../StdPeriph_Driver/src/stm32f4xx_syscfg.c
 
Building file: ../StdPeriph_Driver/src/stm32f4xx_tim.c
Invoking: MCU GCC Compiler
C:\Users\banikp\Documents\DAC\nRFmodule\Debug
arm-none-eabi-gcc -mcpu=cortex-m4 -mthumb -mfloat-abi=hard -mfpu=fpv4-sp-d16 -DSTM32 -DSTM32F4 -DSTM32F446RETx -DNUCLEO_F446RE -DDEBUG -DSTM32F446xx -DUSE_STDPERIPH_DRIVER -I"C:/Users/banikp/Documents/DAC/nRFmodule/StdPeriph_Driver/inc" -I"C:/Users/banikp/Documents/DAC/nRFmodule/inc" -I"C:/Users/banikp/Documents/DAC/nRFmodule/CMSIS/device" -I"C:/Users/banikp/Documents/DAC/nRFmodule/CMSIS/core" -O0 -g3 -Wall -fmessage-length=0 -ffunction-sections -c -MMD -MP -MF"StdPeriph_Driver/src/stm32f4xx_tim.d" -MT"StdPeriph_Driver/src/stm32f4xx_tim.o" -o "StdPeriph_Driver/src/stm32f4xx_tim.o" "../StdPeriph_Driver/src/stm32f4xx_tim.c"
Finished building: ../StdPeriph_Driver/src/stm32f4xx_tim.c
 
Building file: ../StdPeriph_Driver/src/stm32f4xx_usart.c
Invoking: MCU GCC Compiler
C:\Users\banikp\Documents\DAC\nRFmodule\Debug
arm-none-eabi-gcc -mcpu=cortex-m4 -mthumb -mfloat-abi=hard -mfpu=fpv4-sp-d16 -DSTM32 -DSTM32F4 -DSTM32F446RETx -DNUCLEO_F446RE -DDEBUG -DSTM32F446xx -DUSE_STDPERIPH_DRIVER -I"C:/Users/banikp/Documents/DAC/nRFmodule/StdPeriph_Driver/inc" -I"C:/Users/banikp/Documents/DAC/nRFmodule/inc" -I"C:/Users/banikp/Documents/DAC/nRFmodule/CMSIS/device" -I"C:/Users/banikp/Documents/DAC/nRFmodule/CMSIS/core" -O0 -g3 -Wall -fmessage-length=0 -ffunction-sections -c -MMD -MP -MF"StdPeriph_Driver/src/stm32f4xx_usart.d" -MT"StdPeriph_Driver/src/stm32f4xx_usart.o" -o "StdPeriph_Driver/src/stm32f4xx_usart.o" "../StdPeriph_Driver/src/stm32f4xx_usart.c"
Finished building: ../StdPeriph_Driver/src/stm32f4xx_usart.c
 
Building file: ../StdPeriph_Driver/src/stm32f4xx_wwdg.c
Invoking: MCU GCC Compiler
C:\Users\banikp\Documents\DAC\nRFmodule\Debug
arm-none-eabi-gcc -mcpu=cortex-m4 -mthumb -mfloat-abi=hard -mfpu=fpv4-sp-d16 -DSTM32 -DSTM32F4 -DSTM32F446RETx -DNUCLEO_F446RE -DDEBUG -DSTM32F446xx -DUSE_STDPERIPH_DRIVER -I"C:/Users/banikp/Documents/DAC/nRFmodule/StdPeriph_Driver/inc" -I"C:/Users/banikp/Documents/DAC/nRFmodule/inc" -I"C:/Users/banikp/Documents/DAC/nRFmodule/CMSIS/device" -I"C:/Users/banikp/Documents/DAC/nRFmodule/CMSIS/core" -O0 -g3 -Wall -fmessage-length=0 -ffunction-sections -c -MMD -MP -MF"StdPeriph_Driver/src/stm32f4xx_wwdg.d" -MT"StdPeriph_Driver/src/stm32f4xx_wwdg.o" -o "StdPeriph_Driver/src/stm32f4xx_wwdg.o" "../StdPeriph_Driver/src/stm32f4xx_wwdg.c"
Finished building: ../StdPeriph_Driver/src/stm32f4xx_wwdg.c
 
Building target: nRFmodule.elf
Invoking: MCU GCC Linker
arm-none-eabi-gcc -mcpu=cortex-m4 -mthumb -mfloat-abi=hard -mfpu=fpv4-sp-d16 -T"C:\Users\banikp\Documents\DAC\nRFmodule\LinkerScript.ld" -Wl,-Map=output.map -Wl,--gc-sections -o "nRFmodule.elf" @"objects.list"   -lm
src/tm_stm32f4_delay.o: In function `SysTick_Handler':
C:\Users\banikp\Documents\DAC\nRFmodule\Debug/../src/tm_stm32f4_delay.c:48: multiple definition of `SysTick_Handler'
src/stm32f4xx_it.o:C:\Users\banikp\Documents\DAC\nRFmodule\Debug/../src/stm32f4xx_it.c:152: first defined here
collect2.exe: error: ld returned 1 exit status
makefile:35: recipe for target 'nRFmodule.elf' failed
make: *** [nRFmodule.elf] Error 1
21:14:20 **** Incremental Build of configuration Debug for project nRFmodule ****
make all 
Building file: ../src/main.c
Invoking: MCU GCC Compiler
C:\Users\banikp\Documents\DAC\nRFmodule\Debug
arm-none-eabi-gcc -mcpu=cortex-m4 -mthumb -mfloat-abi=hard -mfpu=fpv4-sp-d16 -DSTM32 -DSTM32F4 -DSTM32F446RETx -DNUCLEO_F446RE -DDEBUG -DSTM32F446xx -DUSE_STDPERIPH_DRIVER -DKEIL_IDE -I"C:/Users/banikp/Documents/DAC/nRFmodule/StdPeriph_Driver/inc" -I"C:/Users/banikp/Documents/DAC/nRFmodule/inc" -I"C:/Users/banikp/Documents/DAC/nRFmodule/CMSIS/device" -I"C:/Users/banikp/Documents/DAC/nRFmodule/CMSIS/core" -O0 -g3 -Wall -fmessage-length=0 -ffunction-sections -c -MMD -MP -MF"src/main.d" -MT"src/main.o" -o "src/main.o" "../src/main.c"
../src/main.c: In function 'main':
../src/main.c:117:19: warning: format '%u' expects argument of type 'unsigned int', but argument 3 has type 'uint32_t {aka volatile long unsigned int}' [-Wformat=]
    sprintf(str, "%u ms: ", TM_DELAY_Time());
                   ^
Finished building: ../src/main.c
 
Building file: ../src/stm32f4xx_it.c
Invoking: MCU GCC Compiler
C:\Users\banikp\Documents\DAC\nRFmodule\Debug
arm-none-eabi-gcc -mcpu=cortex-m4 -mthumb -mfloat-abi=hard -mfpu=fpv4-sp-d16 -DSTM32 -DSTM32F4 -DSTM32F446RETx -DNUCLEO_F446RE -DDEBUG -DSTM32F446xx -DUSE_STDPERIPH_DRIVER -DKEIL_IDE -I"C:/Users/banikp/Documents/DAC/nRFmodule/StdPeriph_Driver/inc" -I"C:/Users/banikp/Documents/DAC/nRFmodule/inc" -I"C:/Users/banikp/Documents/DAC/nRFmodule/CMSIS/device" -I"C:/Users/banikp/Documents/DAC/nRFmodule/CMSIS/core" -O0 -g3 -Wall -fmessage-length=0 -ffunction-sections -c -MMD -MP -MF"src/stm32f4xx_it.d" -MT"src/stm32f4xx_it.o" -o "src/stm32f4xx_it.o" "../src/stm32f4xx_it.c"
Finished building: ../src/stm32f4xx_it.c
 
Building file: ../src/syscalls.c
Invoking: MCU GCC Compiler
C:\Users\banikp\Documents\DAC\nRFmodule\Debug
arm-none-eabi-gcc -mcpu=cortex-m4 -mthumb -mfloat-abi=hard -mfpu=fpv4-sp-d16 -DSTM32 -DSTM32F4 -DSTM32F446RETx -DNUCLEO_F446RE -DDEBUG -DSTM32F446xx -DUSE_STDPERIPH_DRIVER -DKEIL_IDE -I"C:/Users/banikp/Documents/DAC/nRFmodule/StdPeriph_Driver/inc" -I"C:/Users/banikp/Documents/DAC/nRFmodule/inc" -I"C:/Users/banikp/Documents/DAC/nRFmodule/CMSIS/device" -I"C:/Users/banikp/Documents/DAC/nRFmodule/CMSIS/core" -O0 -g3 -Wall -fmessage-length=0 -ffunction-sections -c -MMD -MP -MF"src/syscalls.d" -MT"src/syscalls.o" -o "src/syscalls.o" "../src/syscalls.c"
Finished building: ../src/syscalls.c
 
Building file: ../src/system_stm32f4xx.c
Invoking: MCU GCC Compiler
C:\Users\banikp\Documents\DAC\nRFmodule\Debug
arm-none-eabi-gcc -mcpu=cortex-m4 -mthumb -mfloat-abi=hard -mfpu=fpv4-sp-d16 -DSTM32 -DSTM32F4 -DSTM32F446RETx -DNUCLEO_F446RE -DDEBUG -DSTM32F446xx -DUSE_STDPERIPH_DRIVER -DKEIL_IDE -I"C:/Users/banikp/Documents/DAC/nRFmodule/StdPeriph_Driver/inc" -I"C:/Users/banikp/Documents/DAC/nRFmodule/inc" -I"C:/Users/banikp/Documents/DAC/nRFmodule/CMSIS/device" -I"C:/Users/banikp/Documents/DAC/nRFmodule/CMSIS/core" -O0 -g3 -Wall -fmessage-length=0 -ffunction-sections -c -MMD -MP -MF"src/system_stm32f4xx.d" -MT"src/system_stm32f4xx.o" -o "src/system_stm32f4xx.o" "../src/system_stm32f4xx.c"
../src/system_stm32f4xx.c: In function 'SetSysClock':
../src/system_stm32f4xx.c:760:5: warning: this 'while' clause does not guard... [-Wmisleading-indentation]
     while ((RCC->CFGR & (uint32_t)RCC_CFGR_SWS ) != RCC_CFGR_SWS_PLL);
     ^~~~~
../src/system_stm32f4xx.c:761:5: note: ...this statement, but the latter is misleadingly indented as if it is guarded by the 'while'
     {
     ^
Finished building: ../src/system_stm32f4xx.c
 
Building file: ../src/tm_stm32f4_delay.c
Invoking: MCU GCC Compiler
C:\Users\banikp\Documents\DAC\nRFmodule\Debug
arm-none-eabi-gcc -mcpu=cortex-m4 -mthumb -mfloat-abi=hard -mfpu=fpv4-sp-d16 -DSTM32 -DSTM32F4 -DSTM32F446RETx -DNUCLEO_F446RE -DDEBUG -DSTM32F446xx -DUSE_STDPERIPH_DRIVER -DKEIL_IDE -I"C:/Users/banikp/Documents/DAC/nRFmodule/StdPeriph_Driver/inc" -I"C:/Users/banikp/Documents/DAC/nRFmodule/inc" -I"C:/Users/banikp/Documents/DAC/nRFmodule/CMSIS/device" -I"C:/Users/banikp/Documents/DAC/nRFmodule/CMSIS/core" -O0 -g3 -Wall -fmessage-length=0 -ffunction-sections -c -MMD -MP -MF"src/tm_stm32f4_delay.d" -MT"src/tm_stm32f4_delay.o" -o "src/tm_stm32f4_delay.o" "../src/tm_stm32f4_delay.c"
Finished building: ../src/tm_stm32f4_delay.c
 
Building file: ../src/tm_stm32f4_exti.c
Invoking: MCU GCC Compiler
C:\Users\banikp\Documents\DAC\nRFmodule\Debug
arm-none-eabi-gcc -mcpu=cortex-m4 -mthumb -mfloat-abi=hard -mfpu=fpv4-sp-d16 -DSTM32 -DSTM32F4 -DSTM32F446RETx -DNUCLEO_F446RE -DDEBUG -DSTM32F446xx -DUSE_STDPERIPH_DRIVER -DKEIL_IDE -I"C:/Users/banikp/Documents/DAC/nRFmodule/StdPeriph_Driver/inc" -I"C:/Users/banikp/Documents/DAC/nRFmodule/inc" -I"C:/Users/banikp/Documents/DAC/nRFmodule/CMSIS/device" -I"C:/Users/banikp/Documents/DAC/nRFmodule/CMSIS/core" -O0 -g3 -Wall -fmessage-length=0 -ffunction-sections -c -MMD -MP -MF"src/tm_stm32f4_exti.d" -MT"src/tm_stm32f4_exti.o" -o "src/tm_stm32f4_exti.o" "../src/tm_stm32f4_exti.c"
Finished building: ../src/tm_stm32f4_exti.c
 
Building file: ../src/tm_stm32f4_gpio.c
Invoking: MCU GCC Compiler
C:\Users\banikp\Documents\DAC\nRFmodule\Debug
arm-none-eabi-gcc -mcpu=cortex-m4 -mthumb -mfloat-abi=hard -mfpu=fpv4-sp-d16 -DSTM32 -DSTM32F4 -DSTM32F446RETx -DNUCLEO_F446RE -DDEBUG -DSTM32F446xx -DUSE_STDPERIPH_DRIVER -DKEIL_IDE -I"C:/Users/banikp/Documents/DAC/nRFmodule/StdPeriph_Driver/inc" -I"C:/Users/banikp/Documents/DAC/nRFmodule/inc" -I"C:/Users/banikp/Documents/DAC/nRFmodule/CMSIS/device" -I"C:/Users/banikp/Documents/DAC/nRFmodule/CMSIS/core" -O0 -g3 -Wall -fmessage-length=0 -ffunction-sections -c -MMD -MP -MF"src/tm_stm32f4_gpio.d" -MT"src/tm_stm32f4_gpio.o" -o "src/tm_stm32f4_gpio.o" "../src/tm_stm32f4_gpio.c"
Finished building: ../src/tm_stm32f4_gpio.c
 
Building file: ../src/tm_stm32f4_nrf24l01.c
Invoking: MCU GCC Compiler
C:\Users\banikp\Documents\DAC\nRFmodule\Debug
arm-none-eabi-gcc -mcpu=cortex-m4 -mthumb -mfloat-abi=hard -mfpu=fpv4-sp-d16 -DSTM32 -DSTM32F4 -DSTM32F446RETx -DNUCLEO_F446RE -DDEBUG -DSTM32F446xx -DUSE_STDPERIPH_DRIVER -DKEIL_IDE -I"C:/Users/banikp/Documents/DAC/nRFmodule/StdPeriph_Driver/inc" -I"C:/Users/banikp/Documents/DAC/nRFmodule/inc" -I"C:/Users/banikp/Documents/DAC/nRFmodule/CMSIS/device" -I"C:/Users/banikp/Documents/DAC/nRFmodule/CMSIS/core" -O0 -g3 -Wall -fmessage-length=0 -ffunction-sections -c -MMD -MP -MF"src/tm_stm32f4_nrf24l01.d" -MT"src/tm_stm32f4_nrf24l01.o" -o "src/tm_stm32f4_nrf24l01.o" "../src/tm_stm32f4_nrf24l01.c"
Finished building: ../src/tm_stm32f4_nrf24l01.c
 
Building file: ../src/tm_stm32f4_spi.c
Invoking: MCU GCC Compiler
C:\Users\banikp\Documents\DAC\nRFmodule\Debug
arm-none-eabi-gcc -mcpu=cortex-m4 -mthumb -mfloat-abi=hard -mfpu=fpv4-sp-d16 -DSTM32 -DSTM32F4 -DSTM32F446RETx -DNUCLEO_F446RE -DDEBUG -DSTM32F446xx -DUSE_STDPERIPH_DRIVER -DKEIL_IDE -I"C:/Users/banikp/Documents/DAC/nRFmodule/StdPeriph_Driver/inc" -I"C:/Users/banikp/Documents/DAC/nRFmodule/inc" -I"C:/Users/banikp/Documents/DAC/nRFmodule/CMSIS/device" -I"C:/Users/banikp/Documents/DAC/nRFmodule/CMSIS/core" -O0 -g3 -Wall -fmessage-length=0 -ffunction-sections -c -MMD -MP -MF"src/tm_stm32f4_spi.d" -MT"src/tm_stm32f4_spi.o" -o "src/tm_stm32f4_spi.o" "../src/tm_stm32f4_spi.c"
Finished building: ../src/tm_stm32f4_spi.c
 
Building file: ../src/tm_stm32f4_usart.c
Invoking: MCU GCC Compiler
C:\Users\banikp\Documents\DAC\nRFmodule\Debug
arm-none-eabi-gcc -mcpu=cortex-m4 -mthumb -mfloat-abi=hard -mfpu=fpv4-sp-d16 -DSTM32 -DSTM32F4 -DSTM32F446RETx -DNUCLEO_F446RE -DDEBUG -DSTM32F446xx -DUSE_STDPERIPH_DRIVER -DKEIL_IDE -I"C:/Users/banikp/Documents/DAC/nRFmodule/StdPeriph_Driver/inc" -I"C:/Users/banikp/Documents/DAC/nRFmodule/inc" -I"C:/Users/banikp/Documents/DAC/nRFmodule/CMSIS/device" -I"C:/Users/banikp/Documents/DAC/nRFmodule/CMSIS/core" -O0 -g3 -Wall -fmessage-length=0 -ffunction-sections -c -MMD -MP -MF"src/tm_stm32f4_usart.d" -MT"src/tm_stm32f4_usart.o" -o "src/tm_stm32f4_usart.o" "../src/tm_stm32f4_usart.c"
Finished building: ../src/tm_stm32f4_usart.c
 
Building file: ../StdPeriph_Driver/src/misc.c
Invoking: MCU GCC Compiler
C:\Users\banikp\Documents\DAC\nRFmodule\Debug
arm-none-eabi-gcc -mcpu=cortex-m4 -mthumb -mfloat-abi=hard -mfpu=fpv4-sp-d16 -DSTM32 -DSTM32F4 -DSTM32F446RETx -DNUCLEO_F446RE -DDEBUG -DSTM32F446xx -DUSE_STDPERIPH_DRIVER -DKEIL_IDE -I"C:/Users/banikp/Documents/DAC/nRFmodule/StdPeriph_Driver/inc" -I"C:/Users/banikp/Documents/DAC/nRFmodule/inc" -I"C:/Users/banikp/Documents/DAC/nRFmodule/CMSIS/device" -I"C:/Users/banikp/Documents/DAC/nRFmodule/CMSIS/core" -O0 -g3 -Wall -fmessage-length=0 -ffunction-sections -c -MMD -MP -MF"StdPeriph_Driver/src/misc.d" -MT"StdPeriph_Driver/src/misc.o" -o "StdPeriph_Driver/src/misc.o" "../StdPeriph_Driver/src/misc.c"
Finished building: ../StdPeriph_Driver/src/misc.c
 
Building file: ../StdPeriph_Driver/src/stm32f4xx_adc.c
Invoking: MCU GCC Compiler
C:\Users\banikp\Documents\DAC\nRFmodule\Debug
arm-none-eabi-gcc -mcpu=cortex-m4 -mthumb -mfloat-abi=hard -mfpu=fpv4-sp-d16 -DSTM32 -DSTM32F4 -DSTM32F446RETx -DNUCLEO_F446RE -DDEBUG -DSTM32F446xx -DUSE_STDPERIPH_DRIVER -DKEIL_IDE -I"C:/Users/banikp/Documents/DAC/nRFmodule/StdPeriph_Driver/inc" -I"C:/Users/banikp/Documents/DAC/nRFmodule/inc" -I"C:/Users/banikp/Documents/DAC/nRFmodule/CMSIS/device" -I"C:/Users/banikp/Documents/DAC/nRFmodule/CMSIS/core" -O0 -g3 -Wall -fmessage-length=0 -ffunction-sections -c -MMD -MP -MF"StdPeriph_Driver/src/stm32f4xx_adc.d" -MT"StdPeriph_Driver/src/stm32f4xx_adc.o" -o "StdPeriph_Driver/src/stm32f4xx_adc.o" "../StdPeriph_Driver/src/stm32f4xx_adc.c"
Finished building: ../StdPeriph_Driver/src/stm32f4xx_adc.c
 
Building file: ../StdPeriph_Driver/src/stm32f4xx_can.c
Invoking: MCU GCC Compiler
C:\Users\banikp\Documents\DAC\nRFmodule\Debug
arm-none-eabi-gcc -mcpu=cortex-m4 -mthumb -mfloat-abi=hard -mfpu=fpv4-sp-d16 -DSTM32 -DSTM32F4 -DSTM32F446RETx -DNUCLEO_F446RE -DDEBUG -DSTM32F446xx -DUSE_STDPERIPH_DRIVER -DKEIL_IDE -I"C:/Users/banikp/Documents/DAC/nRFmodule/StdPeriph_Driver/inc" -I"C:/Users/banikp/Documents/DAC/nRFmodule/inc" -I"C:/Users/banikp/Documents/DAC/nRFmodule/CMSIS/device" -I"C:/Users/banikp/Documents/DAC/nRFmodule/CMSIS/core" -O0 -g3 -Wall -fmessage-length=0 -ffunction-sections -c -MMD -MP -MF"StdPeriph_Driver/src/stm32f4xx_can.d" -MT"StdPeriph_Driver/src/stm32f4xx_can.o" -o "StdPeriph_Driver/src/stm32f4xx_can.o" "../StdPeriph_Driver/src/stm32f4xx_can.c"
Finished building: ../StdPeriph_Driver/src/stm32f4xx_can.c
 
Building file: ../StdPeriph_Driver/src/stm32f4xx_cec.c
Invoking: MCU GCC Compiler
C:\Users\banikp\Documents\DAC\nRFmodule\Debug
arm-none-eabi-gcc -mcpu=cortex-m4 -mthumb -mfloat-abi=hard -mfpu=fpv4-sp-d16 -DSTM32 -DSTM32F4 -DSTM32F446RETx -DNUCLEO_F446RE -DDEBUG -DSTM32F446xx -DUSE_STDPERIPH_DRIVER -DKEIL_IDE -I"C:/Users/banikp/Documents/DAC/nRFmodule/StdPeriph_Driver/inc" -I"C:/Users/banikp/Documents/DAC/nRFmodule/inc" -I"C:/Users/banikp/Documents/DAC/nRFmodule/CMSIS/device" -I"C:/Users/banikp/Documents/DAC/nRFmodule/CMSIS/core" -O0 -g3 -Wall -fmessage-length=0 -ffunction-sections -c -MMD -MP -MF"StdPeriph_Driver/src/stm32f4xx_cec.d" -MT"StdPeriph_Driver/src/stm32f4xx_cec.o" -o "StdPeriph_Driver/src/stm32f4xx_cec.o" "../StdPeriph_Driver/src/stm32f4xx_cec.c"
Finished building: ../StdPeriph_Driver/src/stm32f4xx_cec.c
 
Building file: ../StdPeriph_Driver/src/stm32f4xx_crc.c
Invoking: MCU GCC Compiler
C:\Users\banikp\Documents\DAC\nRFmodule\Debug
arm-none-eabi-gcc -mcpu=cortex-m4 -mthumb -mfloat-abi=hard -mfpu=fpv4-sp-d16 -DSTM32 -DSTM32F4 -DSTM32F446RETx -DNUCLEO_F446RE -DDEBUG -DSTM32F446xx -DUSE_STDPERIPH_DRIVER -DKEIL_IDE -I"C:/Users/banikp/Documents/DAC/nRFmodule/StdPeriph_Driver/inc" -I"C:/Users/banikp/Documents/DAC/nRFmodule/inc" -I"C:/Users/banikp/Documents/DAC/nRFmodule/CMSIS/device" -I"C:/Users/banikp/Documents/DAC/nRFmodule/CMSIS/core" -O0 -g3 -Wall -fmessage-length=0 -ffunction-sections -c -MMD -MP -MF"StdPeriph_Driver/src/stm32f4xx_crc.d" -MT"StdPeriph_Driver/src/stm32f4xx_crc.o" -o "StdPeriph_Driver/src/stm32f4xx_crc.o" "../StdPeriph_Driver/src/stm32f4xx_crc.c"
Finished building: ../StdPeriph_Driver/src/stm32f4xx_crc.c
 
Building file: ../StdPeriph_Driver/src/stm32f4xx_cryp.c
Invoking: MCU GCC Compiler
C:\Users\banikp\Documents\DAC\nRFmodule\Debug
arm-none-eabi-gcc -mcpu=cortex-m4 -mthumb -mfloat-abi=hard -mfpu=fpv4-sp-d16 -DSTM32 -DSTM32F4 -DSTM32F446RETx -DNUCLEO_F446RE -DDEBUG -DSTM32F446xx -DUSE_STDPERIPH_DRIVER -DKEIL_IDE -I"C:/Users/banikp/Documents/DAC/nRFmodule/StdPeriph_Driver/inc" -I"C:/Users/banikp/Documents/DAC/nRFmodule/inc" -I"C:/Users/banikp/Documents/DAC/nRFmodule/CMSIS/device" -I"C:/Users/banikp/Documents/DAC/nRFmodule/CMSIS/core" -O0 -g3 -Wall -fmessage-length=0 -ffunction-sections -c -MMD -MP -MF"StdPeriph_Driver/src/stm32f4xx_cryp.d" -MT"StdPeriph_Driver/src/stm32f4xx_cryp.o" -o "StdPeriph_Driver/src/stm32f4xx_cryp.o" "../StdPeriph_Driver/src/stm32f4xx_cryp.c"
Finished building: ../StdPeriph_Driver/src/stm32f4xx_cryp.c
 
Building file: ../StdPeriph_Driver/src/stm32f4xx_cryp_aes.c
Invoking: MCU GCC Compiler
C:\Users\banikp\Documents\DAC\nRFmodule\Debug
arm-none-eabi-gcc -mcpu=cortex-m4 -mthumb -mfloat-abi=hard -mfpu=fpv4-sp-d16 -DSTM32 -DSTM32F4 -DSTM32F446RETx -DNUCLEO_F446RE -DDEBUG -DSTM32F446xx -DUSE_STDPERIPH_DRIVER -DKEIL_IDE -I"C:/Users/banikp/Documents/DAC/nRFmodule/StdPeriph_Driver/inc" -I"C:/Users/banikp/Documents/DAC/nRFmodule/inc" -I"C:/Users/banikp/Documents/DAC/nRFmodule/CMSIS/device" -I"C:/Users/banikp/Documents/DAC/nRFmodule/CMSIS/core" -O0 -g3 -Wall -fmessage-length=0 -ffunction-sections -c -MMD -MP -MF"StdPeriph_Driver/src/stm32f4xx_cryp_aes.d" -MT"StdPeriph_Driver/src/stm32f4xx_cryp_aes.o" -o "StdPeriph_Driver/src/stm32f4xx_cryp_aes.o" "../StdPeriph_Driver/src/stm32f4xx_cryp_aes.c"
Finished building: ../StdPeriph_Driver/src/stm32f4xx_cryp_aes.c
 
Building file: ../StdPeriph_Driver/src/stm32f4xx_cryp_des.c
Invoking: MCU GCC Compiler
C:\Users\banikp\Documents\DAC\nRFmodule\Debug
arm-none-eabi-gcc -mcpu=cortex-m4 -mthumb -mfloat-abi=hard -mfpu=fpv4-sp-d16 -DSTM32 -DSTM32F4 -DSTM32F446RETx -DNUCLEO_F446RE -DDEBUG -DSTM32F446xx -DUSE_STDPERIPH_DRIVER -DKEIL_IDE -I"C:/Users/banikp/Documents/DAC/nRFmodule/StdPeriph_Driver/inc" -I"C:/Users/banikp/Documents/DAC/nRFmodule/inc" -I"C:/Users/banikp/Documents/DAC/nRFmodule/CMSIS/device" -I"C:/Users/banikp/Documents/DAC/nRFmodule/CMSIS/core" -O0 -g3 -Wall -fmessage-length=0 -ffunction-sections -c -MMD -MP -MF"StdPeriph_Driver/src/stm32f4xx_cryp_des.d" -MT"StdPeriph_Driver/src/stm32f4xx_cryp_des.o" -o "StdPeriph_Driver/src/stm32f4xx_cryp_des.o" "../StdPeriph_Driver/src/stm32f4xx_cryp_des.c"
Finished building: ../StdPeriph_Driver/src/stm32f4xx_cryp_des.c
 
Building file: ../StdPeriph_Driver/src/stm32f4xx_cryp_tdes.c
Invoking: MCU GCC Compiler
C:\Users\banikp\Documents\DAC\nRFmodule\Debug
arm-none-eabi-gcc -mcpu=cortex-m4 -mthumb -mfloat-abi=hard -mfpu=fpv4-sp-d16 -DSTM32 -DSTM32F4 -DSTM32F446RETx -DNUCLEO_F446RE -DDEBUG -DSTM32F446xx -DUSE_STDPERIPH_DRIVER -DKEIL_IDE -I"C:/Users/banikp/Documents/DAC/nRFmodule/StdPeriph_Driver/inc" -I"C:/Users/banikp/Documents/DAC/nRFmodule/inc" -I"C:/Users/banikp/Documents/DAC/nRFmodule/CMSIS/device" -I"C:/Users/banikp/Documents/DAC/nRFmodule/CMSIS/core" -O0 -g3 -Wall -fmessage-length=0 -ffunction-sections -c -MMD -MP -MF"StdPeriph_Driver/src/stm32f4xx_cryp_tdes.d" -MT"StdPeriph_Driver/src/stm32f4xx_cryp_tdes.o" -o "StdPeriph_Driver/src/stm32f4xx_cryp_tdes.o" "../StdPeriph_Driver/src/stm32f4xx_cryp_tdes.c"
Finished building: ../StdPeriph_Driver/src/stm32f4xx_cryp_tdes.c
 
Building file: ../StdPeriph_Driver/src/stm32f4xx_dac.c
Invoking: MCU GCC Compiler
C:\Users\banikp\Documents\DAC\nRFmodule\Debug
arm-none-eabi-gcc -mcpu=cortex-m4 -mthumb -mfloat-abi=hard -mfpu=fpv4-sp-d16 -DSTM32 -DSTM32F4 -DSTM32F446RETx -DNUCLEO_F446RE -DDEBUG -DSTM32F446xx -DUSE_STDPERIPH_DRIVER -DKEIL_IDE -I"C:/Users/banikp/Documents/DAC/nRFmodule/StdPeriph_Driver/inc" -I"C:/Users/banikp/Documents/DAC/nRFmodule/inc" -I"C:/Users/banikp/Documents/DAC/nRFmodule/CMSIS/device" -I"C:/Users/banikp/Documents/DAC/nRFmodule/CMSIS/core" -O0 -g3 -Wall -fmessage-length=0 -ffunction-sections -c -MMD -MP -MF"StdPeriph_Driver/src/stm32f4xx_dac.d" -MT"StdPeriph_Driver/src/stm32f4xx_dac.o" -o "StdPeriph_Driver/src/stm32f4xx_dac.o" "../StdPeriph_Driver/src/stm32f4xx_dac.c"
Finished building: ../StdPeriph_Driver/src/stm32f4xx_dac.c
 
Building file: ../StdPeriph_Driver/src/stm32f4xx_dbgmcu.c
Invoking: MCU GCC Compiler
C:\Users\banikp\Documents\DAC\nRFmodule\Debug
arm-none-eabi-gcc -mcpu=cortex-m4 -mthumb -mfloat-abi=hard -mfpu=fpv4-sp-d16 -DSTM32 -DSTM32F4 -DSTM32F446RETx -DNUCLEO_F446RE -DDEBUG -DSTM32F446xx -DUSE_STDPERIPH_DRIVER -DKEIL_IDE -I"C:/Users/banikp/Documents/DAC/nRFmodule/StdPeriph_Driver/inc" -I"C:/Users/banikp/Documents/DAC/nRFmodule/inc" -I"C:/Users/banikp/Documents/DAC/nRFmodule/CMSIS/device" -I"C:/Users/banikp/Documents/DAC/nRFmodule/CMSIS/core" -O0 -g3 -Wall -fmessage-length=0 -ffunction-sections -c -MMD -MP -MF"StdPeriph_Driver/src/stm32f4xx_dbgmcu.d" -MT"StdPeriph_Driver/src/stm32f4xx_dbgmcu.o" -o "StdPeriph_Driver/src/stm32f4xx_dbgmcu.o" "../StdPeriph_Driver/src/stm32f4xx_dbgmcu.c"
Finished building: ../StdPeriph_Driver/src/stm32f4xx_dbgmcu.c
 
Building file: ../StdPeriph_Driver/src/stm32f4xx_dcmi.c
Invoking: MCU GCC Compiler
C:\Users\banikp\Documents\DAC\nRFmodule\Debug
arm-none-eabi-gcc -mcpu=cortex-m4 -mthumb -mfloat-abi=hard -mfpu=fpv4-sp-d16 -DSTM32 -DSTM32F4 -DSTM32F446RETx -DNUCLEO_F446RE -DDEBUG -DSTM32F446xx -DUSE_STDPERIPH_DRIVER -DKEIL_IDE -I"C:/Users/banikp/Documents/DAC/nRFmodule/StdPeriph_Driver/inc" -I"C:/Users/banikp/Documents/DAC/nRFmodule/inc" -I"C:/Users/banikp/Documents/DAC/nRFmodule/CMSIS/device" -I"C:/Users/banikp/Documents/DAC/nRFmodule/CMSIS/core" -O0 -g3 -Wall -fmessage-length=0 -ffunction-sections -c -MMD -MP -MF"StdPeriph_Driver/src/stm32f4xx_dcmi.d" -MT"StdPeriph_Driver/src/stm32f4xx_dcmi.o" -o "StdPeriph_Driver/src/stm32f4xx_dcmi.o" "../StdPeriph_Driver/src/stm32f4xx_dcmi.c"
Finished building: ../StdPeriph_Driver/src/stm32f4xx_dcmi.c
 
Building file: ../StdPeriph_Driver/src/stm32f4xx_dfsdm.c
Invoking: MCU GCC Compiler
C:\Users\banikp\Documents\DAC\nRFmodule\Debug
arm-none-eabi-gcc -mcpu=cortex-m4 -mthumb -mfloat-abi=hard -mfpu=fpv4-sp-d16 -DSTM32 -DSTM32F4 -DSTM32F446RETx -DNUCLEO_F446RE -DDEBUG -DSTM32F446xx -DUSE_STDPERIPH_DRIVER -DKEIL_IDE -I"C:/Users/banikp/Documents/DAC/nRFmodule/StdPeriph_Driver/inc" -I"C:/Users/banikp/Documents/DAC/nRFmodule/inc" -I"C:/Users/banikp/Documents/DAC/nRFmodule/CMSIS/device" -I"C:/Users/banikp/Documents/DAC/nRFmodule/CMSIS/core" -O0 -g3 -Wall -fmessage-length=0 -ffunction-sections -c -MMD -MP -MF"StdPeriph_Driver/src/stm32f4xx_dfsdm.d" -MT"StdPeriph_Driver/src/stm32f4xx_dfsdm.o" -o "StdPeriph_Driver/src/stm32f4xx_dfsdm.o" "../StdPeriph_Driver/src/stm32f4xx_dfsdm.c"
Finished building: ../StdPeriph_Driver/src/stm32f4xx_dfsdm.c
 
Building file: ../StdPeriph_Driver/src/stm32f4xx_dma.c
Invoking: MCU GCC Compiler
C:\Users\banikp\Documents\DAC\nRFmodule\Debug
arm-none-eabi-gcc -mcpu=cortex-m4 -mthumb -mfloat-abi=hard -mfpu=fpv4-sp-d16 -DSTM32 -DSTM32F4 -DSTM32F446RETx -DNUCLEO_F446RE -DDEBUG -DSTM32F446xx -DUSE_STDPERIPH_DRIVER -DKEIL_IDE -I"C:/Users/banikp/Documents/DAC/nRFmodule/StdPeriph_Driver/inc" -I"C:/Users/banikp/Documents/DAC/nRFmodule/inc" -I"C:/Users/banikp/Documents/DAC/nRFmodule/CMSIS/device" -I"C:/Users/banikp/Documents/DAC/nRFmodule/CMSIS/core" -O0 -g3 -Wall -fmessage-length=0 -ffunction-sections -c -MMD -MP -MF"StdPeriph_Driver/src/stm32f4xx_dma.d" -MT"StdPeriph_Driver/src/stm32f4xx_dma.o" -o "StdPeriph_Driver/src/stm32f4xx_dma.o" "../StdPeriph_Driver/src/stm32f4xx_dma.c"
Finished building: ../StdPeriph_Driver/src/stm32f4xx_dma.c
 
Building file: ../StdPeriph_Driver/src/stm32f4xx_dma2d.c
Invoking: MCU GCC Compiler
C:\Users\banikp\Documents\DAC\nRFmodule\Debug
arm-none-eabi-gcc -mcpu=cortex-m4 -mthumb -mfloat-abi=hard -mfpu=fpv4-sp-d16 -DSTM32 -DSTM32F4 -DSTM32F446RETx -DNUCLEO_F446RE -DDEBUG -DSTM32F446xx -DUSE_STDPERIPH_DRIVER -DKEIL_IDE -I"C:/Users/banikp/Documents/DAC/nRFmodule/StdPeriph_Driver/inc" -I"C:/Users/banikp/Documents/DAC/nRFmodule/inc" -I"C:/Users/banikp/Documents/DAC/nRFmodule/CMSIS/device" -I"C:/Users/banikp/Documents/DAC/nRFmodule/CMSIS/core" -O0 -g3 -Wall -fmessage-length=0 -ffunction-sections -c -MMD -MP -MF"StdPeriph_Driver/src/stm32f4xx_dma2d.d" -MT"StdPeriph_Driver/src/stm32f4xx_dma2d.o" -o "StdPeriph_Driver/src/stm32f4xx_dma2d.o" "../StdPeriph_Driver/src/stm32f4xx_dma2d.c"
Finished building: ../StdPeriph_Driver/src/stm32f4xx_dma2d.c
 
Building file: ../StdPeriph_Driver/src/stm32f4xx_dsi.c
Invoking: MCU GCC Compiler
C:\Users\banikp\Documents\DAC\nRFmodule\Debug
arm-none-eabi-gcc -mcpu=cortex-m4 -mthumb -mfloat-abi=hard -mfpu=fpv4-sp-d16 -DSTM32 -DSTM32F4 -DSTM32F446RETx -DNUCLEO_F446RE -DDEBUG -DSTM32F446xx -DUSE_STDPERIPH_DRIVER -DKEIL_IDE -I"C:/Users/banikp/Documents/DAC/nRFmodule/StdPeriph_Driver/inc" -I"C:/Users/banikp/Documents/DAC/nRFmodule/inc" -I"C:/Users/banikp/Documents/DAC/nRFmodule/CMSIS/device" -I"C:/Users/banikp/Documents/DAC/nRFmodule/CMSIS/core" -O0 -g3 -Wall -fmessage-length=0 -ffunction-sections -c -MMD -MP -MF"StdPeriph_Driver/src/stm32f4xx_dsi.d" -MT"StdPeriph_Driver/src/stm32f4xx_dsi.o" -o "StdPeriph_Driver/src/stm32f4xx_dsi.o" "../StdPeriph_Driver/src/stm32f4xx_dsi.c"
Finished building: ../StdPeriph_Driver/src/stm32f4xx_dsi.c
 
Building file: ../StdPeriph_Driver/src/stm32f4xx_exti.c
Invoking: MCU GCC Compiler
C:\Users\banikp\Documents\DAC\nRFmodule\Debug
arm-none-eabi-gcc -mcpu=cortex-m4 -mthumb -mfloat-abi=hard -mfpu=fpv4-sp-d16 -DSTM32 -DSTM32F4 -DSTM32F446RETx -DNUCLEO_F446RE -DDEBUG -DSTM32F446xx -DUSE_STDPERIPH_DRIVER -DKEIL_IDE -I"C:/Users/banikp/Documents/DAC/nRFmodule/StdPeriph_Driver/inc" -I"C:/Users/banikp/Documents/DAC/nRFmodule/inc" -I"C:/Users/banikp/Documents/DAC/nRFmodule/CMSIS/device" -I"C:/Users/banikp/Documents/DAC/nRFmodule/CMSIS/core" -O0 -g3 -Wall -fmessage-length=0 -ffunction-sections -c -MMD -MP -MF"StdPeriph_Driver/src/stm32f4xx_exti.d" -MT"StdPeriph_Driver/src/stm32f4xx_exti.o" -o "StdPeriph_Driver/src/stm32f4xx_exti.o" "../StdPeriph_Driver/src/stm32f4xx_exti.c"
Finished building: ../StdPeriph_Driver/src/stm32f4xx_exti.c
 
Building file: ../StdPeriph_Driver/src/stm32f4xx_flash.c
Invoking: MCU GCC Compiler
C:\Users\banikp\Documents\DAC\nRFmodule\Debug
arm-none-eabi-gcc -mcpu=cortex-m4 -mthumb -mfloat-abi=hard -mfpu=fpv4-sp-d16 -DSTM32 -DSTM32F4 -DSTM32F446RETx -DNUCLEO_F446RE -DDEBUG -DSTM32F446xx -DUSE_STDPERIPH_DRIVER -DKEIL_IDE -I"C:/Users/banikp/Documents/DAC/nRFmodule/StdPeriph_Driver/inc" -I"C:/Users/banikp/Documents/DAC/nRFmodule/inc" -I"C:/Users/banikp/Documents/DAC/nRFmodule/CMSIS/device" -I"C:/Users/banikp/Documents/DAC/nRFmodule/CMSIS/core" -O0 -g3 -Wall -fmessage-length=0 -ffunction-sections -c -MMD -MP -MF"StdPeriph_Driver/src/stm32f4xx_flash.d" -MT"StdPeriph_Driver/src/stm32f4xx_flash.o" -o "StdPeriph_Driver/src/stm32f4xx_flash.o" "../StdPeriph_Driver/src/stm32f4xx_flash.c"
Finished building: ../StdPeriph_Driver/src/stm32f4xx_flash.c
 
Building file: ../StdPeriph_Driver/src/stm32f4xx_flash_ramfunc.c
Invoking: MCU GCC Compiler
C:\Users\banikp\Documents\DAC\nRFmodule\Debug
arm-none-eabi-gcc -mcpu=cortex-m4 -mthumb -mfloat-abi=hard -mfpu=fpv4-sp-d16 -DSTM32 -DSTM32F4 -DSTM32F446RETx -DNUCLEO_F446RE -DDEBUG -DSTM32F446xx -DUSE_STDPERIPH_DRIVER -DKEIL_IDE -I"C:/Users/banikp/Documents/DAC/nRFmodule/StdPeriph_Driver/inc" -I"C:/Users/banikp/Documents/DAC/nRFmodule/inc" -I"C:/Users/banikp/Documents/DAC/nRFmodule/CMSIS/device" -I"C:/Users/banikp/Documents/DAC/nRFmodule/CMSIS/core" -O0 -g3 -Wall -fmessage-length=0 -ffunction-sections -c -MMD -MP -MF"StdPeriph_Driver/src/stm32f4xx_flash_ramfunc.d" -MT"StdPeriph_Driver/src/stm32f4xx_flash_ramfunc.o" -o "StdPeriph_Driver/src/stm32f4xx_flash_ramfunc.o" "../StdPeriph_Driver/src/stm32f4xx_flash_ramfunc.c"
Finished building: ../StdPeriph_Driver/src/stm32f4xx_flash_ramfunc.c
 
Building file: ../StdPeriph_Driver/src/stm32f4xx_fmc.c
Invoking: MCU GCC Compiler
C:\Users\banikp\Documents\DAC\nRFmodule\Debug
arm-none-eabi-gcc -mcpu=cortex-m4 -mthumb -mfloat-abi=hard -mfpu=fpv4-sp-d16 -DSTM32 -DSTM32F4 -DSTM32F446RETx -DNUCLEO_F446RE -DDEBUG -DSTM32F446xx -DUSE_STDPERIPH_DRIVER -DKEIL_IDE -I"C:/Users/banikp/Documents/DAC/nRFmodule/StdPeriph_Driver/inc" -I"C:/Users/banikp/Documents/DAC/nRFmodule/inc" -I"C:/Users/banikp/Documents/DAC/nRFmodule/CMSIS/device" -I"C:/Users/banikp/Documents/DAC/nRFmodule/CMSIS/core" -O0 -g3 -Wall -fmessage-length=0 -ffunction-sections -c -MMD -MP -MF"StdPeriph_Driver/src/stm32f4xx_fmc.d" -MT"StdPeriph_Driver/src/stm32f4xx_fmc.o" -o "StdPeriph_Driver/src/stm32f4xx_fmc.o" "../StdPeriph_Driver/src/stm32f4xx_fmc.c"
Finished building: ../StdPeriph_Driver/src/stm32f4xx_fmc.c
 
Building file: ../StdPeriph_Driver/src/stm32f4xx_fmip2c.c
Invoking: MCU GCC Compiler
C:\Users\banikp\Documents\DAC\nRFmodule\Debug
arm-none-eabi-gcc -mcpu=cortex-m4 -mthumb -mfloat-abi=hard -mfpu=fpv4-sp-d16 -DSTM32 -DSTM32F4 -DSTM32F446RETx -DNUCLEO_F446RE -DDEBUG -DSTM32F446xx -DUSE_STDPERIPH_DRIVER -DKEIL_IDE -I"C:/Users/banikp/Documents/DAC/nRFmodule/StdPeriph_Driver/inc" -I"C:/Users/banikp/Documents/DAC/nRFmodule/inc" -I"C:/Users/banikp/Documents/DAC/nRFmodule/CMSIS/device" -I"C:/Users/banikp/Documents/DAC/nRFmodule/CMSIS/core" -O0 -g3 -Wall -fmessage-length=0 -ffunction-sections -c -MMD -MP -MF"StdPeriph_Driver/src/stm32f4xx_fmip2c.d" -MT"StdPeriph_Driver/src/stm32f4xx_fmip2c.o" -o "StdPeriph_Driver/src/stm32f4xx_fmip2c.o" "../StdPeriph_Driver/src/stm32f4xx_fmip2c.c"
Finished building: ../StdPeriph_Driver/src/stm32f4xx_fmip2c.c
 
Building file: ../StdPeriph_Driver/src/stm32f4xx_fsmc.c
Invoking: MCU GCC Compiler
C:\Users\banikp\Documents\DAC\nRFmodule\Debug
arm-none-eabi-gcc -mcpu=cortex-m4 -mthumb -mfloat-abi=hard -mfpu=fpv4-sp-d16 -DSTM32 -DSTM32F4 -DSTM32F446RETx -DNUCLEO_F446RE -DDEBUG -DSTM32F446xx -DUSE_STDPERIPH_DRIVER -DKEIL_IDE -I"C:/Users/banikp/Documents/DAC/nRFmodule/StdPeriph_Driver/inc" -I"C:/Users/banikp/Documents/DAC/nRFmodule/inc" -I"C:/Users/banikp/Documents/DAC/nRFmodule/CMSIS/device" -I"C:/Users/banikp/Documents/DAC/nRFmodule/CMSIS/core" -O0 -g3 -Wall -fmessage-length=0 -ffunction-sections -c -MMD -MP -MF"StdPeriph_Driver/src/stm32f4xx_fsmc.d" -MT"StdPeriph_Driver/src/stm32f4xx_fsmc.o" -o "StdPeriph_Driver/src/stm32f4xx_fsmc.o" "../StdPeriph_Driver/src/stm32f4xx_fsmc.c"
Finished building: ../StdPeriph_Driver/src/stm32f4xx_fsmc.c
 
Building file: ../StdPeriph_Driver/src/stm32f4xx_gpio.c
Invoking: MCU GCC Compiler
C:\Users\banikp\Documents\DAC\nRFmodule\Debug
arm-none-eabi-gcc -mcpu=cortex-m4 -mthumb -mfloat-abi=hard -mfpu=fpv4-sp-d16 -DSTM32 -DSTM32F4 -DSTM32F446RETx -DNUCLEO_F446RE -DDEBUG -DSTM32F446xx -DUSE_STDPERIPH_DRIVER -DKEIL_IDE -I"C:/Users/banikp/Documents/DAC/nRFmodule/StdPeriph_Driver/inc" -I"C:/Users/banikp/Documents/DAC/nRFmodule/inc" -I"C:/Users/banikp/Documents/DAC/nRFmodule/CMSIS/device" -I"C:/Users/banikp/Documents/DAC/nRFmodule/CMSIS/core" -O0 -g3 -Wall -fmessage-length=0 -ffunction-sections -c -MMD -MP -MF"StdPeriph_Driver/src/stm32f4xx_gpio.d" -MT"StdPeriph_Driver/src/stm32f4xx_gpio.o" -o "StdPeriph_Driver/src/stm32f4xx_gpio.o" "../StdPeriph_Driver/src/stm32f4xx_gpio.c"
Finished building: ../StdPeriph_Driver/src/stm32f4xx_gpio.c
 
Building file: ../StdPeriph_Driver/src/stm32f4xx_hash.c
Invoking: MCU GCC Compiler
C:\Users\banikp\Documents\DAC\nRFmodule\Debug
arm-none-eabi-gcc -mcpu=cortex-m4 -mthumb -mfloat-abi=hard -mfpu=fpv4-sp-d16 -DSTM32 -DSTM32F4 -DSTM32F446RETx -DNUCLEO_F446RE -DDEBUG -DSTM32F446xx -DUSE_STDPERIPH_DRIVER -DKEIL_IDE -I"C:/Users/banikp/Documents/DAC/nRFmodule/StdPeriph_Driver/inc" -I"C:/Users/banikp/Documents/DAC/nRFmodule/inc" -I"C:/Users/banikp/Documents/DAC/nRFmodule/CMSIS/device" -I"C:/Users/banikp/Documents/DAC/nRFmodule/CMSIS/core" -O0 -g3 -Wall -fmessage-length=0 -ffunction-sections -c -MMD -MP -MF"StdPeriph_Driver/src/stm32f4xx_hash.d" -MT"StdPeriph_Driver/src/stm32f4xx_hash.o" -o "StdPeriph_Driver/src/stm32f4xx_hash.o" "../StdPeriph_Driver/src/stm32f4xx_hash.c"
Finished building: ../StdPeriph_Driver/src/stm32f4xx_hash.c
 
Building file: ../StdPeriph_Driver/src/stm32f4xx_hash_md5.c
Invoking: MCU GCC Compiler
C:\Users\banikp\Documents\DAC\nRFmodule\Debug
arm-none-eabi-gcc -mcpu=cortex-m4 -mthumb -mfloat-abi=hard -mfpu=fpv4-sp-d16 -DSTM32 -DSTM32F4 -DSTM32F446RETx -DNUCLEO_F446RE -DDEBUG -DSTM32F446xx -DUSE_STDPERIPH_DRIVER -DKEIL_IDE -I"C:/Users/banikp/Documents/DAC/nRFmodule/StdPeriph_Driver/inc" -I"C:/Users/banikp/Documents/DAC/nRFmodule/inc" -I"C:/Users/banikp/Documents/DAC/nRFmodule/CMSIS/device" -I"C:/Users/banikp/Documents/DAC/nRFmodule/CMSIS/core" -O0 -g3 -Wall -fmessage-length=0 -ffunction-sections -c -MMD -MP -MF"StdPeriph_Driver/src/stm32f4xx_hash_md5.d" -MT"StdPeriph_Driver/src/stm32f4xx_hash_md5.o" -o "StdPeriph_Driver/src/stm32f4xx_hash_md5.o" "../StdPeriph_Driver/src/stm32f4xx_hash_md5.c"
Finished building: ../StdPeriph_Driver/src/stm32f4xx_hash_md5.c
 
Building file: ../StdPeriph_Driver/src/stm32f4xx_hash_sha1.c
Invoking: MCU GCC Compiler
C:\Users\banikp\Documents\DAC\nRFmodule\Debug
arm-none-eabi-gcc -mcpu=cortex-m4 -mthumb -mfloat-abi=hard -mfpu=fpv4-sp-d16 -DSTM32 -DSTM32F4 -DSTM32F446RETx -DNUCLEO_F446RE -DDEBUG -DSTM32F446xx -DUSE_STDPERIPH_DRIVER -DKEIL_IDE -I"C:/Users/banikp/Documents/DAC/nRFmodule/StdPeriph_Driver/inc" -I"C:/Users/banikp/Documents/DAC/nRFmodule/inc" -I"C:/Users/banikp/Documents/DAC/nRFmodule/CMSIS/device" -I"C:/Users/banikp/Documents/DAC/nRFmodule/CMSIS/core" -O0 -g3 -Wall -fmessage-length=0 -ffunction-sections -c -MMD -MP -MF"StdPeriph_Driver/src/stm32f4xx_hash_sha1.d" -MT"StdPeriph_Driver/src/stm32f4xx_hash_sha1.o" -o "StdPeriph_Driver/src/stm32f4xx_hash_sha1.o" "../StdPeriph_Driver/src/stm32f4xx_hash_sha1.c"
Finished building: ../StdPeriph_Driver/src/stm32f4xx_hash_sha1.c
 
Building file: ../StdPeriph_Driver/src/stm32f4xx_i2c.c
Invoking: MCU GCC Compiler
C:\Users\banikp\Documents\DAC\nRFmodule\Debug
arm-none-eabi-gcc -mcpu=cortex-m4 -mthumb -mfloat-abi=hard -mfpu=fpv4-sp-d16 -DSTM32 -DSTM32F4 -DSTM32F446RETx -DNUCLEO_F446RE -DDEBUG -DSTM32F446xx -DUSE_STDPERIPH_DRIVER -DKEIL_IDE -I"C:/Users/banikp/Documents/DAC/nRFmodule/StdPeriph_Driver/inc" -I"C:/Users/banikp/Documents/DAC/nRFmodule/inc" -I"C:/Users/banikp/Documents/DAC/nRFmodule/CMSIS/device" -I"C:/Users/banikp/Documents/DAC/nRFmodule/CMSIS/core" -O0 -g3 -Wall -fmessage-length=0 -ffunction-sections -c -MMD -MP -MF"StdPeriph_Driver/src/stm32f4xx_i2c.d" -MT"StdPeriph_Driver/src/stm32f4xx_i2c.o" -o "StdPeriph_Driver/src/stm32f4xx_i2c.o" "../StdPeriph_Driver/src/stm32f4xx_i2c.c"
Finished building: ../StdPeriph_Driver/src/stm32f4xx_i2c.c
 
Building file: ../StdPeriph_Driver/src/stm32f4xx_iwdg.c
Invoking: MCU GCC Compiler
C:\Users\banikp\Documents\DAC\nRFmodule\Debug
arm-none-eabi-gcc -mcpu=cortex-m4 -mthumb -mfloat-abi=hard -mfpu=fpv4-sp-d16 -DSTM32 -DSTM32F4 -DSTM32F446RETx -DNUCLEO_F446RE -DDEBUG -DSTM32F446xx -DUSE_STDPERIPH_DRIVER -DKEIL_IDE -I"C:/Users/banikp/Documents/DAC/nRFmodule/StdPeriph_Driver/inc" -I"C:/Users/banikp/Documents/DAC/nRFmodule/inc" -I"C:/Users/banikp/Documents/DAC/nRFmodule/CMSIS/device" -I"C:/Users/banikp/Documents/DAC/nRFmodule/CMSIS/core" -O0 -g3 -Wall -fmessage-length=0 -ffunction-sections -c -MMD -MP -MF"StdPeriph_Driver/src/stm32f4xx_iwdg.d" -MT"StdPeriph_Driver/src/stm32f4xx_iwdg.o" -o "StdPeriph_Driver/src/stm32f4xx_iwdg.o" "../StdPeriph_Driver/src/stm32f4xx_iwdg.c"
Finished building: ../StdPeriph_Driver/src/stm32f4xx_iwdg.c
 
Building file: ../StdPeriph_Driver/src/stm32f4xx_lptim.c
Invoking: MCU GCC Compiler
C:\Users\banikp\Documents\DAC\nRFmodule\Debug
arm-none-eabi-gcc -mcpu=cortex-m4 -mthumb -mfloat-abi=hard -mfpu=fpv4-sp-d16 -DSTM32 -DSTM32F4 -DSTM32F446RETx -DNUCLEO_F446RE -DDEBUG -DSTM32F446xx -DUSE_STDPERIPH_DRIVER -DKEIL_IDE -I"C:/Users/banikp/Documents/DAC/nRFmodule/StdPeriph_Driver/inc" -I"C:/Users/banikp/Documents/DAC/nRFmodule/inc" -I"C:/Users/banikp/Documents/DAC/nRFmodule/CMSIS/device" -I"C:/Users/banikp/Documents/DAC/nRFmodule/CMSIS/core" -O0 -g3 -Wall -fmessage-length=0 -ffunction-sections -c -MMD -MP -MF"StdPeriph_Driver/src/stm32f4xx_lptim.d" -MT"StdPeriph_Driver/src/stm32f4xx_lptim.o" -o "StdPeriph_Driver/src/stm32f4xx_lptim.o" "../StdPeriph_Driver/src/stm32f4xx_lptim.c"
Finished building: ../StdPeriph_Driver/src/stm32f4xx_lptim.c
 
Building file: ../StdPeriph_Driver/src/stm32f4xx_ltdc.c
Invoking: MCU GCC Compiler
C:\Users\banikp\Documents\DAC\nRFmodule\Debug
arm-none-eabi-gcc -mcpu=cortex-m4 -mthumb -mfloat-abi=hard -mfpu=fpv4-sp-d16 -DSTM32 -DSTM32F4 -DSTM32F446RETx -DNUCLEO_F446RE -DDEBUG -DSTM32F446xx -DUSE_STDPERIPH_DRIVER -DKEIL_IDE -I"C:/Users/banikp/Documents/DAC/nRFmodule/StdPeriph_Driver/inc" -I"C:/Users/banikp/Documents/DAC/nRFmodule/inc" -I"C:/Users/banikp/Documents/DAC/nRFmodule/CMSIS/device" -I"C:/Users/banikp/Documents/DAC/nRFmodule/CMSIS/core" -O0 -g3 -Wall -fmessage-length=0 -ffunction-sections -c -MMD -MP -MF"StdPeriph_Driver/src/stm32f4xx_ltdc.d" -MT"StdPeriph_Driver/src/stm32f4xx_ltdc.o" -o "StdPeriph_Driver/src/stm32f4xx_ltdc.o" "../StdPeriph_Driver/src/stm32f4xx_ltdc.c"
Finished building: ../StdPeriph_Driver/src/stm32f4xx_ltdc.c
 
Building file: ../StdPeriph_Driver/src/stm32f4xx_pwr.c
Invoking: MCU GCC Compiler
C:\Users\banikp\Documents\DAC\nRFmodule\Debug
arm-none-eabi-gcc -mcpu=cortex-m4 -mthumb -mfloat-abi=hard -mfpu=fpv4-sp-d16 -DSTM32 -DSTM32F4 -DSTM32F446RETx -DNUCLEO_F446RE -DDEBUG -DSTM32F446xx -DUSE_STDPERIPH_DRIVER -DKEIL_IDE -I"C:/Users/banikp/Documents/DAC/nRFmodule/StdPeriph_Driver/inc" -I"C:/Users/banikp/Documents/DAC/nRFmodule/inc" -I"C:/Users/banikp/Documents/DAC/nRFmodule/CMSIS/device" -I"C:/Users/banikp/Documents/DAC/nRFmodule/CMSIS/core" -O0 -g3 -Wall -fmessage-length=0 -ffunction-sections -c -MMD -MP -MF"StdPeriph_Driver/src/stm32f4xx_pwr.d" -MT"StdPeriph_Driver/src/stm32f4xx_pwr.o" -o "StdPeriph_Driver/src/stm32f4xx_pwr.o" "../StdPeriph_Driver/src/stm32f4xx_pwr.c"
Finished building: ../StdPeriph_Driver/src/stm32f4xx_pwr.c
 
Building file: ../StdPeriph_Driver/src/stm32f4xx_qspi.c
Invoking: MCU GCC Compiler
C:\Users\banikp\Documents\DAC\nRFmodule\Debug
arm-none-eabi-gcc -mcpu=cortex-m4 -mthumb -mfloat-abi=hard -mfpu=fpv4-sp-d16 -DSTM32 -DSTM32F4 -DSTM32F446RETx -DNUCLEO_F446RE -DDEBUG -DSTM32F446xx -DUSE_STDPERIPH_DRIVER -DKEIL_IDE -I"C:/Users/banikp/Documents/DAC/nRFmodule/StdPeriph_Driver/inc" -I"C:/Users/banikp/Documents/DAC/nRFmodule/inc" -I"C:/Users/banikp/Documents/DAC/nRFmodule/CMSIS/device" -I"C:/Users/banikp/Documents/DAC/nRFmodule/CMSIS/core" -O0 -g3 -Wall -fmessage-length=0 -ffunction-sections -c -MMD -MP -MF"StdPeriph_Driver/src/stm32f4xx_qspi.d" -MT"StdPeriph_Driver/src/stm32f4xx_qspi.o" -o "StdPeriph_Driver/src/stm32f4xx_qspi.o" "../StdPeriph_Driver/src/stm32f4xx_qspi.c"
Finished building: ../StdPeriph_Driver/src/stm32f4xx_qspi.c
 
Building file: ../StdPeriph_Driver/src/stm32f4xx_rcc.c
Invoking: MCU GCC Compiler
C:\Users\banikp\Documents\DAC\nRFmodule\Debug
[...]
Finished building: ../StdPeriph_Driver/src/stm32f4xx_sai.c
 
Building file: ../StdPeriph_Driver/src/stm32f4xx_sdio.c
Invoking: MCU GCC Compiler
C:\Users\banikp\Documents\DAC\nucleo-f446re_stdperiph_lib\Debug
arm-none-eabi-gcc -mcpu=cortex-m4 -mthumb -mfloat-abi=hard -mfpu=fpv4-sp-d16 -DSTM32F446RETx -DNUCLEO_F446RE -DSTM32F4 -DSTM32 -DUSE_STDPERIPH_DRIVER -DSTM32F446xx -I"C:/Users/banikp/Documents/DAC/nucleo-f446re_stdperiph_lib/CMSIS/core" -I"C:/Users/banikp/Documents/DAC/nucleo-f446re_stdperiph_lib/CMSIS/device" -I"C:/Users/banikp/Documents/DAC/nucleo-f446re_stdperiph_lib/StdPeriph_Driver/inc" -O0 -g3 -Wall -fmessage-length=0 -ffunction-sections -c -MMD -MP -MF"StdPeriph_Driver/src/stm32f4xx_sdio.d" -MT"StdPeriph_Driver/src/stm32f4xx_sdio.o" -o "StdPeriph_Driver/src/stm32f4xx_sdio.o" "../StdPeriph_Driver/src/stm32f4xx_sdio.c"
Finished building: ../StdPeriph_Driver/src/stm32f4xx_sdio.c
 
Building file: ../StdPeriph_Driver/src/stm32f4xx_spdifrx.c
Invoking: MCU GCC Compiler
C:\Users\banikp\Documents\DAC\nucleo-f446re_stdperiph_lib\Debug
arm-none-eabi-gcc -mcpu=cortex-m4 -mthumb -mfloat-abi=hard -mfpu=fpv4-sp-d16 -DSTM32F446RETx -DNUCLEO_F446RE -DSTM32F4 -DSTM32 -DUSE_STDPERIPH_DRIVER -DSTM32F446xx -I"C:/Users/banikp/Documents/DAC/nucleo-f446re_stdperiph_lib/CMSIS/core" -I"C:/Users/banikp/Documents/DAC/nucleo-f446re_stdperiph_lib/CMSIS/device" -I"C:/Users/banikp/Documents/DAC/nucleo-f446re_stdperiph_lib/StdPeriph_Driver/inc" -O0 -g3 -Wall -fmessage-length=0 -ffunction-sections -c -MMD -MP -MF"StdPeriph_Driver/src/stm32f4xx_spdifrx.d" -MT"StdPeriph_Driver/src/stm32f4xx_spdifrx.o" -o "StdPeriph_Driver/src/stm32f4xx_spdifrx.o" "../StdPeriph_Driver/src/stm32f4xx_spdifrx.c"
Finished building: ../StdPeriph_Driver/src/stm32f4xx_spdifrx.c
 
Building file: ../StdPeriph_Driver/src/stm32f4xx_spi.c
Invoking: MCU GCC Compiler
C:\Users\banikp\Documents\DAC\nucleo-f446re_stdperiph_lib\Debug
arm-none-eabi-gcc -mcpu=cortex-m4 -mthumb -mfloat-abi=hard -mfpu=fpv4-sp-d16 -DSTM32F446RETx -DNUCLEO_F446RE -DSTM32F4 -DSTM32 -DUSE_STDPERIPH_DRIVER -DSTM32F446xx -I"C:/Users/banikp/Documents/DAC/nucleo-f446re_stdperiph_lib/CMSIS/core" -I"C:/Users/banikp/Documents/DAC/nucleo-f446re_stdperiph_lib/CMSIS/device" -I"C:/Users/banikp/Documents/DAC/nucleo-f446re_stdperiph_lib/StdPeriph_Driver/inc" -O0 -g3 -Wall -fmessage-length=0 -ffunction-sections -c -MMD -MP -MF"StdPeriph_Driver/src/stm32f4xx_spi.d" -MT"StdPeriph_Driver/src/stm32f4xx_spi.o" -o "StdPeriph_Driver/src/stm32f4xx_spi.o" "../StdPeriph_Driver/src/stm32f4xx_spi.c"
Finished building: ../StdPeriph_Driver/src/stm32f4xx_spi.c
 
Building file: ../StdPeriph_Driver/src/stm32f4xx_syscfg.c
Invoking: MCU GCC Compiler
C:\Users\banikp\Documents\DAC\nucleo-f446re_stdperiph_lib\Debug
arm-none-eabi-gcc -mcpu=cortex-m4 -mthumb -mfloat-abi=hard -mfpu=fpv4-sp-d16 -DSTM32F446RETx -DNUCLEO_F446RE -DSTM32F4 -DSTM32 -DUSE_STDPERIPH_DRIVER -DSTM32F446xx -I"C:/Users/banikp/Documents/DAC/nucleo-f446re_stdperiph_lib/CMSIS/core" -I"C:/Users/banikp/Documents/DAC/nucleo-f446re_stdperiph_lib/CMSIS/device" -I"C:/Users/banikp/Documents/DAC/nucleo-f446re_stdperiph_lib/StdPeriph_Driver/inc" -O0 -g3 -Wall -fmessage-length=0 -ffunction-sections -c -MMD -MP -MF"StdPeriph_Driver/src/stm32f4xx_syscfg.d" -MT"StdPeriph_Driver/src/stm32f4xx_syscfg.o" -o "StdPeriph_Driver/src/stm32f4xx_syscfg.o" "../StdPeriph_Driver/src/stm32f4xx_syscfg.c"
Finished building: ../StdPeriph_Driver/src/stm32f4xx_syscfg.c
 
Building file: ../StdPeriph_Driver/src/stm32f4xx_tim.c
Invoking: MCU GCC Compiler
C:\Users\banikp\Documents\DAC\nucleo-f446re_stdperiph_lib\Debug
arm-none-eabi-gcc -mcpu=cortex-m4 -mthumb -mfloat-abi=hard -mfpu=fpv4-sp-d16 -DSTM32F446RETx -DNUCLEO_F446RE -DSTM32F4 -DSTM32 -DUSE_STDPERIPH_DRIVER -DSTM32F446xx -I"C:/Users/banikp/Documents/DAC/nucleo-f446re_stdperiph_lib/CMSIS/core" -I"C:/Users/banikp/Documents/DAC/nucleo-f446re_stdperiph_lib/CMSIS/device" -I"C:/Users/banikp/Documents/DAC/nucleo-f446re_stdperiph_lib/StdPeriph_Driver/inc" -O0 -g3 -Wall -fmessage-length=0 -ffunction-sections -c -MMD -MP -MF"StdPeriph_Driver/src/stm32f4xx_tim.d" -MT"StdPeriph_Driver/src/stm32f4xx_tim.o" -o "StdPeriph_Driver/src/stm32f4xx_tim.o" "../StdPeriph_Driver/src/stm32f4xx_tim.c"
Finished building: ../StdPeriph_Driver/src/stm32f4xx_tim.c
 
Building file: ../StdPeriph_Driver/src/stm32f4xx_usart.c
Invoking: MCU GCC Compiler
C:\Users\banikp\Documents\DAC\nucleo-f446re_stdperiph_lib\Debug
arm-none-eabi-gcc -mcpu=cortex-m4 -mthumb -mfloat-abi=hard -mfpu=fpv4-sp-d16 -DSTM32F446RETx -DNUCLEO_F446RE -DSTM32F4 -DSTM32 -DUSE_STDPERIPH_DRIVER -DSTM32F446xx -I"C:/Users/banikp/Documents/DAC/nucleo-f446re_stdperiph_lib/CMSIS/core" -I"C:/Users/banikp/Documents/DAC/nucleo-f446re_stdperiph_lib/CMSIS/device" -I"C:/Users/banikp/Documents/DAC/nucleo-f446re_stdperiph_lib/StdPeriph_Driver/inc" -O0 -g3 -Wall -fmessage-length=0 -ffunction-sections -c -MMD -MP -MF"StdPeriph_Driver/src/stm32f4xx_usart.d" -MT"StdPeriph_Driver/src/stm32f4xx_usart.o" -o "StdPeriph_Driver/src/stm32f4xx_usart.o" "../StdPeriph_Driver/src/stm32f4xx_usart.c"
Finished building: ../StdPeriph_Driver/src/stm32f4xx_usart.c
 
Building file: ../StdPeriph_Driver/src/stm32f4xx_wwdg.c
Invoking: MCU GCC Compiler
C:\Users\banikp\Documents\DAC\nucleo-f446re_stdperiph_lib\Debug
arm-none-eabi-gcc -mcpu=cortex-m4 -mthumb -mfloat-abi=hard -mfpu=fpv4-sp-d16 -DSTM32F446RETx -DNUCLEO_F446RE -DSTM32F4 -DSTM32 -DUSE_STDPERIPH_DRIVER -DSTM32F446xx -I"C:/Users/banikp/Documents/DAC/nucleo-f446re_stdperiph_lib/CMSIS/core" -I"C:/Users/banikp/Documents/DAC/nucleo-f446re_stdperiph_lib/CMSIS/device" -I"C:/Users/banikp/Documents/DAC/nucleo-f446re_stdperiph_lib/StdPeriph_Driver/inc" -O0 -g3 -Wall -fmessage-length=0 -ffunction-sections -c -MMD -MP -MF"StdPeriph_Driver/src/stm32f4xx_wwdg.d" -MT"StdPeriph_Driver/src/stm32f4xx_wwdg.o" -o "StdPeriph_Driver/src/stm32f4xx_wwdg.o" "../StdPeriph_Driver/src/stm32f4xx_wwdg.c"
Finished building: ../StdPeriph_Driver/src/stm32f4xx_wwdg.c
 
Building target: libnucleo-f446re_stdperiph_lib.a
Invoking: MCU GCC Archiver
arm-none-eabi-ar -r  "libnucleo-f446re_stdperiph_lib.a" @"objects.list"  
arm-none-eabi-ar: creating libnucleo-f446re_stdperiph_lib.a
Finished building target: libnucleo-f446re_stdperiph_lib.a
 
21:15:49 **** Build of configuration Debug for project TLV ****
make all 
Building file: ../src/ringbuffer.c
Invoking: MCU GCC Compiler
C:\Users\banikp\Documents\DAC\TLV\Debug
arm-none-eabi-gcc -mcpu=cortex-m4 -mthumb -mfloat-abi=hard -mfpu=fpv4-sp-d16 -DSTM32F446RETx -DNUCLEO_F446RE -DSTM32F4 -DSTM32 -DDEBUG -DUSE_STDPERIPH_DRIVER -DSTM32F446xx -I"C:/Users/banikp/Documents/DAC/nucleo-f446re_stdperiph_lib" -I"C:/Users/banikp/Documents/DAC/TLV/inc" -I"C:/Users/banikp/Documents/DAC/nucleo-f446re_stdperiph_lib/CMSIS/core" -I"C:/Users/banikp/Documents/DAC/nucleo-f446re_stdperiph_lib/CMSIS/device" -I"C:/Users/banikp/Documents/DAC/nucleo-f446re_stdperiph_lib/StdPeriph_Driver/inc" -O0 -g3 -Wall -fmessage-length=0 -ffunction-sections -c -MMD -MP -MF"src/ringbuffer.d" -MT"src/ringbuffer.o" -o "src/ringbuffer.o" "../src/ringbuffer.c"
../src/ringbuffer.c: In function 'put':
../src/ringbuffer.c:19:15: warning: passing argument 1 of 'hasSpace' from incompatible pointer type [-Wincompatible-pointer-types]
  if (hasSpace(&buffer) != 0)
               ^
In file included from ../src/ringbuffer.c:8:0:
C:/Users/banikp/Documents/DAC/TLV/inc/ringbuffer.h:31:5: note: expected 'RingBuffer * {aka struct <anonymous> *}' but argument is of type 'RingBuffer ** {aka struct <anonymous> **}'
 int hasSpace(RingBuffer*);
     ^~~~~~~~
../src/ringbuffer.c: In function 'get':
../src/ringbuffer.c:38:17: warning: passing argument 1 of 'hasElement' from incompatible pointer type [-Wincompatible-pointer-types]
  if (hasElement(&buffer) != 0)
                 ^
In file included from ../src/ringbuffer.c:8:0:
C:/Users/banikp/Documents/DAC/TLV/inc/ringbuffer.h:34:5: note: expected 'RingBuffer * {aka struct <anonymous> *}' but argument is of type 'RingBuffer ** {aka struct <anonymous> **}'
 int hasElement(RingBuffer*);
     ^~~~~~~~~~
Finished building: ../src/ringbuffer.c
 
Building file: ../src/tlv.c
Invoking: MCU GCC Compiler
C:\Users\banikp\Documents\DAC\TLV\Debug
arm-none-eabi-gcc -mcpu=cortex-m4 -mthumb -mfloat-abi=hard -mfpu=fpv4-sp-d16 -DSTM32F446RETx -DNUCLEO_F446RE -DSTM32F4 -DSTM32 -DDEBUG -DUSE_STDPERIPH_DRIVER -DSTM32F446xx -I"C:/Users/banikp/Documents/DAC/nucleo-f446re_stdperiph_lib" -I"C:/Users/banikp/Documents/DAC/TLV/inc" -I"C:/Users/banikp/Documents/DAC/nucleo-f446re_stdperiph_lib/CMSIS/core" -I"C:/Users/banikp/Documents/DAC/nucleo-f446re_stdperiph_lib/CMSIS/device" -I"C:/Users/banikp/Documents/DAC/nucleo-f446re_stdperiph_lib/StdPeriph_Driver/inc" -O0 -g3 -Wall -fmessage-length=0 -ffunction-sections -c -MMD -MP -MF"src/tlv.d" -MT"src/tlv.o" -o "src/tlv.o" "../src/tlv.c"
Finished building: ../src/tlv.c
 
Building target: libTLV.a
Invoking: MCU GCC Archiver
arm-none-eabi-ar -r  "libTLV.a" @"objects.list"  
arm-none-eabi-ar: creating libTLV.a
Finished building target: libTLV.a
 
21:15:52 **** Build of configuration Debug for project DAC ****
make all 
Building file: ../startup/startup_stm32.s
Invoking: MCU GCC Assembler
C:\Users\banikp\Documents\DAC\DAC\Debug
arm-none-eabi-as -mcpu=cortex-m4 -mthumb -mfloat-abi=hard -mfpu=fpv4-sp-d16 -I"C:/Users/banikp/Documents/DAC/nucleo-f446re_stdperiph_lib" -I"C:/Users/banikp/Documents/DAC/DAC/inc" -I"C:/Users/banikp/Documents/DAC/nucleo-f446re_stdperiph_lib/CMSIS/core" -I"C:/Users/banikp/Documents/DAC/nucleo-f446re_stdperiph_lib/CMSIS/device" -I"C:/Users/banikp/Documents/DAC/nucleo-f446re_stdperiph_lib/StdPeriph_Driver/inc" -I"C:/Users/banikp/Documents/DAC/TLV/inc" -g -o "startup/startup_stm32.o" "../startup/startup_stm32.s"
Finished building: ../startup/startup_stm32.s
 
Building file: ../src/main.c
Invoking: MCU GCC Compiler
C:\Users\banikp\Documents\DAC\DAC\Debug
arm-none-eabi-gcc -mcpu=cortex-m4 -mthumb -mfloat-abi=hard -mfpu=fpv4-sp-d16 -DSTM32F446RETx -DNUCLEO_F446RE -DSTM32F4 -DSTM32 -DDEBUG -DUSE_STDPERIPH_DRIVER -DSTM32F446xx -I"C:/Users/banikp/Documents/DAC/TLV/inc" -I"C:/Users/banikp/Documents/DAC/nucleo-f446re_stdperiph_lib" -I"C:/Users/banikp/Documents/DAC/DAC/inc" -I"C:/Users/banikp/Documents/DAC/nucleo-f446re_stdperiph_lib/CMSIS/core" -I"C:/Users/banikp/Documents/DAC/nucleo-f446re_stdperiph_lib/CMSIS/device" -I"C:/Users/banikp/Documents/DAC/nucleo-f446re_stdperiph_lib/StdPeriph_Driver/inc" -O0 -g3 -Wall -fmessage-length=0 -ffunction-sections -c -MMD -MP -MF"src/main.d" -MT"src/main.o" -o "src/main.o" "../src/main.c"
../src/main.c: In function 'main':
../src/main.c:17:2: warning: implicit declaration of function 'tlv_dac_init' [-Wimplicit-function-declaration]
  tlv_dac_init();
  ^~~~~~~~~~~~
Finished building: ../src/main.c
 
Building file: ../src/syscalls.c
Invoking: MCU GCC Compiler
C:\Users\banikp\Documents\DAC\DAC\Debug
arm-none-eabi-gcc -mcpu=cortex-m4 -mthumb -mfloat-abi=hard -mfpu=fpv4-sp-d16 -DSTM32F446RETx -DNUCLEO_F446RE -DSTM32F4 -DSTM32 -DDEBUG -DUSE_STDPERIPH_DRIVER -DSTM32F446xx -I"C:/Users/banikp/Documents/DAC/TLV/inc" -I"C:/Users/banikp/Documents/DAC/nucleo-f446re_stdperiph_lib" -I"C:/Users/banikp/Documents/DAC/DAC/inc" -I"C:/Users/banikp/Documents/DAC/nucleo-f446re_stdperiph_lib/CMSIS/core" -I"C:/Users/banikp/Documents/DAC/nucleo-f446re_stdperiph_lib/CMSIS/device" -I"C:/Users/banikp/Documents/DAC/nucleo-f446re_stdperiph_lib/StdPeriph_Driver/inc" -O0 -g3 -Wall -fmessage-length=0 -ffunction-sections -c -MMD -MP -MF"src/syscalls.d" -MT"src/syscalls.o" -o "src/syscalls.o" "../src/syscalls.c"
Finished building: ../src/syscalls.c
 
Building file: ../src/system_stm32f4xx.c
Invoking: MCU GCC Compiler
C:\Users\banikp\Documents\DAC\DAC\Debug
arm-none-eabi-gcc -mcpu=cortex-m4 -mthumb -mfloat-abi=hard -mfpu=fpv4-sp-d16 -DSTM32F446RETx -DNUCLEO_F446RE -DSTM32F4 -DSTM32 -DDEBUG -DUSE_STDPERIPH_DRIVER -DSTM32F446xx -I"C:/Users/banikp/Documents/DAC/TLV/inc" -I"C:/Users/banikp/Documents/DAC/nucleo-f446re_stdperiph_lib" -I"C:/Users/banikp/Documents/DAC/DAC/inc" -I"C:/Users/banikp/Documents/DAC/nucleo-f446re_stdperiph_lib/CMSIS/core" -I"C:/Users/banikp/Documents/DAC/nucleo-f446re_stdperiph_lib/CMSIS/device" -I"C:/Users/banikp/Documents/DAC/nucleo-f446re_stdperiph_lib/StdPeriph_Driver/inc" -O0 -g3 -Wall -fmessage-length=0 -ffunction-sections -c -MMD -MP -MF"src/system_stm32f4xx.d" -MT"src/system_stm32f4xx.o" -o "src/system_stm32f4xx.o" "../src/system_stm32f4xx.c"
../src/system_stm32f4xx.c: In function 'SetSysClock':
../src/system_stm32f4xx.c:752:5: warning: this 'while' clause does not guard... [-Wmisleading-indentation]
     while ((RCC->CFGR & (uint32_t)RCC_CFGR_SWS ) != RCC_CFGR_SWS_PLL);
     ^~~~~
../src/system_stm32f4xx.c:753:5: note: ...this statement, but the latter is misleadingly indented as if it is guarded by the 'while'
     {
     ^
Finished building: ../src/system_stm32f4xx.c
 
Building file: ../src/tlv_dac.c
Invoking: MCU GCC Compiler
C:\Users\banikp\Documents\DAC\DAC\Debug
arm-none-eabi-gcc -mcpu=cortex-m4 -mthumb -mfloat-abi=hard -mfpu=fpv4-sp-d16 -DSTM32F446RETx -DNUCLEO_F446RE -DSTM32F4 -DSTM32 -DDEBUG -DUSE_STDPERIPH_DRIVER -DSTM32F446xx -I"C:/Users/banikp/Documents/DAC/TLV/inc" -I"C:/Users/banikp/Documents/DAC/nucleo-f446re_stdperiph_lib" -I"C:/Users/banikp/Documents/DAC/DAC/inc" -I"C:/Users/banikp/Documents/DAC/nucleo-f446re_stdperiph_lib/CMSIS/core" -I"C:/Users/banikp/Documents/DAC/nucleo-f446re_stdperiph_lib/CMSIS/device" -I"C:/Users/banikp/Documents/DAC/nucleo-f446re_stdperiph_lib/StdPeriph_Driver/inc" -O0 -g3 -Wall -fmessage-length=0 -ffunction-sections -c -MMD -MP -MF"src/tlv_dac.d" -MT"src/tlv_dac.o" -o "src/tlv_dac.o" "../src/tlv_dac.c"
Finished building: ../src/tlv_dac.c
 
Building target: DAC.elf
Invoking: MCU GCC Linker
arm-none-eabi-gcc -mcpu=cortex-m4 -mthumb -mfloat-abi=hard -mfpu=fpv4-sp-d16 -L"C:\Users\banikp\Documents\DAC\TLV\Debug" -L"C:\Users\banikp\Documents\DAC\nucleo-f446re_stdperiph_lib\Debug" -T"C:\Users\banikp\Documents\DAC\DAC\LinkerScript.ld" -Wl,-Map=output.map -Wl,--gc-sections -o "DAC.elf" @"objects.list"  -lTLV -lnucleo-f446re_stdperiph_lib -lm
Finished building target: DAC.elf
 
make --no-print-directory post-build
Generating binary and Printing size information:
arm-none-eabi-objcopy -O binary "DAC.elf" "DAC.bin"
arm-none-eabi-size "DAC.elf"
   text	   data	    bss	    dec	    hex	filename
   4972	   1096	   1092	   7160	   1bf8	DAC.elf
 
21:15:58 **** Build of configuration Debug for project ADC ****
make all 
Building file: ../startup/startup_stm32.s
Invoking: MCU GCC Assembler
C:\Users\banikp\Documents\DAC\ADC\Debug
arm-none-eabi-as -mcpu=cortex-m4 -mthumb -mfloat-abi=hard -mfpu=fpv4-sp-d16 -I"C:/Users/banikp/Documents/DAC/nucleo-f446re_stdperiph_lib" -I"C:/Users/banikp/Documents/DAC/ADC/inc" -I"C:/Users/banikp/Documents/DAC/nucleo-f446re_stdperiph_lib/CMSIS/core" -I"C:/Users/banikp/Documents/DAC/nucleo-f446re_stdperiph_lib/CMSIS/device" -I"C:/Users/banikp/Documents/DAC/nucleo-f446re_stdperiph_lib/StdPeriph_Driver/inc" -I"C:/Users/banikp/Documents/DAC/TLV/inc" -g -o "startup/startup_stm32.o" "../startup/startup_stm32.s"
Finished building: ../startup/startup_stm32.s
 
Building file: ../src/main.c
Invoking: MCU GCC Compiler
C:\Users\banikp\Documents\DAC\ADC\Debug
arm-none-eabi-gcc -mcpu=cortex-m4 -mthumb -mfloat-abi=hard -mfpu=fpv4-sp-d16 -DSTM32F446RETx -DNUCLEO_F446RE -DSTM32F4 -DSTM32 -DDEBUG -DUSE_STDPERIPH_DRIVER -DSTM32F446xx -I"C:/Users/banikp/Documents/DAC/TLV" -I"C:/Users/banikp/Documents/DAC/nucleo-f446re_stdperiph_lib" -I"C:/Users/banikp/Documents/DAC/ADC/inc" -I"C:/Users/banikp/Documents/DAC/nucleo-f446re_stdperiph_lib/CMSIS/core" -I"C:/Users/banikp/Documents/DAC/nucleo-f446re_stdperiph_lib/CMSIS/device" -I"C:/Users/banikp/Documents/DAC/nucleo-f446re_stdperiph_lib/StdPeriph_Driver/inc" -I"C:/Users/banikp/Documents/DAC/TLV/inc" -O0 -g3 -Wall -fmessage-length=0 -ffunction-sections -c -MMD -MP -MF"src/main.d" -MT"src/main.o" -o "src/main.o" "../src/main.c"
Finished building: ../src/main.c
 
Building file: ../src/syscalls.c
Invoking: MCU GCC Compiler
C:\Users\banikp\Documents\DAC\ADC\Debug
arm-none-eabi-gcc -mcpu=cortex-m4 -mthumb -mfloat-abi=hard -mfpu=fpv4-sp-d16 -DSTM32F446RETx -DNUCLEO_F446RE -DSTM32F4 -DSTM32 -DDEBUG -DUSE_STDPERIPH_DRIVER -DSTM32F446xx -I"C:/Users/banikp/Documents/DAC/TLV" -I"C:/Users/banikp/Documents/DAC/nucleo-f446re_stdperiph_lib" -I"C:/Users/banikp/Documents/DAC/ADC/inc" -I"C:/Users/banikp/Documents/DAC/nucleo-f446re_stdperiph_lib/CMSIS/core" -I"C:/Users/banikp/Documents/DAC/nucleo-f446re_stdperiph_lib/CMSIS/device" -I"C:/Users/banikp/Documents/DAC/nucleo-f446re_stdperiph_lib/StdPeriph_Driver/inc" -I"C:/Users/banikp/Documents/DAC/TLV/inc" -O0 -g3 -Wall -fmessage-length=0 -ffunction-sections -c -MMD -MP -MF"src/syscalls.d" -MT"src/syscalls.o" -o "src/syscalls.o" "../src/syscalls.c"
Finished building: ../src/syscalls.c
 
Building file: ../src/system_stm32f4xx.c
Invoking: MCU GCC Compiler
C:\Users\banikp\Documents\DAC\ADC\Debug
arm-none-eabi-gcc -mcpu=cortex-m4 -mthumb -mfloat-abi=hard -mfpu=fpv4-sp-d16 -DSTM32F446RETx -DNUCLEO_F446RE -DSTM32F4 -DSTM32 -DDEBUG -DUSE_STDPERIPH_DRIVER -DSTM32F446xx -I"C:/Users/banikp/Documents/DAC/TLV" -I"C:/Users/banikp/Documents/DAC/nucleo-f446re_stdperiph_lib" -I"C:/Users/banikp/Documents/DAC/ADC/inc" -I"C:/Users/banikp/Documents/DAC/nucleo-f446re_stdperiph_lib/CMSIS/core" -I"C:/Users/banikp/Documents/DAC/nucleo-f446re_stdperiph_lib/CMSIS/device" -I"C:/Users/banikp/Documents/DAC/nucleo-f446re_stdperiph_lib/StdPeriph_Driver/inc" -I"C:/Users/banikp/Documents/DAC/TLV/inc" -O0 -g3 -Wall -fmessage-length=0 -ffunction-sections -c -MMD -MP -MF"src/system_stm32f4xx.d" -MT"src/system_stm32f4xx.o" -o "src/system_stm32f4xx.o" "../src/system_stm32f4xx.c"
../src/system_stm32f4xx.c: In function 'SetSysClock':
../src/system_stm32f4xx.c:752:5: warning: this 'while' clause does not guard... [-Wmisleading-indentation]
     while ((RCC->CFGR & (uint32_t)RCC_CFGR_SWS ) != RCC_CFGR_SWS_PLL);
     ^~~~~
../src/system_stm32f4xx.c:753:5: note: ...this statement, but the latter is misleadingly indented as if it is guarded by the 'while'
     {
     ^
Finished building: ../src/system_stm32f4xx.c
 
Building file: ../src/tlv_adc.c
Invoking: MCU GCC Compiler
C:\Users\banikp\Documents\DAC\ADC\Debug
arm-none-eabi-gcc -mcpu=cortex-m4 -mthumb -mfloat-abi=hard -mfpu=fpv4-sp-d16 -DSTM32F446RETx -DNUCLEO_F446RE -DSTM32F4 -DSTM32 -DDEBUG -DUSE_STDPERIPH_DRIVER -DSTM32F446xx -I"C:/Users/banikp/Documents/DAC/TLV" -I"C:/Users/banikp/Documents/DAC/nucleo-f446re_stdperiph_lib" -I"C:/Users/banikp/Documents/DAC/ADC/inc" -I"C:/Users/banikp/Documents/DAC/nucleo-f446re_stdperiph_lib/CMSIS/core" -I"C:/Users/banikp/Documents/DAC/nucleo-f446re_stdperiph_lib/CMSIS/device" -I"C:/Users/banikp/Documents/DAC/nucleo-f446re_stdperiph_lib/StdPeriph_Driver/inc" -I"C:/Users/banikp/Documents/DAC/TLV/inc" -O0 -g3 -Wall -fmessage-length=0 -ffunction-sections -c -MMD -MP -MF"src/tlv_adc.d" -MT"src/tlv_adc.o" -o "src/tlv_adc.o" "../src/tlv_adc.c"
Finished building: ../src/tlv_adc.c
 
Building target: ADC.elf
Invoking: MCU GCC Linker
arm-none-eabi-gcc -mcpu=cortex-m4 -mthumb -mfloat-abi=hard -mfpu=fpv4-sp-d16 -L"C:\Users\banikp\Documents\DAC\TLV\Debug" -L"C:\Users\banikp\Documents\DAC\nucleo-f446re_stdperiph_lib\Debug" -T"C:\Users\banikp\Documents\DAC\ADC\LinkerScript.ld" -Wl,-Map=output.map -Wl,--gc-sections -o "ADC.elf" @"objects.list"  -lTLV -lnucleo-f446re_stdperiph_lib -lm
Finished building target: ADC.elf
 
make --no-print-directory post-build
Generating binary and Printing size information:
arm-none-eabi-objcopy -O binary "ADC.elf" "ADC.bin"
arm-none-eabi-size "ADC.elf"
   text	   data	    bss	    dec	    hex	filename
   4292	   1096	   1092	   6480	   1950	ADC.elf
 
