21:16:56 **** Incremental Build of configuration Debug for project nucleo-f446re_stdperiph_lib ****
make all 
make: Nothing to be done for `all'.
21:16:57 **** Incremental Build of configuration Debug for project DAC ****
make all 
'Building file: ../src/tlv_dac.c'
'Invoking: MCU GCC Compiler'
C:\Users\sharana\Documents\Senior_Design\DAC\DAC\Debug
arm-none-eabi-gcc -mcpu=cortex-m4 -mthumb -mfloat-abi=hard -mfpu=fpv4-sp-d16 -DSTM32F446RETx -DNUCLEO_F446RE -DSTM32F4 -DSTM32 -DDEBUG -DUSE_STDPERIPH_DRIVER -DSTM32F446xx -I"C:/Users/sharana/Documents/Senior_Design/DAC/nucleo-f446re_stdperiph_lib" -I"C:/Users/sharana/Documents/Senior_Design/DAC/DAC/inc" -I"C:/Users/sharana/Documents/Senior_Design/DAC/nucleo-f446re_stdperiph_lib/CMSIS/core" -I"C:/Users/sharana/Documents/Senior_Design/DAC/nucleo-f446re_stdperiph_lib/CMSIS/device" -I"C:/Users/sharana/Documents/Senior_Design/DAC/nucleo-f446re_stdperiph_lib/StdPeriph_Driver/inc" -O0 -g3 -Wall -fmessage-length=0 -ffunction-sections -c -MMD -MP -MF"src/tlv_dac.d" -MT"src/tlv_dac.o" -o "src/tlv_dac.o" "../src/tlv_dac.c"
In file included from C:/Users/sharana/Documents/Senior_Design/DAC/nucleo-f446re_stdperiph_lib/StdPeriph_Driver/inc/stm32f4xx_conf.h:47:0,
                 from C:/Users/sharana/Documents/Senior_Design/DAC/nucleo-f446re_stdperiph_lib/CMSIS/device/stm32f4xx.h:11412,
                 from ../src/tlv_dac.c:9:
../src/tlv_dac.c: In function 'tlv_dac_I2S_audioSettings':
C:/Users/sharana/Documents/Senior_Design/DAC/nucleo-f446re_stdperiph_lib/StdPeriph_Driver/inc/stm32f4xx_spi.h:329:42: warning: passing argument 2 of 'I2S_Init' makes pointer from integer without a cast [-Wint-conversion]
 #define I2S_AudioFreq_44k                ((uint32_t)44100)
                                          ^
../src/tlv_dac.c:110:16: note: in expansion of macro 'I2S_AudioFreq_44k'
  I2S_Init(SPI1,I2S_AudioFreq_44k);
                ^
C:/Users/sharana/Documents/Senior_Design/DAC/nucleo-f446re_stdperiph_lib/StdPeriph_Driver/inc/stm32f4xx_spi.h:502:6: note: expected 'I2S_InitTypeDef * {aka struct <anonymous> *}' but argument is of type 'long unsigned int'
 void I2S_Init(SPI_TypeDef* SPIx, I2S_InitTypeDef* I2S_InitStruct);
      ^
../src/tlv_dac.c: At top level:
../src/tlv_dac.c:98:13: warning: '_tlv_dac_initRegisters' defined but not used [-Wunused-function]
 static void _tlv_dac_initRegisters()
             ^
'Finished building: ../src/tlv_dac.c'
' '
'Building target: DAC.elf'
'Invoking: MCU GCC Linker'
arm-none-eabi-gcc -mcpu=cortex-m4 -mthumb -mfloat-abi=hard -mfpu=fpv4-sp-d16 -L"C:\Users\sharana\Documents\Senior_Design\DAC\nucleo-f446re_stdperiph_lib\Debug" -T"C:\Users\sharana\Documents\Senior_Design\DAC\DAC\LinkerScript.ld" -Wl,-Map=output.map -Wl,--gc-sections -lm -o "DAC.elf" @"objects.list"  -lnucleo-f446re_stdperiph_lib
'Finished building target: DAC.elf'
' '
make --no-print-directory post-build
'Generating binary and Printing size information:'
arm-none-eabi-objcopy -O binary "DAC.elf" "DAC.bin"
arm-none-eabi-size "DAC.elf"
   text	   data	    bss	    dec	    hex	filename
   2344	   1076	   1056	   4476	   117c	DAC.elf
' '
