12:42:41 **** Build of configuration Debug for project nucleo-f446re_stdperiph_lib ****
make all 
Building file: ../StdPeriph_Driver/src/misc.c
Invoking: MCU GCC Compiler
%cd%
arm-none-eabi-gcc -mcpu=cortex-m4 -mthumb -mfloat-abi=hard -mfpu=fpv4-sp-d16 -DSTM32F446RETx -DNUCLEO_F446RE -DSTM32F4 -DSTM32 -DUSE_STDPERIPH_DRIVER -DSTM32F446xx -I"C:/Users/winstona/Documents/CE4020/nucleo-f446re_stdperiph_lib/CMSIS/core" -I"C:/Users/winstona/Documents/CE4020/nucleo-f446re_stdperiph_lib/CMSIS/device" -I"C:/Users/winstona/Documents/CE4020/nucleo-f446re_stdperiph_lib/StdPeriph_Driver/inc" -O0 -g3 -Wall -fmessage-length=0 -ffunction-sections -c -MMD -MP -MF"StdPeriph_Driver/src/misc.d" -MT"StdPeriph_Driver/src/misc.o" -o "StdPeriph_Driver/src/misc.o" "../StdPeriph_Driver/src/misc.c"
Finished building: ../StdPeriph_Driver/src/misc.c
 
Building file: ../StdPeriph_Driver/src/stm32f4xx_adc.c
Invoking: MCU GCC Compiler
%cd%
arm-none-eabi-gcc -mcpu=cortex-m4 -mthumb -mfloat-abi=hard -mfpu=fpv4-sp-d16 -DSTM32F446RETx -DNUCLEO_F446RE -DSTM32F4 -DSTM32 -DUSE_STDPERIPH_DRIVER -DSTM32F446xx -I"C:/Users/winstona/Documents/CE4020/nucleo-f446re_stdperiph_lib/CMSIS/core" -I"C:/Users/winstona/Documents/CE4020/nucleo-f446re_stdperiph_lib/CMSIS/device" -I"C:/Users/winstona/Documents/CE4020/nucleo-f446re_stdperiph_lib/StdPeriph_Driver/inc" -O0 -g3 -Wall -fmessage-length=0 -ffunction-sections -c -MMD -MP -MF"StdPeriph_Driver/src/stm32f4xx_adc.d" -MT"StdPeriph_Driver/src/stm32f4xx_adc.o" -o "StdPeriph_Driver/src/stm32f4xx_adc.o" "../StdPeriph_Driver/src/stm32f4xx_adc.c"
Finished building: ../StdPeriph_Driver/src/stm32f4xx_adc.c
 
Building file: ../StdPeriph_Driver/src/stm32f4xx_can.c
Invoking: MCU GCC Compiler
%cd%
arm-none-eabi-gcc -mcpu=cortex-m4 -mthumb -mfloat-abi=hard -mfpu=fpv4-sp-d16 -DSTM32F446RETx -DNUCLEO_F446RE -DSTM32F4 -DSTM32 -DUSE_STDPERIPH_DRIVER -DSTM32F446xx -I"C:/Users/winstona/Documents/CE4020/nucleo-f446re_stdperiph_lib/CMSIS/core" -I"C:/Users/winstona/Documents/CE4020/nucleo-f446re_stdperiph_lib/CMSIS/device" -I"C:/Users/winstona/Documents/CE4020/nucleo-f446re_stdperiph_lib/StdPeriph_Driver/inc" -O0 -g3 -Wall -fmessage-length=0 -ffunction-sections -c -MMD -MP -MF"StdPeriph_Driver/src/stm32f4xx_can.d" -MT"StdPeriph_Driver/src/stm32f4xx_can.o" -o "StdPeriph_Driver/src/stm32f4xx_can.o" "../StdPeriph_Driver/src/stm32f4xx_can.c"
Finished building: ../StdPeriph_Driver/src/stm32f4xx_can.c
 
Building file: ../StdPeriph_Driver/src/stm32f4xx_cec.c
Invoking: MCU GCC Compiler
%cd%
arm-none-eabi-gcc -mcpu=cortex-m4 -mthumb -mfloat-abi=hard -mfpu=fpv4-sp-d16 -DSTM32F446RETx -DNUCLEO_F446RE -DSTM32F4 -DSTM32 -DUSE_STDPERIPH_DRIVER -DSTM32F446xx -I"C:/Users/winstona/Documents/CE4020/nucleo-f446re_stdperiph_lib/CMSIS/core" -I"C:/Users/winstona/Documents/CE4020/nucleo-f446re_stdperiph_lib/CMSIS/device" -I"C:/Users/winstona/Documents/CE4020/nucleo-f446re_stdperiph_lib/StdPeriph_Driver/inc" -O0 -g3 -Wall -fmessage-length=0 -ffunction-sections -c -MMD -MP -MF"StdPeriph_Driver/src/stm32f4xx_cec.d" -MT"StdPeriph_Driver/src/stm32f4xx_cec.o" -o "StdPeriph_Driver/src/stm32f4xx_cec.o" "../StdPeriph_Driver/src/stm32f4xx_cec.c"
Command canceled
13:14:52 **** Build of configuration Debug for project nucleo-f446re_stdperiph_lib ****
make all 
Building file: ../StdPeriph_Driver/src/stm32f4xx_cec.c
Invoking: MCU GCC Compiler
%cd%
arm-none-eabi-gcc -mcpu=cortex-m4 -mthumb -mfloat-abi=hard -mfpu=fpv4-sp-d16 -DSTM32F446RETx -DNUCLEO_F446RE -DSTM32F4 -DSTM32 -DUSE_STDPERIPH_DRIVER -DSTM32F446xx -I"C:/Users/winstona/Documents/CE4020/nucleo-f446re_stdperiph_lib/CMSIS/core" -I"C:/Users/winstona/Documents/CE4020/nucleo-f446re_stdperiph_lib/CMSIS/device" -I"C:/Users/winstona/Documents/CE4020/nucleo-f446re_stdperiph_lib/StdPeriph_Driver/inc" -O0 -g3 -Wall -fmessage-length=0 -ffunction-sections -c -MMD -MP -MF"StdPeriph_Driver/src/stm32f4xx_cec.d" -MT"StdPeriph_Driver/src/stm32f4xx_cec.o" -o "StdPeriph_Driver/src/stm32f4xx_cec.o" "../StdPeriph_Driver/src/stm32f4xx_cec.c"
Finished building: ../StdPeriph_Driver/src/stm32f4xx_cec.c
 
Building file: ../StdPeriph_Driver/src/stm32f4xx_crc.c
Invoking: MCU GCC Compiler
%cd%
arm-none-eabi-gcc -mcpu=cortex-m4 -mthumb -mfloat-abi=hard -mfpu=fpv4-sp-d16 -DSTM32F446RETx -DNUCLEO_F446RE -DSTM32F4 -DSTM32 -DUSE_STDPERIPH_DRIVER -DSTM32F446xx -I"C:/Users/winstona/Documents/CE4020/nucleo-f446re_stdperiph_lib/CMSIS/core" -I"C:/Users/winstona/Documents/CE4020/nucleo-f446re_stdperiph_lib/CMSIS/device" -I"C:/Users/winstona/Documents/CE4020/nucleo-f446re_stdperiph_lib/StdPeriph_Driver/inc" -O0 -g3 -Wall -fmessage-length=0 -ffunction-sections -c -MMD -MP -MF"StdPeriph_Driver/src/stm32f4xx_crc.d" -MT"StdPeriph_Driver/src/stm32f4xx_crc.o" -o "StdPeriph_Driver/src/stm32f4xx_crc.o" "../StdPeriph_Driver/src/stm32f4xx_crc.c"
Finished building: ../StdPeriph_Driver/src/stm32f4xx_crc.c
 
Building file: ../StdPeriph_Driver/src/stm32f4xx_cryp.c
Invoking: MCU GCC Compiler
%cd%
arm-none-eabi-gcc -mcpu=cortex-m4 -mthumb -mfloat-abi=hard -mfpu=fpv4-sp-d16 -DSTM32F446RETx -DNUCLEO_F446RE -DSTM32F4 -DSTM32 -DUSE_STDPERIPH_DRIVER -DSTM32F446xx -I"C:/Users/winstona/Documents/CE4020/nucleo-f446re_stdperiph_lib/CMSIS/core" -I"C:/Users/winstona/Documents/CE4020/nucleo-f446re_stdperiph_lib/CMSIS/device" -I"C:/Users/winstona/Documents/CE4020/nucleo-f446re_stdperiph_lib/StdPeriph_Driver/inc" -O0 -g3 -Wall -fmessage-length=0 -ffunction-sections -c -MMD -MP -MF"StdPeriph_Driver/src/stm32f4xx_cryp.d" -MT"StdPeriph_Driver/src/stm32f4xx_cryp.o" -o "StdPeriph_Driver/src/stm32f4xx_cryp.o" "../StdPeriph_Driver/src/stm32f4xx_cryp.c"
Finished building: ../StdPeriph_Driver/src/stm32f4xx_cryp.c
 
Building file: ../StdPeriph_Driver/src/stm32f4xx_cryp_aes.c
Invoking: MCU GCC Compiler
%cd%
arm-none-eabi-gcc -mcpu=cortex-m4 -mthumb -mfloat-abi=hard -mfpu=fpv4-sp-d16 -DSTM32F446RETx -DNUCLEO_F446RE -DSTM32F4 -DSTM32 -DUSE_STDPERIPH_DRIVER -DSTM32F446xx -I"C:/Users/winstona/Documents/CE4020/nucleo-f446re_stdperiph_lib/CMSIS/core" -I"C:/Users/winstona/Documents/CE4020/nucleo-f446re_stdperiph_lib/CMSIS/device" -I"C:/Users/winstona/Documents/CE4020/nucleo-f446re_stdperiph_lib/StdPeriph_Driver/inc" -O0 -g3 -Wall -fmessage-length=0 -ffunction-sections -c -MMD -MP -MF"StdPeriph_Driver/src/stm32f4xx_cryp_aes.d" -MT"StdPeriph_Driver/src/stm32f4xx_cryp_aes.o" -o "StdPeriph_Driver/src/stm32f4xx_cryp_aes.o" "../StdPeriph_Driver/src/stm32f4xx_cryp_aes.c"
Finished building: ../StdPeriph_Driver/src/stm32f4xx_cryp_aes.c
 
Building file: ../StdPeriph_Driver/src/stm32f4xx_cryp_des.c
Invoking: MCU GCC Compiler
%cd%
arm-none-eabi-gcc -mcpu=cortex-m4 -mthumb -mfloat-abi=hard -mfpu=fpv4-sp-d16 -DSTM32F446RETx -DNUCLEO_F446RE -DSTM32F4 -DSTM32 -DUSE_STDPERIPH_DRIVER -DSTM32F446xx -I"C:/Users/winstona/Documents/CE4020/nucleo-f446re_stdperiph_lib/CMSIS/core" -I"C:/Users/winstona/Documents/CE4020/nucleo-f446re_stdperiph_lib/CMSIS/device" -I"C:/Users/winstona/Documents/CE4020/nucleo-f446re_stdperiph_lib/StdPeriph_Driver/inc" -O0 -g3 -Wall -fmessage-length=0 -ffunction-sections -c -MMD -MP -MF"StdPeriph_Driver/src/stm32f4xx_cryp_des.d" -MT"StdPeriph_Driver/src/stm32f4xx_cryp_des.o" -o "StdPeriph_Driver/src/stm32f4xx_cryp_des.o" "../StdPeriph_Driver/src/stm32f4xx_cryp_des.c"
Finished building: ../StdPeriph_Driver/src/stm32f4xx_cryp_des.c
 
Building file: ../StdPeriph_Driver/src/stm32f4xx_cryp_tdes.c
Invoking: MCU GCC Compiler
%cd%
arm-none-eabi-gcc -mcpu=cortex-m4 -mthumb -mfloat-abi=hard -mfpu=fpv4-sp-d16 -DSTM32F446RETx -DNUCLEO_F446RE -DSTM32F4 -DSTM32 -DUSE_STDPERIPH_DRIVER -DSTM32F446xx -I"C:/Users/winstona/Documents/CE4020/nucleo-f446re_stdperiph_lib/CMSIS/core" -I"C:/Users/winstona/Documents/CE4020/nucleo-f446re_stdperiph_lib/CMSIS/device" -I"C:/Users/winstona/Documents/CE4020/nucleo-f446re_stdperiph_lib/StdPeriph_Driver/inc" -O0 -g3 -Wall -fmessage-length=0 -ffunction-sections -c -MMD -MP -MF"StdPeriph_Driver/src/stm32f4xx_cryp_tdes.d" -MT"StdPeriph_Driver/src/stm32f4xx_cryp_tdes.o" -o "StdPeriph_Driver/src/stm32f4xx_cryp_tdes.o" "../StdPeriph_Driver/src/stm32f4xx_cryp_tdes.c"
Finished building: ../StdPeriph_Driver/src/stm32f4xx_cryp_tdes.c
 
Building file: ../StdPeriph_Driver/src/stm32f4xx_dac.c
Invoking: MCU GCC Compiler
%cd%
arm-none-eabi-gcc -mcpu=cortex-m4 -mthumb -mfloat-abi=hard -mfpu=fpv4-sp-d16 -DSTM32F446RETx -DNUCLEO_F446RE -DSTM32F4 -DSTM32 -DUSE_STDPERIPH_DRIVER -DSTM32F446xx -I"C:/Users/winstona/Documents/CE4020/nucleo-f446re_stdperiph_lib/CMSIS/core" -I"C:/Users/winstona/Documents/CE4020/nucleo-f446re_stdperiph_lib/CMSIS/device" -I"C:/Users/winstona/Documents/CE4020/nucleo-f446re_stdperiph_lib/StdPeriph_Driver/inc" -O0 -g3 -Wall -fmessage-length=0 -ffunction-sections -c -MMD -MP -MF"StdPeriph_Driver/src/stm32f4xx_dac.d" -MT"StdPeriph_Driver/src/stm32f4xx_dac.o" -o "StdPeriph_Driver/src/stm32f4xx_dac.o" "../StdPeriph_Driver/src/stm32f4xx_dac.c"
Finished building: ../StdPeriph_Driver/src/stm32f4xx_dac.c
 
Building file: ../StdPeriph_Driver/src/stm32f4xx_dbgmcu.c
Invoking: MCU GCC Compiler
%cd%
arm-none-eabi-gcc -mcpu=cortex-m4 -mthumb -mfloat-abi=hard -mfpu=fpv4-sp-d16 -DSTM32F446RETx -DNUCLEO_F446RE -DSTM32F4 -DSTM32 -DUSE_STDPERIPH_DRIVER -DSTM32F446xx -I"C:/Users/winstona/Documents/CE4020/nucleo-f446re_stdperiph_lib/CMSIS/core" -I"C:/Users/winstona/Documents/CE4020/nucleo-f446re_stdperiph_lib/CMSIS/device" -I"C:/Users/winstona/Documents/CE4020/nucleo-f446re_stdperiph_lib/StdPeriph_Driver/inc" -O0 -g3 -Wall -fmessage-length=0 -ffunction-sections -c -MMD -MP -MF"StdPeriph_Driver/src/stm32f4xx_dbgmcu.d" -MT"StdPeriph_Driver/src/stm32f4xx_dbgmcu.o" -o "StdPeriph_Driver/src/stm32f4xx_dbgmcu.o" "../StdPeriph_Driver/src/stm32f4xx_dbgmcu.c"
Finished building: ../StdPeriph_Driver/src/stm32f4xx_dbgmcu.c
 
Building file: ../StdPeriph_Driver/src/stm32f4xx_dcmi.c
Invoking: MCU GCC Compiler
%cd%
arm-none-eabi-gcc -mcpu=cortex-m4 -mthumb -mfloat-abi=hard -mfpu=fpv4-sp-d16 -DSTM32F446RETx -DNUCLEO_F446RE -DSTM32F4 -DSTM32 -DUSE_STDPERIPH_DRIVER -DSTM32F446xx -I"C:/Users/winstona/Documents/CE4020/nucleo-f446re_stdperiph_lib/CMSIS/core" -I"C:/Users/winstona/Documents/CE4020/nucleo-f446re_stdperiph_lib/CMSIS/device" -I"C:/Users/winstona/Documents/CE4020/nucleo-f446re_stdperiph_lib/StdPeriph_Driver/inc" -O0 -g3 -Wall -fmessage-length=0 -ffunction-sections -c -MMD -MP -MF"StdPeriph_Driver/src/stm32f4xx_dcmi.d" -MT"StdPeriph_Driver/src/stm32f4xx_dcmi.o" -o "StdPeriph_Driver/src/stm32f4xx_dcmi.o" "../StdPeriph_Driver/src/stm32f4xx_dcmi.c"
Finished building: ../StdPeriph_Driver/src/stm32f4xx_dcmi.c
 
Building file: ../StdPeriph_Driver/src/stm32f4xx_dma.c
Invoking: MCU GCC Compiler
%cd%
arm-none-eabi-gcc -mcpu=cortex-m4 -mthumb -mfloat-abi=hard -mfpu=fpv4-sp-d16 -DSTM32F446RETx -DNUCLEO_F446RE -DSTM32F4 -DSTM32 -DUSE_STDPERIPH_DRIVER -DSTM32F446xx -I"C:/Users/winstona/Documents/CE4020/nucleo-f446re_stdperiph_lib/CMSIS/core" -I"C:/Users/winstona/Documents/CE4020/nucleo-f446re_stdperiph_lib/CMSIS/device" -I"C:/Users/winstona/Documents/CE4020/nucleo-f446re_stdperiph_lib/StdPeriph_Driver/inc" -O0 -g3 -Wall -fmessage-length=0 -ffunction-sections -c -MMD -MP -MF"StdPeriph_Driver/src/stm32f4xx_dma.d" -MT"StdPeriph_Driver/src/stm32f4xx_dma.o" -o "StdPeriph_Driver/src/stm32f4xx_dma.o" "../StdPeriph_Driver/src/stm32f4xx_dma.c"
Finished building: ../StdPeriph_Driver/src/stm32f4xx_dma.c
 
Building file: ../StdPeriph_Driver/src/stm32f4xx_dma2d.c
Invoking: MCU GCC Compiler
%cd%
arm-none-eabi-gcc -mcpu=cortex-m4 -mthumb -mfloat-abi=hard -mfpu=fpv4-sp-d16 -DSTM32F446RETx -DNUCLEO_F446RE -DSTM32F4 -DSTM32 -DUSE_STDPERIPH_DRIVER -DSTM32F446xx -I"C:/Users/winstona/Documents/CE4020/nucleo-f446re_stdperiph_lib/CMSIS/core" -I"C:/Users/winstona/Documents/CE4020/nucleo-f446re_stdperiph_lib/CMSIS/device" -I"C:/Users/winstona/Documents/CE4020/nucleo-f446re_stdperiph_lib/StdPeriph_Driver/inc" -O0 -g3 -Wall -fmessage-length=0 -ffunction-sections -c -MMD -MP -MF"StdPeriph_Driver/src/stm32f4xx_dma2d.d" -MT"StdPeriph_Driver/src/stm32f4xx_dma2d.o" -o "StdPeriph_Driver/src/stm32f4xx_dma2d.o" "../StdPeriph_Driver/src/stm32f4xx_dma2d.c"
Finished building: ../StdPeriph_Driver/src/stm32f4xx_dma2d.c
 
Building file: ../StdPeriph_Driver/src/stm32f4xx_dsi.c
Invoking: MCU GCC Compiler
%cd%
arm-none-eabi-gcc -mcpu=cortex-m4 -mthumb -mfloat-abi=hard -mfpu=fpv4-sp-d16 -DSTM32F446RETx -DNUCLEO_F446RE -DSTM32F4 -DSTM32 -DUSE_STDPERIPH_DRIVER -DSTM32F446xx -I"C:/Users/winstona/Documents/CE4020/nucleo-f446re_stdperiph_lib/CMSIS/core" -I"C:/Users/winstona/Documents/CE4020/nucleo-f446re_stdperiph_lib/CMSIS/device" -I"C:/Users/winstona/Documents/CE4020/nucleo-f446re_stdperiph_lib/StdPeriph_Driver/inc" -O0 -g3 -Wall -fmessage-length=0 -ffunction-sections -c -MMD -MP -MF"StdPeriph_Driver/src/stm32f4xx_dsi.d" -MT"StdPeriph_Driver/src/stm32f4xx_dsi.o" -o "StdPeriph_Driver/src/stm32f4xx_dsi.o" "../StdPeriph_Driver/src/stm32f4xx_dsi.c"
Finished building: ../StdPeriph_Driver/src/stm32f4xx_dsi.c
 
Building file: ../StdPeriph_Driver/src/stm32f4xx_exti.c
Invoking: MCU GCC Compiler
%cd%
arm-none-eabi-gcc -mcpu=cortex-m4 -mthumb -mfloat-abi=hard -mfpu=fpv4-sp-d16 -DSTM32F446RETx -DNUCLEO_F446RE -DSTM32F4 -DSTM32 -DUSE_STDPERIPH_DRIVER -DSTM32F446xx -I"C:/Users/winstona/Documents/CE4020/nucleo-f446re_stdperiph_lib/CMSIS/core" -I"C:/Users/winstona/Documents/CE4020/nucleo-f446re_stdperiph_lib/CMSIS/device" -I"C:/Users/winstona/Documents/CE4020/nucleo-f446re_stdperiph_lib/StdPeriph_Driver/inc" -O0 -g3 -Wall -fmessage-length=0 -ffunction-sections -c -MMD -MP -MF"StdPeriph_Driver/src/stm32f4xx_exti.d" -MT"StdPeriph_Driver/src/stm32f4xx_exti.o" -o "StdPeriph_Driver/src/stm32f4xx_exti.o" "../StdPeriph_Driver/src/stm32f4xx_exti.c"
Finished building: ../StdPeriph_Driver/src/stm32f4xx_exti.c
 
Building file: ../StdPeriph_Driver/src/stm32f4xx_flash.c
Invoking: MCU GCC Compiler
%cd%
arm-none-eabi-gcc -mcpu=cortex-m4 -mthumb -mfloat-abi=hard -mfpu=fpv4-sp-d16 -DSTM32F446RETx -DNUCLEO_F446RE -DSTM32F4 -DSTM32 -DUSE_STDPERIPH_DRIVER -DSTM32F446xx -I"C:/Users/winstona/Documents/CE4020/nucleo-f446re_stdperiph_lib/CMSIS/core" -I"C:/Users/winstona/Documents/CE4020/nucleo-f446re_stdperiph_lib/CMSIS/device" -I"C:/Users/winstona/Documents/CE4020/nucleo-f446re_stdperiph_lib/StdPeriph_Driver/inc" -O0 -g3 -Wall -fmessage-length=0 -ffunction-sections -c -MMD -MP -MF"StdPeriph_Driver/src/stm32f4xx_flash.d" -MT"StdPeriph_Driver/src/stm32f4xx_flash.o" -o "StdPeriph_Driver/src/stm32f4xx_flash.o" "../StdPeriph_Driver/src/stm32f4xx_flash.c"
Finished building: ../StdPeriph_Driver/src/stm32f4xx_flash.c
 
Building file: ../StdPeriph_Driver/src/stm32f4xx_flash_ramfunc.c
Invoking: MCU GCC Compiler
%cd%
arm-none-eabi-gcc -mcpu=cortex-m4 -mthumb -mfloat-abi=hard -mfpu=fpv4-sp-d16 -DSTM32F446RETx -DNUCLEO_F446RE -DSTM32F4 -DSTM32 -DUSE_STDPERIPH_DRIVER -DSTM32F446xx -I"C:/Users/winstona/Documents/CE4020/nucleo-f446re_stdperiph_lib/CMSIS/core" -I"C:/Users/winstona/Documents/CE4020/nucleo-f446re_stdperiph_lib/CMSIS/device" -I"C:/Users/winstona/Documents/CE4020/nucleo-f446re_stdperiph_lib/StdPeriph_Driver/inc" -O0 -g3 -Wall -fmessage-length=0 -ffunction-sections -c -MMD -MP -MF"StdPeriph_Driver/src/stm32f4xx_flash_ramfunc.d" -MT"StdPeriph_Driver/src/stm32f4xx_flash_ramfunc.o" -o "StdPeriph_Driver/src/stm32f4xx_flash_ramfunc.o" "../StdPeriph_Driver/src/stm32f4xx_flash_ramfunc.c"
Finished building: ../StdPeriph_Driver/src/stm32f4xx_flash_ramfunc.c
 
Building file: ../StdPeriph_Driver/src/stm32f4xx_fmc.c
Invoking: MCU GCC Compiler
%cd%
arm-none-eabi-gcc -mcpu=cortex-m4 -mthumb -mfloat-abi=hard -mfpu=fpv4-sp-d16 -DSTM32F446RETx -DNUCLEO_F446RE -DSTM32F4 -DSTM32 -DUSE_STDPERIPH_DRIVER -DSTM32F446xx -I"C:/Users/winstona/Documents/CE4020/nucleo-f446re_stdperiph_lib/CMSIS/core" -I"C:/Users/winstona/Documents/CE4020/nucleo-f446re_stdperiph_lib/CMSIS/device" -I"C:/Users/winstona/Documents/CE4020/nucleo-f446re_stdperiph_lib/StdPeriph_Driver/inc" -O0 -g3 -Wall -fmessage-length=0 -ffunction-sections -c -MMD -MP -MF"StdPeriph_Driver/src/stm32f4xx_fmc.d" -MT"StdPeriph_Driver/src/stm32f4xx_fmc.o" -o "StdPeriph_Driver/src/stm32f4xx_fmc.o" "../StdPeriph_Driver/src/stm32f4xx_fmc.c"
Finished building: ../StdPeriph_Driver/src/stm32f4xx_fmc.c
 
Building file: ../StdPeriph_Driver/src/stm32f4xx_fmip2c.c
Invoking: MCU GCC Compiler
%cd%
arm-none-eabi-gcc -mcpu=cortex-m4 -mthumb -mfloat-abi=hard -mfpu=fpv4-sp-d16 -DSTM32F446RETx -DNUCLEO_F446RE -DSTM32F4 -DSTM32 -DUSE_STDPERIPH_DRIVER -DSTM32F446xx -I"C:/Users/winstona/Documents/CE4020/nucleo-f446re_stdperiph_lib/CMSIS/core" -I"C:/Users/winstona/Documents/CE4020/nucleo-f446re_stdperiph_lib/CMSIS/device" -I"C:/Users/winstona/Documents/CE4020/nucleo-f446re_stdperiph_lib/StdPeriph_Driver/inc" -O0 -g3 -Wall -fmessage-length=0 -ffunction-sections -c -MMD -MP -MF"StdPeriph_Driver/src/stm32f4xx_fmip2c.d" -MT"StdPeriph_Driver/src/stm32f4xx_fmip2c.o" -o "StdPeriph_Driver/src/stm32f4xx_fmip2c.o" "../StdPeriph_Driver/src/stm32f4xx_fmip2c.c"
Finished building: ../StdPeriph_Driver/src/stm32f4xx_fmip2c.c
 
Building file: ../StdPeriph_Driver/src/stm32f4xx_fsmc.c
Invoking: MCU GCC Compiler
%cd%
arm-none-eabi-gcc -mcpu=cortex-m4 -mthumb -mfloat-abi=hard -mfpu=fpv4-sp-d16 -DSTM32F446RETx -DNUCLEO_F446RE -DSTM32F4 -DSTM32 -DUSE_STDPERIPH_DRIVER -DSTM32F446xx -I"C:/Users/winstona/Documents/CE4020/nucleo-f446re_stdperiph_lib/CMSIS/core" -I"C:/Users/winstona/Documents/CE4020/nucleo-f446re_stdperiph_lib/CMSIS/device" -I"C:/Users/winstona/Documents/CE4020/nucleo-f446re_stdperiph_lib/StdPeriph_Driver/inc" -O0 -g3 -Wall -fmessage-length=0 -ffunction-sections -c -MMD -MP -MF"StdPeriph_Driver/src/stm32f4xx_fsmc.d" -MT"StdPeriph_Driver/src/stm32f4xx_fsmc.o" -o "StdPeriph_Driver/src/stm32f4xx_fsmc.o" "../StdPeriph_Driver/src/stm32f4xx_fsmc.c"
Finished building: ../StdPeriph_Driver/src/stm32f4xx_fsmc.c
 
Building file: ../StdPeriph_Driver/src/stm32f4xx_gpio.c
Invoking: MCU GCC Compiler
%cd%
arm-none-eabi-gcc -mcpu=cortex-m4 -mthumb -mfloat-abi=hard -mfpu=fpv4-sp-d16 -DSTM32F446RETx -DNUCLEO_F446RE -DSTM32F4 -DSTM32 -DUSE_STDPERIPH_DRIVER -DSTM32F446xx -I"C:/Users/winstona/Documents/CE4020/nucleo-f446re_stdperiph_lib/CMSIS/core" -I"C:/Users/winstona/Documents/CE4020/nucleo-f446re_stdperiph_lib/CMSIS/device" -I"C:/Users/winstona/Documents/CE4020/nucleo-f446re_stdperiph_lib/StdPeriph_Driver/inc" -O0 -g3 -Wall -fmessage-length=0 -ffunction-sections -c -MMD -MP -MF"StdPeriph_Driver/src/stm32f4xx_gpio.d" -MT"StdPeriph_Driver/src/stm32f4xx_gpio.o" -o "StdPeriph_Driver/src/stm32f4xx_gpio.o" "../StdPeriph_Driver/src/stm32f4xx_gpio.c"
Finished building: ../StdPeriph_Driver/src/stm32f4xx_gpio.c
 
Building file: ../StdPeriph_Driver/src/stm32f4xx_hash.c
Invoking: MCU GCC Compiler
%cd%
arm-none-eabi-gcc -mcpu=cortex-m4 -mthumb -mfloat-abi=hard -mfpu=fpv4-sp-d16 -DSTM32F446RETx -DNUCLEO_F446RE -DSTM32F4 -DSTM32 -DUSE_STDPERIPH_DRIVER -DSTM32F446xx -I"C:/Users/winstona/Documents/CE4020/nucleo-f446re_stdperiph_lib/CMSIS/core" -I"C:/Users/winstona/Documents/CE4020/nucleo-f446re_stdperiph_lib/CMSIS/device" -I"C:/Users/winstona/Documents/CE4020/nucleo-f446re_stdperiph_lib/StdPeriph_Driver/inc" -O0 -g3 -Wall -fmessage-length=0 -ffunction-sections -c -MMD -MP -MF"StdPeriph_Driver/src/stm32f4xx_hash.d" -MT"StdPeriph_Driver/src/stm32f4xx_hash.o" -o "StdPeriph_Driver/src/stm32f4xx_hash.o" "../StdPeriph_Driver/src/stm32f4xx_hash.c"
Finished building: ../StdPeriph_Driver/src/stm32f4xx_hash.c
 
Building file: ../StdPeriph_Driver/src/stm32f4xx_hash_md5.c
Invoking: MCU GCC Compiler
%cd%
arm-none-eabi-gcc -mcpu=cortex-m4 -mthumb -mfloat-abi=hard -mfpu=fpv4-sp-d16 -DSTM32F446RETx -DNUCLEO_F446RE -DSTM32F4 -DSTM32 -DUSE_STDPERIPH_DRIVER -DSTM32F446xx -I"C:/Users/winstona/Documents/CE4020/nucleo-f446re_stdperiph_lib/CMSIS/core" -I"C:/Users/winstona/Documents/CE4020/nucleo-f446re_stdperiph_lib/CMSIS/device" -I"C:/Users/winstona/Documents/CE4020/nucleo-f446re_stdperiph_lib/StdPeriph_Driver/inc" -O0 -g3 -Wall -fmessage-length=0 -ffunction-sections -c -MMD -MP -MF"StdPeriph_Driver/src/stm32f4xx_hash_md5.d" -MT"StdPeriph_Driver/src/stm32f4xx_hash_md5.o" -o "StdPeriph_Driver/src/stm32f4xx_hash_md5.o" "../StdPeriph_Driver/src/stm32f4xx_hash_md5.c"
Finished building: ../StdPeriph_Driver/src/stm32f4xx_hash_md5.c
 
Building file: ../StdPeriph_Driver/src/stm32f4xx_hash_sha1.c
Invoking: MCU GCC Compiler
%cd%
arm-none-eabi-gcc -mcpu=cortex-m4 -mthumb -mfloat-abi=hard -mfpu=fpv4-sp-d16 -DSTM32F446RETx -DNUCLEO_F446RE -DSTM32F4 -DSTM32 -DUSE_STDPERIPH_DRIVER -DSTM32F446xx -I"C:/Users/winstona/Documents/CE4020/nucleo-f446re_stdperiph_lib/CMSIS/core" -I"C:/Users/winstona/Documents/CE4020/nucleo-f446re_stdperiph_lib/CMSIS/device" -I"C:/Users/winstona/Documents/CE4020/nucleo-f446re_stdperiph_lib/StdPeriph_Driver/inc" -O0 -g3 -Wall -fmessage-length=0 -ffunction-sections -c -MMD -MP -MF"StdPeriph_Driver/src/stm32f4xx_hash_sha1.d" -MT"StdPeriph_Driver/src/stm32f4xx_hash_sha1.o" -o "StdPeriph_Driver/src/stm32f4xx_hash_sha1.o" "../StdPeriph_Driver/src/stm32f4xx_hash_sha1.c"
Finished building: ../StdPeriph_Driver/src/stm32f4xx_hash_sha1.c
 
Building file: ../StdPeriph_Driver/src/stm32f4xx_i2c.c
Invoking: MCU GCC Compiler
%cd%
arm-none-eabi-gcc -mcpu=cortex-m4 -mthumb -mfloat-abi=hard -mfpu=fpv4-sp-d16 -DSTM32F446RETx -DNUCLEO_F446RE -DSTM32F4 -DSTM32 -DUSE_STDPERIPH_DRIVER -DSTM32F446xx -I"C:/Users/winstona/Documents/CE4020/nucleo-f446re_stdperiph_lib/CMSIS/core" -I"C:/Users/winstona/Documents/CE4020/nucleo-f446re_stdperiph_lib/CMSIS/device" -I"C:/Users/winstona/Documents/CE4020/nucleo-f446re_stdperiph_lib/StdPeriph_Driver/inc" -O0 -g3 -Wall -fmessage-length=0 -ffunction-sections -c -MMD -MP -MF"StdPeriph_Driver/src/stm32f4xx_i2c.d" -MT"StdPeriph_Driver/src/stm32f4xx_i2c.o" -o "StdPeriph_Driver/src/stm32f4xx_i2c.o" "../StdPeriph_Driver/src/stm32f4xx_i2c.c"
Finished building: ../StdPeriph_Driver/src/stm32f4xx_i2c.c
 
Building file: ../StdPeriph_Driver/src/stm32f4xx_iwdg.c
Invoking: MCU GCC Compiler
%cd%
arm-none-eabi-gcc -mcpu=cortex-m4 -mthumb -mfloat-abi=hard -mfpu=fpv4-sp-d16 -DSTM32F446RETx -DNUCLEO_F446RE -DSTM32F4 -DSTM32 -DUSE_STDPERIPH_DRIVER -DSTM32F446xx -I"C:/Users/winstona/Documents/CE4020/nucleo-f446re_stdperiph_lib/CMSIS/core" -I"C:/Users/winstona/Documents/CE4020/nucleo-f446re_stdperiph_lib/CMSIS/device" -I"C:/Users/winstona/Documents/CE4020/nucleo-f446re_stdperiph_lib/StdPeriph_Driver/inc" -O0 -g3 -Wall -fmessage-length=0 -ffunction-sections -c -MMD -MP -MF"StdPeriph_Driver/src/stm32f4xx_iwdg.d" -MT"StdPeriph_Driver/src/stm32f4xx_iwdg.o" -o "StdPeriph_Driver/src/stm32f4xx_iwdg.o" "../StdPeriph_Driver/src/stm32f4xx_iwdg.c"
Finished building: ../StdPeriph_Driver/src/stm32f4xx_iwdg.c
 
Building file: ../StdPeriph_Driver/src/stm32f4xx_lptim.c
Invoking: MCU GCC Compiler
%cd%
arm-none-eabi-gcc -mcpu=cortex-m4 -mthumb -mfloat-abi=hard -mfpu=fpv4-sp-d16 -DSTM32F446RETx -DNUCLEO_F446RE -DSTM32F4 -DSTM32 -DUSE_STDPERIPH_DRIVER -DSTM32F446xx -I"C:/Users/winstona/Documents/CE4020/nucleo-f446re_stdperiph_lib/CMSIS/core" -I"C:/Users/winstona/Documents/CE4020/nucleo-f446re_stdperiph_lib/CMSIS/device" -I"C:/Users/winstona/Documents/CE4020/nucleo-f446re_stdperiph_lib/StdPeriph_Driver/inc" -O0 -g3 -Wall -fmessage-length=0 -ffunction-sections -c -MMD -MP -MF"StdPeriph_Driver/src/stm32f4xx_lptim.d" -MT"StdPeriph_Driver/src/stm32f4xx_lptim.o" -o "StdPeriph_Driver/src/stm32f4xx_lptim.o" "../StdPeriph_Driver/src/stm32f4xx_lptim.c"
Finished building: ../StdPeriph_Driver/src/stm32f4xx_lptim.c
 
Building file: ../StdPeriph_Driver/src/stm32f4xx_ltdc.c
Invoking: MCU GCC Compiler
%cd%
arm-none-eabi-gcc -mcpu=cortex-m4 -mthumb -mfloat-abi=hard -mfpu=fpv4-sp-d16 -DSTM32F446RETx -DNUCLEO_F446RE -DSTM32F4 -DSTM32 -DUSE_STDPERIPH_DRIVER -DSTM32F446xx -I"C:/Users/winstona/Documents/CE4020/nucleo-f446re_stdperiph_lib/CMSIS/core" -I"C:/Users/winstona/Documents/CE4020/nucleo-f446re_stdperiph_lib/CMSIS/device" -I"C:/Users/winstona/Documents/CE4020/nucleo-f446re_stdperiph_lib/StdPeriph_Driver/inc" -O0 -g3 -Wall -fmessage-length=0 -ffunction-sections -c -MMD -MP -MF"StdPeriph_Driver/src/stm32f4xx_ltdc.d" -MT"StdPeriph_Driver/src/stm32f4xx_ltdc.o" -o "StdPeriph_Driver/src/stm32f4xx_ltdc.o" "../StdPeriph_Driver/src/stm32f4xx_ltdc.c"
Finished building: ../StdPeriph_Driver/src/stm32f4xx_ltdc.c
 
Building file: ../StdPeriph_Driver/src/stm32f4xx_pwr.c
Invoking: MCU GCC Compiler
%cd%
arm-none-eabi-gcc -mcpu=cortex-m4 -mthumb -mfloat-abi=hard -mfpu=fpv4-sp-d16 -DSTM32F446RETx -DNUCLEO_F446RE -DSTM32F4 -DSTM32 -DUSE_STDPERIPH_DRIVER -DSTM32F446xx -I"C:/Users/winstona/Documents/CE4020/nucleo-f446re_stdperiph_lib/CMSIS/core" -I"C:/Users/winstona/Documents/CE4020/nucleo-f446re_stdperiph_lib/CMSIS/device" -I"C:/Users/winstona/Documents/CE4020/nucleo-f446re_stdperiph_lib/StdPeriph_Driver/inc" -O0 -g3 -Wall -fmessage-length=0 -ffunction-sections -c -MMD -MP -MF"StdPeriph_Driver/src/stm32f4xx_pwr.d" -MT"StdPeriph_Driver/src/stm32f4xx_pwr.o" -o "StdPeriph_Driver/src/stm32f4xx_pwr.o" "../StdPeriph_Driver/src/stm32f4xx_pwr.c"
Finished building: ../StdPeriph_Driver/src/stm32f4xx_pwr.c
 
Building file: ../StdPeriph_Driver/src/stm32f4xx_qspi.c
Invoking: MCU GCC Compiler
%cd%
arm-none-eabi-gcc -mcpu=cortex-m4 -mthumb -mfloat-abi=hard -mfpu=fpv4-sp-d16 -DSTM32F446RETx -DNUCLEO_F446RE -DSTM32F4 -DSTM32 -DUSE_STDPERIPH_DRIVER -DSTM32F446xx -I"C:/Users/winstona/Documents/CE4020/nucleo-f446re_stdperiph_lib/CMSIS/core" -I"C:/Users/winstona/Documents/CE4020/nucleo-f446re_stdperiph_lib/CMSIS/device" -I"C:/Users/winstona/Documents/CE4020/nucleo-f446re_stdperiph_lib/StdPeriph_Driver/inc" -O0 -g3 -Wall -fmessage-length=0 -ffunction-sections -c -MMD -MP -MF"StdPeriph_Driver/src/stm32f4xx_qspi.d" -MT"StdPeriph_Driver/src/stm32f4xx_qspi.o" -o "StdPeriph_Driver/src/stm32f4xx_qspi.o" "../StdPeriph_Driver/src/stm32f4xx_qspi.c"
Finished building: ../StdPeriph_Driver/src/stm32f4xx_qspi.c
 
Building file: ../StdPeriph_Driver/src/stm32f4xx_rcc.c
Invoking: MCU GCC Compiler
%cd%
arm-none-eabi-gcc -mcpu=cortex-m4 -mthumb -mfloat-abi=hard -mfpu=fpv4-sp-d16 -DSTM32F446RETx -DNUCLEO_F446RE -DSTM32F4 -DSTM32 -DUSE_STDPERIPH_DRIVER -DSTM32F446xx -I"C:/Users/winstona/Documents/CE4020/nucleo-f446re_stdperiph_lib/CMSIS/core" -I"C:/Users/winstona/Documents/CE4020/nucleo-f446re_stdperiph_lib/CMSIS/device" -I"C:/Users/winstona/Documents/CE4020/nucleo-f446re_stdperiph_lib/StdPeriph_Driver/inc" -O0 -g3 -Wall -fmessage-length=0 -ffunction-sections -c -MMD -MP -MF"StdPeriph_Driver/src/stm32f4xx_rcc.d" -MT"StdPeriph_Driver/src/stm32f4xx_rcc.o" -o "StdPeriph_Driver/src/stm32f4xx_rcc.o" "../StdPeriph_Driver/src/stm32f4xx_rcc.c"
Finished building: ../StdPeriph_Driver/src/stm32f4xx_rcc.c
 
Building file: ../StdPeriph_Driver/src/stm32f4xx_rng.c
Invoking: MCU GCC Compiler
%cd%
arm-none-eabi-gcc -mcpu=cortex-m4 -mthumb -mfloat-abi=hard -mfpu=fpv4-sp-d16 -DSTM32F446RETx -DNUCLEO_F446RE -DSTM32F4 -DSTM32 -DUSE_STDPERIPH_DRIVER -DSTM32F446xx -I"C:/Users/winstona/Documents/CE4020/nucleo-f446re_stdperiph_lib/CMSIS/core" -I"C:/Users/winstona/Documents/CE4020/nucleo-f446re_stdperiph_lib/CMSIS/device" -I"C:/Users/winstona/Documents/CE4020/nucleo-f446re_stdperiph_lib/StdPeriph_Driver/inc" -O0 -g3 -Wall -fmessage-length=0 -ffunction-sections -c -MMD -MP -MF"StdPeriph_Driver/src/stm32f4xx_rng.d" -MT"StdPeriph_Driver/src/stm32f4xx_rng.o" -o "StdPeriph_Driver/src/stm32f4xx_rng.o" "../StdPeriph_Driver/src/stm32f4xx_rng.c"
Finished building: ../StdPeriph_Driver/src/stm32f4xx_rng.c
 
Building file: ../StdPeriph_Driver/src/stm32f4xx_rtc.c
Invoking: MCU GCC Compiler
%cd%
arm-none-eabi-gcc -mcpu=cortex-m4 -mthumb -mfloat-abi=hard -mfpu=fpv4-sp-d16 -DSTM32F446RETx -DNUCLEO_F446RE -DSTM32F4 -DSTM32 -DUSE_STDPERIPH_DRIVER -DSTM32F446xx -I"C:/Users/winstona/Documents/CE4020/nucleo-f446re_stdperiph_lib/CMSIS/core" -I"C:/Users/winstona/Documents/CE4020/nucleo-f446re_stdperiph_lib/CMSIS/device" -I"C:/Users/winstona/Documents/CE4020/nucleo-f446re_stdperiph_lib/StdPeriph_Driver/inc" -O0 -g3 -Wall -fmessage-length=0 -ffunction-sections -c -MMD -MP -MF"StdPeriph_Driver/src/stm32f4xx_rtc.d" -MT"StdPeriph_Driver/src/stm32f4xx_rtc.o" -o "StdPeriph_Driver/src/stm32f4xx_rtc.o" "../StdPeriph_Driver/src/stm32f4xx_rtc.c"
Finished building: ../StdPeriph_Driver/src/stm32f4xx_rtc.c
 
Building file: ../StdPeriph_Driver/src/stm32f4xx_sai.c
Invoking: MCU GCC Compiler
%cd%
arm-none-eabi-gcc -mcpu=cortex-m4 -mthumb -mfloat-abi=hard -mfpu=fpv4-sp-d16 -DSTM32F446RETx -DNUCLEO_F446RE -DSTM32F4 -DSTM32 -DUSE_STDPERIPH_DRIVER -DSTM32F446xx -I"C:/Users/winstona/Documents/CE4020/nucleo-f446re_stdperiph_lib/CMSIS/core" -I"C:/Users/winstona/Documents/CE4020/nucleo-f446re_stdperiph_lib/CMSIS/device" -I"C:/Users/winstona/Documents/CE4020/nucleo-f446re_stdperiph_lib/StdPeriph_Driver/inc" -O0 -g3 -Wall -fmessage-length=0 -ffunction-sections -c -MMD -MP -MF"StdPeriph_Driver/src/stm32f4xx_sai.d" -MT"StdPeriph_Driver/src/stm32f4xx_sai.o" -o "StdPeriph_Driver/src/stm32f4xx_sai.o" "../StdPeriph_Driver/src/stm32f4xx_sai.c"
Finished building: ../StdPeriph_Driver/src/stm32f4xx_sai.c
 
Building file: ../StdPeriph_Driver/src/stm32f4xx_sdio.c
Invoking: MCU GCC Compiler
%cd%
arm-none-eabi-gcc -mcpu=cortex-m4 -mthumb -mfloat-abi=hard -mfpu=fpv4-sp-d16 -DSTM32F446RETx -DNUCLEO_F446RE -DSTM32F4 -DSTM32 -DUSE_STDPERIPH_DRIVER -DSTM32F446xx -I"C:/Users/winstona/Documents/CE4020/nucleo-f446re_stdperiph_lib/CMSIS/core" -I"C:/Users/winstona/Documents/CE4020/nucleo-f446re_stdperiph_lib/CMSIS/device" -I"C:/Users/winstona/Documents/CE4020/nucleo-f446re_stdperiph_lib/StdPeriph_Driver/inc" -O0 -g3 -Wall -fmessage-length=0 -ffunction-sections -c -MMD -MP -MF"StdPeriph_Driver/src/stm32f4xx_sdio.d" -MT"StdPeriph_Driver/src/stm32f4xx_sdio.o" -o "StdPeriph_Driver/src/stm32f4xx_sdio.o" "../StdPeriph_Driver/src/stm32f4xx_sdio.c"
Finished building: ../StdPeriph_Driver/src/stm32f4xx_sdio.c
 
Building file: ../StdPeriph_Driver/src/stm32f4xx_spdifrx.c
Invoking: MCU GCC Compiler
%cd%
arm-none-eabi-gcc -mcpu=cortex-m4 -mthumb -mfloat-abi=hard -mfpu=fpv4-sp-d16 -DSTM32F446RETx -DNUCLEO_F446RE -DSTM32F4 -DSTM32 -DUSE_STDPERIPH_DRIVER -DSTM32F446xx -I"C:/Users/winstona/Documents/CE4020/nucleo-f446re_stdperiph_lib/CMSIS/core" -I"C:/Users/winstona/Documents/CE4020/nucleo-f446re_stdperiph_lib/CMSIS/device" -I"C:/Users/winstona/Documents/CE4020/nucleo-f446re_stdperiph_lib/StdPeriph_Driver/inc" -O0 -g3 -Wall -fmessage-length=0 -ffunction-sections -c -MMD -MP -MF"StdPeriph_Driver/src/stm32f4xx_spdifrx.d" -MT"StdPeriph_Driver/src/stm32f4xx_spdifrx.o" -o "StdPeriph_Driver/src/stm32f4xx_spdifrx.o" "../StdPeriph_Driver/src/stm32f4xx_spdifrx.c"
Finished building: ../StdPeriph_Driver/src/stm32f4xx_spdifrx.c
 
Building file: ../StdPeriph_Driver/src/stm32f4xx_spi.c
Invoking: MCU GCC Compiler
%cd%
arm-none-eabi-gcc -mcpu=cortex-m4 -mthumb -mfloat-abi=hard -mfpu=fpv4-sp-d16 -DSTM32F446RETx -DNUCLEO_F446RE -DSTM32F4 -DSTM32 -DUSE_STDPERIPH_DRIVER -DSTM32F446xx -I"C:/Users/winstona/Documents/CE4020/nucleo-f446re_stdperiph_lib/CMSIS/core" -I"C:/Users/winstona/Documents/CE4020/nucleo-f446re_stdperiph_lib/CMSIS/device" -I"C:/Users/winstona/Documents/CE4020/nucleo-f446re_stdperiph_lib/StdPeriph_Driver/inc" -O0 -g3 -Wall -fmessage-length=0 -ffunction-sections -c -MMD -MP -MF"StdPeriph_Driver/src/stm32f4xx_spi.d" -MT"StdPeriph_Driver/src/stm32f4xx_spi.o" -o "StdPeriph_Driver/src/stm32f4xx_spi.o" "../StdPeriph_Driver/src/stm32f4xx_spi.c"
Finished building: ../StdPeriph_Driver/src/stm32f4xx_spi.c
 
Building file: ../StdPeriph_Driver/src/stm32f4xx_syscfg.c
Invoking: MCU GCC Compiler
%cd%
arm-none-eabi-gcc -mcpu=cortex-m4 -mthumb -mfloat-abi=hard -mfpu=fpv4-sp-d16 -DSTM32F446RETx -DNUCLEO_F446RE -DSTM32F4 -DSTM32 -DUSE_STDPERIPH_DRIVER -DSTM32F446xx -I"C:/Users/winstona/Documents/CE4020/nucleo-f446re_stdperiph_lib/CMSIS/core" -I"C:/Users/winstona/Documents/CE4020/nucleo-f446re_stdperiph_lib/CMSIS/device" -I"C:/Users/winstona/Documents/CE4020/nucleo-f446re_stdperiph_lib/StdPeriph_Driver/inc" -O0 -g3 -Wall -fmessage-length=0 -ffunction-sections -c -MMD -MP -MF"StdPeriph_Driver/src/stm32f4xx_syscfg.d" -MT"StdPeriph_Driver/src/stm32f4xx_syscfg.o" -o "StdPeriph_Driver/src/stm32f4xx_syscfg.o" "../StdPeriph_Driver/src/stm32f4xx_syscfg.c"
Finished building: ../StdPeriph_Driver/src/stm32f4xx_syscfg.c
 
Building file: ../StdPeriph_Driver/src/stm32f4xx_tim.c
Invoking: MCU GCC Compiler
%cd%
arm-none-eabi-gcc -mcpu=cortex-m4 -mthumb -mfloat-abi=hard -mfpu=fpv4-sp-d16 -DSTM32F446RETx -DNUCLEO_F446RE -DSTM32F4 -DSTM32 -DUSE_STDPERIPH_DRIVER -DSTM32F446xx -I"C:/Users/winstona/Documents/CE4020/nucleo-f446re_stdperiph_lib/CMSIS/core" -I"C:/Users/winstona/Documents/CE4020/nucleo-f446re_stdperiph_lib/CMSIS/device" -I"C:/Users/winstona/Documents/CE4020/nucleo-f446re_stdperiph_lib/StdPeriph_Driver/inc" -O0 -g3 -Wall -fmessage-length=0 -ffunction-sections -c -MMD -MP -MF"StdPeriph_Driver/src/stm32f4xx_tim.d" -MT"StdPeriph_Driver/src/stm32f4xx_tim.o" -o "StdPeriph_Driver/src/stm32f4xx_tim.o" "../StdPeriph_Driver/src/stm32f4xx_tim.c"
Finished building: ../StdPeriph_Driver/src/stm32f4xx_tim.c
 
Building file: ../StdPeriph_Driver/src/stm32f4xx_usart.c
Invoking: MCU GCC Compiler
%cd%
arm-none-eabi-gcc -mcpu=cortex-m4 -mthumb -mfloat-abi=hard -mfpu=fpv4-sp-d16 -DSTM32F446RETx -DNUCLEO_F446RE -DSTM32F4 -DSTM32 -DUSE_STDPERIPH_DRIVER -DSTM32F446xx -I"C:/Users/winstona/Documents/CE4020/nucleo-f446re_stdperiph_lib/CMSIS/core" -I"C:/Users/winstona/Documents/CE4020/nucleo-f446re_stdperiph_lib/CMSIS/device" -I"C:/Users/winstona/Documents/CE4020/nucleo-f446re_stdperiph_lib/StdPeriph_Driver/inc" -O0 -g3 -Wall -fmessage-length=0 -ffunction-sections -c -MMD -MP -MF"StdPeriph_Driver/src/stm32f4xx_usart.d" -MT"StdPeriph_Driver/src/stm32f4xx_usart.o" -o "StdPeriph_Driver/src/stm32f4xx_usart.o" "../StdPeriph_Driver/src/stm32f4xx_usart.c"
Finished building: ../StdPeriph_Driver/src/stm32f4xx_usart.c
 
Building file: ../StdPeriph_Driver/src/stm32f4xx_wwdg.c
Invoking: MCU GCC Compiler
%cd%
arm-none-eabi-gcc -mcpu=cortex-m4 -mthumb -mfloat-abi=hard -mfpu=fpv4-sp-d16 -DSTM32F446RETx -DNUCLEO_F446RE -DSTM32F4 -DSTM32 -DUSE_STDPERIPH_DRIVER -DSTM32F446xx -I"C:/Users/winstona/Documents/CE4020/nucleo-f446re_stdperiph_lib/CMSIS/core" -I"C:/Users/winstona/Documents/CE4020/nucleo-f446re_stdperiph_lib/CMSIS/device" -I"C:/Users/winstona/Documents/CE4020/nucleo-f446re_stdperiph_lib/StdPeriph_Driver/inc" -O0 -g3 -Wall -fmessage-length=0 -ffunction-sections -c -MMD -MP -MF"StdPeriph_Driver/src/stm32f4xx_wwdg.d" -MT"StdPeriph_Driver/src/stm32f4xx_wwdg.o" -o "StdPeriph_Driver/src/stm32f4xx_wwdg.o" "../StdPeriph_Driver/src/stm32f4xx_wwdg.c"
Finished building: ../StdPeriph_Driver/src/stm32f4xx_wwdg.c
 
Building target: libnucleo-f446re_stdperiph_lib.a
Invoking: MCU GCC Archiver
arm-none-eabi-ar -r  "libnucleo-f446re_stdperiph_lib.a" @"objects.list"  
c:\Ac6\SystemWorkbench\plugins\fr.ac6.mcu.externaltools.arm-none.win32_1.7.0.201602121829\tools\compiler\bin\arm-none-eabi-ar.exe: creating libnucleo-f446re_stdperiph_lib.a
Finished building target: libnucleo-f446re_stdperiph_lib.a
 
13:15:36 **** Build of configuration Debug for project DAC ****
make all 
Building file: ../startup/startup_stm32.s
Invoking: MCU GCC Assembler
%cd%
arm-none-eabi-as -mcpu=cortex-m4 -mthumb -mfloat-abi=hard -mfpu=fpv4-sp-d16 -I"C:/Users/winstona/Documents/CE4020/nucleo-f446re_stdperiph_lib" -I"C:/Users/winstona/Documents/CE4020/DAC/inc" -I"C:/Users/winstona/Documents/CE4020/nucleo-f446re_stdperiph_lib/CMSIS/core" -I"C:/Users/winstona/Documents/CE4020/nucleo-f446re_stdperiph_lib/CMSIS/device" -I"C:/Users/winstona/Documents/CE4020/nucleo-f446re_stdperiph_lib/StdPeriph_Driver/inc" -g -o "startup/startup_stm32.o" "../startup/startup_stm32.s"
Finished building: ../startup/startup_stm32.s
 
Building file: ../src/main.c
Invoking: MCU GCC Compiler
%cd%
arm-none-eabi-gcc -mcpu=cortex-m4 -mthumb -mfloat-abi=hard -mfpu=fpv4-sp-d16 -DSTM32F446RETx -DNUCLEO_F446RE -DSTM32F4 -DSTM32 -DDEBUG -DUSE_STDPERIPH_DRIVER -DSTM32F446xx -I"C:/Users/winstona/Documents/CE4020/nucleo-f446re_stdperiph_lib" -I"C:/Users/winstona/Documents/CE4020/DAC/inc" -I"C:/Users/winstona/Documents/CE4020/nucleo-f446re_stdperiph_lib/CMSIS/core" -I"C:/Users/winstona/Documents/CE4020/nucleo-f446re_stdperiph_lib/CMSIS/device" -I"C:/Users/winstona/Documents/CE4020/nucleo-f446re_stdperiph_lib/StdPeriph_Driver/inc" -O0 -g3 -Wall -fmessage-length=0 -ffunction-sections -c -MMD -MP -MF"src/main.d" -MT"src/main.o" -o "src/main.o" "../src/main.c"
../src/main.c: In function 'init':
../src/main.c:48:2: warning: implicit declaration of function 'initI2s' [-Wimplicit-function-declaration]
  initI2s();
  ^
../src/main.c: In function 'initI2sPins':
../src/main.c:60:2: warning: implicit declaration of function 'GPIO_Struct_Init' [-Wimplicit-function-declaration]
  GPIO_Struct_Init(&i2sPortSettings);
  ^
../src/main.c: In function 'initI2c':
../src/main.c:24:25: error: 'GPIO_Pin_SD_I2C_SCL' undeclared (first use in this function)
 #define SD_I2C_SCL_PIN (GPIO_Pin_##SD_I2C_SCL)
                         ^
../src/main.c:78:29: note: in expansion of macro 'SD_I2C_SCL_PIN'
  i2cPortSettings.GPIO_Pin = SD_I2C_SCL_PIN | SD_I2C_SDA_PIN;
                             ^
../src/main.c:24:25: note: each undeclared identifier is reported only once for each function it appears in
 #define SD_I2C_SCL_PIN (GPIO_Pin_##SD_I2C_SCL)
                         ^
../src/main.c:78:29: note: in expansion of macro 'SD_I2C_SCL_PIN'
  i2cPortSettings.GPIO_Pin = SD_I2C_SCL_PIN | SD_I2C_SDA_PIN;
                             ^
make: *** [src/main.o] Error 1
13:21:59 **** Incremental Build of configuration Debug for project nucleo-f446re_stdperiph_lib ****
make all 
make: Nothing to be done for `all'.
13:21:59 **** Incremental Build of configuration Debug for project DAC ****
make all 
Building file: ../src/main.c
Invoking: MCU GCC Compiler
%cd%
arm-none-eabi-gcc -mcpu=cortex-m4 -mthumb -mfloat-abi=hard -mfpu=fpv4-sp-d16 -DSTM32F446RETx -DNUCLEO_F446RE -DSTM32F4 -DSTM32 -DDEBUG -DUSE_STDPERIPH_DRIVER -DSTM32F446xx -I"C:/Users/winstona/Documents/CE4020/nucleo-f446re_stdperiph_lib" -I"C:/Users/winstona/Documents/CE4020/DAC/inc" -I"C:/Users/winstona/Documents/CE4020/nucleo-f446re_stdperiph_lib/CMSIS/core" -I"C:/Users/winstona/Documents/CE4020/nucleo-f446re_stdperiph_lib/CMSIS/device" -I"C:/Users/winstona/Documents/CE4020/nucleo-f446re_stdperiph_lib/StdPeriph_Driver/inc" -O0 -g3 -Wall -fmessage-length=0 -ffunction-sections -c -MMD -MP -MF"src/main.d" -MT"src/main.o" -o "src/main.o" "../src/main.c"
../src/main.c: In function 'init':
../src/main.c:48:2: warning: implicit declaration of function 'initI2s' [-Wimplicit-function-declaration]
  initI2s();
  ^
../src/main.c: In function 'initI2sPins':
../src/main.c:60:2: warning: implicit declaration of function 'GPIO_Struct_Init' [-Wimplicit-function-declaration]
  GPIO_Struct_Init(&i2sPortSettings);
  ^
Finished building: ../src/main.c
 
Building file: ../src/syscalls.c
Invoking: MCU GCC Compiler
%cd%
arm-none-eabi-gcc -mcpu=cortex-m4 -mthumb -mfloat-abi=hard -mfpu=fpv4-sp-d16 -DSTM32F446RETx -DNUCLEO_F446RE -DSTM32F4 -DSTM32 -DDEBUG -DUSE_STDPERIPH_DRIVER -DSTM32F446xx -I"C:/Users/winstona/Documents/CE4020/nucleo-f446re_stdperiph_lib" -I"C:/Users/winstona/Documents/CE4020/DAC/inc" -I"C:/Users/winstona/Documents/CE4020/nucleo-f446re_stdperiph_lib/CMSIS/core" -I"C:/Users/winstona/Documents/CE4020/nucleo-f446re_stdperiph_lib/CMSIS/device" -I"C:/Users/winstona/Documents/CE4020/nucleo-f446re_stdperiph_lib/StdPeriph_Driver/inc" -O0 -g3 -Wall -fmessage-length=0 -ffunction-sections -c -MMD -MP -MF"src/syscalls.d" -MT"src/syscalls.o" -o "src/syscalls.o" "../src/syscalls.c"
Finished building: ../src/syscalls.c
 
Building file: ../src/system_stm32f4xx.c
Invoking: MCU GCC Compiler
%cd%
arm-none-eabi-gcc -mcpu=cortex-m4 -mthumb -mfloat-abi=hard -mfpu=fpv4-sp-d16 -DSTM32F446RETx -DNUCLEO_F446RE -DSTM32F4 -DSTM32 -DDEBUG -DUSE_STDPERIPH_DRIVER -DSTM32F446xx -I"C:/Users/winstona/Documents/CE4020/nucleo-f446re_stdperiph_lib" -I"C:/Users/winstona/Documents/CE4020/DAC/inc" -I"C:/Users/winstona/Documents/CE4020/nucleo-f446re_stdperiph_lib/CMSIS/core" -I"C:/Users/winstona/Documents/CE4020/nucleo-f446re_stdperiph_lib/CMSIS/device" -I"C:/Users/winstona/Documents/CE4020/nucleo-f446re_stdperiph_lib/StdPeriph_Driver/inc" -O0 -g3 -Wall -fmessage-length=0 -ffunction-sections -c -MMD -MP -MF"src/system_stm32f4xx.d" -MT"src/system_stm32f4xx.o" -o "src/system_stm32f4xx.o" "../src/system_stm32f4xx.c"
Finished building: ../src/system_stm32f4xx.c
 
Building target: DAC.elf
Invoking: MCU GCC Linker
arm-none-eabi-gcc -mcpu=cortex-m4 -mthumb -mfloat-abi=hard -mfpu=fpv4-sp-d16 -L"C:\Users\winstona\Documents\CE4020\nucleo-f446re_stdperiph_lib\Debug" -T"C:\Users\winstona\Documents\CE4020\DAC\LinkerScript.ld" -Wl,-Map=output.map -Wl,--gc-sections -lm -o "DAC.elf" @"objects.list"  -lnucleo-f446re_stdperiph_lib
src/main.o: In function `init':
C:\Users\winstona\Documents\CE4020\DAC\Debug/../src/main.c:48: undefined reference to `initI2s'
src/main.o: In function `initI2c':
C:\Users\winstona\Documents\CE4020\DAC\Debug/../src/main.c:77: undefined reference to `GPIO_Struct_Init'
collect2.exe: error: ld returned 1 exit status
make: *** [DAC.elf] Error 1
13:22:55 **** Incremental Build of configuration Debug for project nucleo-f446re_stdperiph_lib ****
make all 
make: Nothing to be done for `all'.
13:22:56 **** Incremental Build of configuration Debug for project DAC ****
make all 
Building file: ../src/main.c
Invoking: MCU GCC Compiler
%cd%
arm-none-eabi-gcc -mcpu=cortex-m4 -mthumb -mfloat-abi=hard -mfpu=fpv4-sp-d16 -DSTM32F446RETx -DNUCLEO_F446RE -DSTM32F4 -DSTM32 -DDEBUG -DUSE_STDPERIPH_DRIVER -DSTM32F446xx -I"C:/Users/winstona/Documents/CE4020/nucleo-f446re_stdperiph_lib" -I"C:/Users/winstona/Documents/CE4020/DAC/inc" -I"C:/Users/winstona/Documents/CE4020/nucleo-f446re_stdperiph_lib/CMSIS/core" -I"C:/Users/winstona/Documents/CE4020/nucleo-f446re_stdperiph_lib/CMSIS/device" -I"C:/Users/winstona/Documents/CE4020/nucleo-f446re_stdperiph_lib/StdPeriph_Driver/inc" -O0 -g3 -Wall -fmessage-length=0 -ffunction-sections -c -MMD -MP -MF"src/main.d" -MT"src/main.o" -o "src/main.o" "../src/main.c"
../src/main.c: In function 'init':
../src/main.c:48:2: warning: implicit declaration of function 'initI2s' [-Wimplicit-function-declaration]
  initI2s();
  ^
../src/main.c: In function 'initI2sPins':
../src/main.c:60:2: warning: implicit declaration of function 'GPIO_Struct_Init' [-Wimplicit-function-declaration]
  GPIO_Struct_Init(&i2sPortSettings);
  ^
Finished building: ../src/main.c
 
Building target: DAC.elf
Invoking: MCU GCC Linker
arm-none-eabi-gcc -mcpu=cortex-m4 -mthumb -mfloat-abi=hard -mfpu=fpv4-sp-d16 -L"C:\Users\winstona\Documents\CE4020\nucleo-f446re_stdperiph_lib\Debug" -T"C:\Users\winstona\Documents\CE4020\DAC\LinkerScript.ld" -Wl,-Map=output.map -Wl,--gc-sections -lm -o "DAC.elf" @"objects.list"  -lnucleo-f446re_stdperiph_lib
src/main.o: In function `init':
C:\Users\winstona\Documents\CE4020\DAC\Debug/../src/main.c:48: undefined reference to `initI2s'
src/main.o: In function `initI2c':
C:\Users\winstona\Documents\CE4020\DAC\Debug/../src/main.c:77: undefined reference to `GPIO_Struct_Init'
collect2.exe: error: ld returned 1 exit status
make: *** [DAC.elf] Error 1
13:23:19 **** Incremental Build of configuration Debug for project nucleo-f446re_stdperiph_lib ****
make all 
make: Nothing to be done for `all'.
13:23:19 **** Incremental Build of configuration Debug for project DAC ****
make all 
Building file: ../src/main.c
Invoking: MCU GCC Compiler
%cd%
arm-none-eabi-gcc -mcpu=cortex-m4 -mthumb -mfloat-abi=hard -mfpu=fpv4-sp-d16 -DSTM32F446RETx -DNUCLEO_F446RE -DSTM32F4 -DSTM32 -DDEBUG -DUSE_STDPERIPH_DRIVER -DSTM32F446xx -I"C:/Users/winstona/Documents/CE4020/nucleo-f446re_stdperiph_lib" -I"C:/Users/winstona/Documents/CE4020/DAC/inc" -I"C:/Users/winstona/Documents/CE4020/nucleo-f446re_stdperiph_lib/CMSIS/core" -I"C:/Users/winstona/Documents/CE4020/nucleo-f446re_stdperiph_lib/CMSIS/device" -I"C:/Users/winstona/Documents/CE4020/nucleo-f446re_stdperiph_lib/StdPeriph_Driver/inc" -O0 -g3 -Wall -fmessage-length=0 -ffunction-sections -c -MMD -MP -MF"src/main.d" -MT"src/main.o" -o "src/main.o" "../src/main.c"
../src/main.c: In function 'init':
../src/main.c:49:2: warning: implicit declaration of function 'initI2s' [-Wimplicit-function-declaration]
  initI2s();
  ^
../src/main.c: In function 'initI2sPins':
../src/main.c:61:2: warning: implicit declaration of function 'GPIO_Struct_Init' [-Wimplicit-function-declaration]
  GPIO_Struct_Init(&i2sPortSettings);
  ^
Finished building: ../src/main.c
 
Building target: DAC.elf
Invoking: MCU GCC Linker
arm-none-eabi-gcc -mcpu=cortex-m4 -mthumb -mfloat-abi=hard -mfpu=fpv4-sp-d16 -L"C:\Users\winstona\Documents\CE4020\nucleo-f446re_stdperiph_lib\Debug" -T"C:\Users\winstona\Documents\CE4020\DAC\LinkerScript.ld" -Wl,-Map=output.map -Wl,--gc-sections -lm -o "DAC.elf" @"objects.list"  -lnucleo-f446re_stdperiph_lib
src/main.o: In function `init':
C:\Users\winstona\Documents\CE4020\DAC\Debug/../src/main.c:49: undefined reference to `initI2s'
src/main.o: In function `initI2c':
C:\Users\winstona\Documents\CE4020\DAC\Debug/../src/main.c:78: undefined reference to `GPIO_Struct_Init'
collect2.exe: error: ld returned 1 exit status
make: *** [DAC.elf] Error 1
13:24:09 **** Incremental Build of configuration Debug for project nucleo-f446re_stdperiph_lib ****
make all 
make: Nothing to be done for `all'.
13:24:10 **** Incremental Build of configuration Debug for project DAC ****
make all 
Building file: ../src/main.c
Invoking: MCU GCC Compiler
%cd%
arm-none-eabi-gcc -mcpu=cortex-m4 -mthumb -mfloat-abi=hard -mfpu=fpv4-sp-d16 -DSTM32F446RETx -DNUCLEO_F446RE -DSTM32F4 -DSTM32 -DDEBUG -DUSE_STDPERIPH_DRIVER -DSTM32F446xx -I"C:/Users/winstona/Documents/CE4020/nucleo-f446re_stdperiph_lib" -I"C:/Users/winstona/Documents/CE4020/DAC/inc" -I"C:/Users/winstona/Documents/CE4020/nucleo-f446re_stdperiph_lib/CMSIS/core" -I"C:/Users/winstona/Documents/CE4020/nucleo-f446re_stdperiph_lib/CMSIS/device" -I"C:/Users/winstona/Documents/CE4020/nucleo-f446re_stdperiph_lib/StdPeriph_Driver/inc" -O0 -g3 -Wall -fmessage-length=0 -ffunction-sections -c -MMD -MP -MF"src/main.d" -MT"src/main.o" -o "src/main.o" "../src/main.c"
../src/main.c: In function 'init':
../src/main.c:48:2: warning: implicit declaration of function 'initI2s' [-Wimplicit-function-declaration]
  initI2s();
  ^
Finished building: ../src/main.c
 
Building target: DAC.elf
Invoking: MCU GCC Linker
arm-none-eabi-gcc -mcpu=cortex-m4 -mthumb -mfloat-abi=hard -mfpu=fpv4-sp-d16 -L"C:\Users\winstona\Documents\CE4020\nucleo-f446re_stdperiph_lib\Debug" -T"C:\Users\winstona\Documents\CE4020\DAC\LinkerScript.ld" -Wl,-Map=output.map -Wl,--gc-sections -lm -o "DAC.elf" @"objects.list"  -lnucleo-f446re_stdperiph_lib
src/main.o: In function `init':
C:\Users\winstona\Documents\CE4020\DAC\Debug/../src/main.c:48: undefined reference to `initI2s'
collect2.exe: error: ld returned 1 exit status
make: *** [DAC.elf] Error 1
13:24:38 **** Incremental Build of configuration Debug for project nucleo-f446re_stdperiph_lib ****
make all 
make: Nothing to be done for `all'.
13:24:38 **** Incremental Build of configuration Debug for project DAC ****
make all 
Building file: ../src/main.c
Invoking: MCU GCC Compiler
%cd%
arm-none-eabi-gcc -mcpu=cortex-m4 -mthumb -mfloat-abi=hard -mfpu=fpv4-sp-d16 -DSTM32F446RETx -DNUCLEO_F446RE -DSTM32F4 -DSTM32 -DDEBUG -DUSE_STDPERIPH_DRIVER -DSTM32F446xx -I"C:/Users/winstona/Documents/CE4020/nucleo-f446re_stdperiph_lib" -I"C:/Users/winstona/Documents/CE4020/DAC/inc" -I"C:/Users/winstona/Documents/CE4020/nucleo-f446re_stdperiph_lib/CMSIS/core" -I"C:/Users/winstona/Documents/CE4020/nucleo-f446re_stdperiph_lib/CMSIS/device" -I"C:/Users/winstona/Documents/CE4020/nucleo-f446re_stdperiph_lib/StdPeriph_Driver/inc" -O0 -g3 -Wall -fmessage-length=0 -ffunction-sections -c -MMD -MP -MF"src/main.d" -MT"src/main.o" -o "src/main.o" "../src/main.c"
Finished building: ../src/main.c
 
Building target: DAC.elf
Invoking: MCU GCC Linker
arm-none-eabi-gcc -mcpu=cortex-m4 -mthumb -mfloat-abi=hard -mfpu=fpv4-sp-d16 -L"C:\Users\winstona\Documents\CE4020\nucleo-f446re_stdperiph_lib\Debug" -T"C:\Users\winstona\Documents\CE4020\DAC\LinkerScript.ld" -Wl,-Map=output.map -Wl,--gc-sections -lm -o "DAC.elf" @"objects.list"  -lnucleo-f446re_stdperiph_lib
Finished building target: DAC.elf
 
make --no-print-directory post-build
Generating binary and Printing size information:
arm-none-eabi-objcopy -O binary "DAC.elf" "DAC.bin"
arm-none-eabi-size "DAC.elf"
   text	   data	    bss	    dec	    hex	filename
   2116	   1076	   1056	   4248	   1098	DAC.elf
 
11:26:12 **** Incremental Build of configuration Debug for project nucleo-f446re_stdperiph_lib ****
make all 
make: Nothing to be done for `all'.
11:26:13 **** Incremental Build of configuration Debug for project DAC ****
make all 
Building file: ../src/main.c
Invoking: MCU GCC Compiler
%cd%
arm-none-eabi-gcc -mcpu=cortex-m4 -mthumb -mfloat-abi=hard -mfpu=fpv4-sp-d16 -DSTM32F446RETx -DNUCLEO_F446RE -DSTM32F4 -DSTM32 -DDEBUG -DUSE_STDPERIPH_DRIVER -DSTM32F446xx -I"C:/Users/winstona/Documents/CE4020/nucleo-f446re_stdperiph_lib" -I"C:/Users/winstona/Documents/CE4020/DAC/inc" -I"C:/Users/winstona/Documents/CE4020/nucleo-f446re_stdperiph_lib/CMSIS/core" -I"C:/Users/winstona/Documents/CE4020/nucleo-f446re_stdperiph_lib/CMSIS/device" -I"C:/Users/winstona/Documents/CE4020/nucleo-f446re_stdperiph_lib/StdPeriph_Driver/inc" -O0 -g3 -Wall -fmessage-length=0 -ffunction-sections -c -MMD -MP -MF"src/main.d" -MT"src/main.o" -o "src/main.o" "../src/main.c"
Finished building: ../src/main.c
 
Building file: ../src/tlv_dac.c
Invoking: MCU GCC Compiler
%cd%
arm-none-eabi-gcc -mcpu=cortex-m4 -mthumb -mfloat-abi=hard -mfpu=fpv4-sp-d16 -DSTM32F446RETx -DNUCLEO_F446RE -DSTM32F4 -DSTM32 -DDEBUG -DUSE_STDPERIPH_DRIVER -DSTM32F446xx -I"C:/Users/winstona/Documents/CE4020/nucleo-f446re_stdperiph_lib" -I"C:/Users/winstona/Documents/CE4020/DAC/inc" -I"C:/Users/winstona/Documents/CE4020/nucleo-f446re_stdperiph_lib/CMSIS/core" -I"C:/Users/winstona/Documents/CE4020/nucleo-f446re_stdperiph_lib/CMSIS/device" -I"C:/Users/winstona/Documents/CE4020/nucleo-f446re_stdperiph_lib/StdPeriph_Driver/inc" -O0 -g3 -Wall -fmessage-length=0 -ffunction-sections -c -MMD -MP -MF"src/tlv_dac.d" -MT"src/tlv_dac.o" -o "src/tlv_dac.o" "../src/tlv_dac.c"
../src/tlv_dac.c: In function 'tlv_dac_init':
../src/tlv_dac.c:38:2: warning: implicit declaration of function 'initI2sPins' [-Wimplicit-function-declaration]
  initI2sPins();
  ^
../src/tlv_dac.c:39:2: warning: implicit declaration of function 'initI2c' [-Wimplicit-function-declaration]
  initI2c();
  ^
../src/tlv_dac.c: At top level:
../src/tlv_dac.c:46:13: warning: '_tlv_dac_initI2sPins' defined but not used [-Wunused-function]
 static void _tlv_dac_initI2sPins()
             ^
../src/tlv_dac.c:64:13: warning: '_tlv_dac_initI2cPins' defined but not used [-Wunused-function]
 static void _tlv_dac_initI2cPins()
             ^
../src/tlv_dac.c:84:13: warning: '_tlv_dac_initRegisters' defined but not used [-Wunused-function]
 static void _tlv_dac_initRegisters()
             ^
Finished building: ../src/tlv_dac.c
 
Building target: DAC.elf
Invoking: MCU GCC Linker
arm-none-eabi-gcc -mcpu=cortex-m4 -mthumb -mfloat-abi=hard -mfpu=fpv4-sp-d16 -L"C:\Users\winstona\Documents\CE4020\nucleo-f446re_stdperiph_lib\Debug" -T"C:\Users\winstona\Documents\CE4020\DAC\LinkerScript.ld" -Wl,-Map=output.map -Wl,--gc-sections -lm -o "DAC.elf" @"objects.list"  -lnucleo-f446re_stdperiph_lib
src/tlv_dac.o: In function `tlv_dac_init':
C:\Users\winstona\Documents\CE4020\DAC\Debug/../src/tlv_dac.c:38: undefined reference to `initI2sPins'
C:\Users\winstona\Documents\CE4020\DAC\Debug/../src/tlv_dac.c:39: undefined reference to `initI2c'
collect2.exe: error: ld returned 1 exit status
make: *** [DAC.elf] Error 1
11:26:35 **** Incremental Build of configuration Debug for project nucleo-f446re_stdperiph_lib ****
make all 
make: Nothing to be done for `all'.
11:26:35 **** Incremental Build of configuration Debug for project DAC ****
make all 
Building file: ../src/tlv_dac.c
Invoking: MCU GCC Compiler
%cd%
arm-none-eabi-gcc -mcpu=cortex-m4 -mthumb -mfloat-abi=hard -mfpu=fpv4-sp-d16 -DSTM32F446RETx -DNUCLEO_F446RE -DSTM32F4 -DSTM32 -DDEBUG -DUSE_STDPERIPH_DRIVER -DSTM32F446xx -I"C:/Users/winstona/Documents/CE4020/nucleo-f446re_stdperiph_lib" -I"C:/Users/winstona/Documents/CE4020/DAC/inc" -I"C:/Users/winstona/Documents/CE4020/nucleo-f446re_stdperiph_lib/CMSIS/core" -I"C:/Users/winstona/Documents/CE4020/nucleo-f446re_stdperiph_lib/CMSIS/device" -I"C:/Users/winstona/Documents/CE4020/nucleo-f446re_stdperiph_lib/StdPeriph_Driver/inc" -O0 -g3 -Wall -fmessage-length=0 -ffunction-sections -c -MMD -MP -MF"src/tlv_dac.d" -MT"src/tlv_dac.o" -o "src/tlv_dac.o" "../src/tlv_dac.c"
../src/tlv_dac.c:84:13: warning: '_tlv_dac_initRegisters' defined but not used [-Wunused-function]
 static void _tlv_dac_initRegisters()
             ^
Finished building: ../src/tlv_dac.c
 
Building target: DAC.elf
Invoking: MCU GCC Linker
arm-none-eabi-gcc -mcpu=cortex-m4 -mthumb -mfloat-abi=hard -mfpu=fpv4-sp-d16 -L"C:\Users\winstona\Documents\CE4020\nucleo-f446re_stdperiph_lib\Debug" -T"C:\Users\winstona\Documents\CE4020\DAC\LinkerScript.ld" -Wl,-Map=output.map -Wl,--gc-sections -lm -o "DAC.elf" @"objects.list"  -lnucleo-f446re_stdperiph_lib
Finished building target: DAC.elf
 
make --no-print-directory post-build
Generating binary and Printing size information:
arm-none-eabi-objcopy -O binary "DAC.elf" "DAC.bin"
arm-none-eabi-size "DAC.elf"
   text	   data	    bss	    dec	    hex	filename
   2196	   1076	   1056	   4328	   10e8	DAC.elf
 
